 libEGL

 Timestamp is e5f8229b                           

 Preferred load address is 10000000

 Start         Length     Name                   Class
 0001:00000000 000005b1H .rdata                  CODE
 0001:000005b4 00000023H .rdata$debug            CODE
 0001:000005d8 00005794H .text                   CODE
 0001:00005d6c 00000028H .idata$2                CODE
 0001:00005d94 00000014H .idata$3                CODE
 0001:00005da8 00000048H .idata$4                CODE
 0001:00005df0 0000002aH .idata$6                CODE
 0001:00005e20 000005e0H .edata                  CODE
 0002:00000000 00000048H .idata$5                DATA
 0002:00000048 00000004H .CRT$XCA                DATA
 0002:0000004c 00000004H .CRT$XCZ                DATA
 0002:00000050 00000004H .CRT$XIA                DATA
 0002:00000054 00000004H .CRT$XIZ                DATA
 0002:00000058 00000004H .CRT$XPA                DATA
 0002:0000005c 00000004H .CRT$XPZ                DATA
 0002:00000060 00000004H .CRT$XTA                DATA
 0002:00000064 00000004H .CRT$XTZ                DATA
 0002:00000068 000007f4H .data                   DATA
 0002:00000860 000001e4H .bss                    DATA
 0003:00000000 000002d0H .pdata                  DATA

  Address         Publics by Value              Rva+Base     Lib:Object

 0000:00000000       ___safe_se_handler_count   00000000     <absolute>
 0000:00000000       ___safe_se_handler_table   00000000     <absolute>
 0001:0000001c       ??_C@_09DLBCEAMC@OpenGL_ES?$AA@ 1000101c     egl.obj
 0001:00000028       ??_C@_06IGNANLBN@OpenVG?$AA@ 10001028     egl.obj
 0001:0000002f       ??_C@_00CNPNBAHC@?$AA@     1000102f     egl.obj
 0001:00000030       ??_C@_05GJLIMFAH@HUONE?$AA@ 10001030     egl.obj
 0001:00000038       ??_C@_03FAJELBPN@1?43?$AA@ 10001038     egl.obj
 0001:0000003c       ??_C@_0BD@BMHBHCAJ@eglDestroyImageKHR?$AA@ 1000103c     egl.obj
 0001:00000050       ??_C@_0BC@LFHEJBKG@eglCreateImageKHR?$AA@ 10001050     egl.obj
 0001:00000064       ??_C@_0BE@MPKKGPKG@eglUnlockSurfaceKHR?$AA@ 10001064     egl.obj
 0001:00000078       ??_C@_0BC@JIPADCED@eglLockSurfaceKHR?$AA@ 10001078     egl.obj
 0001:0000008c       ??_C@_1BK@PJOONKNK@?$AAL?$AAo?$AAc?$AAk?$AA?5?$AAF?$AAA?$AAI?$AAL?$AAE?$AAD?$AA?6?$AA?$AA@ 1000108c     platform.obj
 0001:000000a8       ??_C@_1CM@OFDKGMAK@?$AAC?$AAr?$AAe?$AAa?$AAt?$AAe?$AAS?$AAu?$AAr?$AAf?$AAa?$AAc?$AAe?$AA?5?$AAF?$AAA?$AAI?$AAL?$AAE?$AAD@ 100010a8     platform.obj
 0001:000000d8       ??_C@_1FG@LNLGPJEF@?$AAD?$AAD?$AAE?$AAR?$AAR?$AA_?$AAP?$AAR?$AAI?$AAM?$AAA?$AAR?$AAY?$AAS?$AAU?$AAR?$AAF?$AAA?$AAC?$AAE@ 100010d8     platform.obj
 0001:00000130       ??_C@_1EA@PCNOMHCG@?$AAD?$AAD?$AAE?$AAR?$AAR?$AA_?$AAO?$AAU?$AAT?$AAO?$AAF?$AAV?$AAI?$AAD?$AAE?$AAO?$AAM?$AAE?$AAM?$AAO@ 10001130     platform.obj
 0001:00000170       ??_C@_1DG@NEBCDKMD@?$AAD?$AAD?$AAE?$AAR?$AAR?$AA_?$AAN?$AAO?$AAO?$AAV?$AAE?$AAR?$AAL?$AAA?$AAY?$AAH?$AAW?$AA?5?$AAF?$AAA@ 10001170     platform.obj
 0001:000001a8       ??_C@_1DA@BAPMHKAK@?$AAD?$AAD?$AAE?$AAR?$AAR?$AA_?$AAN?$AAO?$AAF?$AAL?$AAI?$AAP?$AAH?$AAW?$AA?5?$AAF?$AAA?$AAI?$AAL?$AAE@ 100011a8     platform.obj
 0001:000001d8       ??_C@_1EK@DDIFHCDI@?$AAD?$AAD?$AAE?$AAR?$AAR?$AA_?$AAN?$AAO?$AAC?$AAO?$AAO?$AAP?$AAE?$AAR?$AAA?$AAT?$AAI?$AAV?$AAE?$AAL@ 100011d8     platform.obj
 0001:00000224       ??_C@_1DC@PMLHNLAE@?$AAD?$AAD?$AAE?$AAR?$AAR?$AA_?$AAN?$AAO?$AAA?$AAL?$AAP?$AAH?$AAA?$AAH?$AAW?$AA?5?$AAF?$AAA?$AAI?$AAL@ 10001224     platform.obj
 0001:00000258       ??_C@_1EE@GNFHEKIL@?$AAD?$AAD?$AAE?$AAR?$AAR?$AA_?$AAI?$AAN?$AAV?$AAA?$AAL?$AAI?$AAD?$AAP?$AAI?$AAX?$AAE?$AAL?$AAF?$AAO@ 10001258     platform.obj
 0001:0000029c       ??_C@_1DK@FJPIPMAO@?$AAD?$AAD?$AAE?$AAR?$AAR?$AA_?$AAI?$AAN?$AAV?$AAA?$AAL?$AAI?$AAD?$AAO?$AAB?$AAJ?$AAE?$AAC?$AAT?$AA?5@ 1000129c     platform.obj
 0001:000002d8       ??_C@_1DG@EBKAEBBJ@?$AAD?$AAD?$AAE?$AAR?$AAR?$AA_?$AAI?$AAN?$AAV?$AAA?$AAL?$AAI?$AAD?$AAC?$AAA?$AAP?$AAS?$AA?5?$AAF?$AAA@ 100012d8     platform.obj
 0001:00000310       ??_C@_1EG@DDPFOONE@?$AAD?$AAD?$AAE?$AAR?$AAR?$AA_?$AAI?$AAN?$AAC?$AAO?$AAM?$AAP?$AAA?$AAT?$AAI?$AAB?$AAL?$AAE?$AAP?$AAR@ 10001310     platform.obj
 0001:00000358       ??_C@_1DK@ECOBELCM@?$AAS?$AAe?$AAt?$AAC?$AAo?$AAo?$AAp?$AAe?$AAr?$AAa?$AAt?$AAi?$AAv?$AAe?$AAL?$AAe?$AAv?$AAe?$AAl?$AA?5@ 10001358     platform.obj
 0001:00000394       ??_C@_1DE@INJBNMOL@?$AAD?$AAi?$AAr?$AAe?$AAc?$AAt?$AAD?$AAr?$AAa?$AAw?$AAC?$AAr?$AAe?$AAa?$AAt?$AAe?$AA?5?$AAF?$AAA?$AAI@ 10001394     platform.obj
 0001:000003c8       ??_C@_1DG@DLLODPLK@?$AAD?$AAD?$AAE?$AAR?$AAR?$AA_?$AAO?$AAU?$AAT?$AAO?$AAF?$AAM?$AAE?$AAM?$AAO?$AAR?$AAY?$AA?5?$AAF?$AAA@ 100013c8     platform.obj
 0001:00000400       ??_C@_1DK@GAAMGOHG@?$AAD?$AAD?$AAE?$AAR?$AAR?$AA_?$AAI?$AAN?$AAV?$AAA?$AAL?$AAI?$AAD?$AAP?$AAA?$AAR?$AAA?$AAM?$AAS?$AA?5@ 10001400     platform.obj
 0001:0000043c       ??_C@_1CO@KCIKFEHE@?$AAD?$AAD?$AAE?$AAR?$AAR?$AA_?$AAG?$AAE?$AAN?$AAE?$AAR?$AAI?$AAC?$AA?5?$AAF?$AAA?$AAI?$AAL?$AAE?$AAD@ 1000143c     platform.obj
 0001:00000470       ??_C@_1FA@PIBNMCOJ@?$AAD?$AAD?$AAE?$AAR?$AAR?$AA_?$AAD?$AAI?$AAR?$AAE?$AAC?$AAT?$AAD?$AAR?$AAA?$AAW?$AAA?$AAL?$AAR?$AAE@ 10001470     platform.obj
 0001:000004c0       ??_C@_0DE@EDKNIKDI@?$FLEGL?$FN?5Buffer?5Allocator?5unable?5to@ 100014c0     sec_gles_2_0.obj
 0001:000004f4       ??_C@_1DK@OEHPDFMH@?$AA?5?$AAC?$AAr?$AAe?$AAa?$AAt?$AAe?$AA?5?$AAF?$AAi?$AAl?$AAe?$AA?5?$AAF?$AAa?$AAi?$AAl?$AAe?$AAd?$AA?5@ 100014f4     sec_driver.obj
 0001:00000530       ??_C@_1M@HFJKIAIF@?$AAG?$AAL?$AAE?$AA1?$AA?3?$AA?$AA@ 10001530     sec_driver.obj
 0001:0000053c       ??_C@_0BL@NJMNGICN@?$FLSLSIPixmap?$FN?5Invalid?5Size?6?$AA@ 1000153c     SLSIpixmap.obj
 0001:00000558       ??_C@_0CF@NOPKIMFL@?$FLSLSIPixmap?$FN?5Buffer?5is?5not?5alloa@ 10001558     SLSIpixmap.obj
 0001:00000580       ??_C@_0DB@DHHNFNAA@?$FLSLSIPixmap?$FN?5Buffer?5is?5null?4?5It?5@ 10001580     SLSIpixmap.obj
 0001:000005d8       eglGetError                100015d8 f   egl.obj
 0001:00000610       eglGetDisplay              10001610 f   egl.obj
 0001:00000850       eglInitialize              10001850 f   egl.obj
 0001:000009e4       eglQueryString             100019e4 f   egl.obj
 0001:00000bb8       eglGetConfigs              10001bb8 f   egl.obj
 0001:00000d00       eglChooseConfig            10001d00 f   egl.obj
 0001:00001238       eglGetConfigAttrib         10002238 f   egl.obj
 0001:0000148c       eglCreateWindowSurface     1000248c f   egl.obj
 0001:000018ec       eglCreatePbufferSurface    100028ec f   egl.obj
 0001:00001fac       eglCreatePixmapSurface     10002fac f   egl.obj
 0001:000024e0       eglDestroySurface          100034e0 f   egl.obj
 0001:0000263c       eglQuerySurface            1000363c f   egl.obj
 0001:000029f8       eglSurfaceAttrib           100039f8 f   egl.obj
 0001:00002aec       eglBindTexImage            10003aec f   egl.obj
 0001:00002c2c       eglReleaseTexImage         10003c2c f   egl.obj
 0001:00002d6c       eglSwapInterval            10003d6c f   egl.obj
 0001:00002e14       eglCreateContext           10003e14 f   egl.obj
 0001:00003000       eglDestroyContext          10004000 f   egl.obj
 0001:000031c8       eglMakeCurrent             100041c8 f   egl.obj
 0001:00003650       eglGetCurrentContext       10004650 f   egl.obj
 0001:000036c8       eglGetCurrentSurface       100046c8 f   egl.obj
 0001:000037a0       eglGetCurrentDisplay       100047a0 f   egl.obj
 0001:00003818       eglQueryContext            10004818 f   egl.obj
 0001:000039f8       eglWaitNative              100049f8 f   egl.obj
 0001:00003a64       eglSwapBuffers             10004a64 f   egl.obj
 0001:00003c04       eglCopyBuffers             10004c04 f   egl.obj
 0001:00003cc8       eglCreatePbufferFromClientBuffer 10004cc8 f   egl.obj
 0001:00003fc8       eglWaitClient              10004fc8 f   egl.obj
 0001:000040b4       eglBindAPI                 100050b4 f   egl.obj
 0001:00004174       eglQueryAPI                10005174 f   egl.obj
 0001:000041b8       eglReleaseThread           100051b8 f   egl.obj
 0001:00004314       eglGetBackbufferAddress    10005314 f   egl.obj
 0001:00004320       eglLockSurfaceKHR          10005320 f   egl.obj
 0001:000044b4       eglUnlockSurfaceKHR        100054b4 f   egl.obj
 0001:00004538       eglCreateImageKHR          10005538 f   egl.obj
 0001:000046e8       eglDestroyImageKHR         100056e8 f   egl.obj
 0001:000047e0       eglTerminate               100057e0 f   egl.obj
 0001:00004ad4       eglWaitGL                  10005ad4 f   egl.obj
 0001:00004bb4       eglGetProcAddress          10005bb4 f   egl.obj
 0001:00004c7c       eglGLESFreeBuffer          10005c7c f   egl_gles.obj
 0001:00004c8c       eglGLESGetBuffer           10005c8c f   egl_gles.obj
 0001:00004c9c       eglGLESGetBufferAddress    10005c9c f   egl_gles.obj
 0001:00004cac       eglGLESGetPhysicalAddress  10005cac f   egl_gles.obj
 0001:00004cbc       eglGLESSetColorBuffer      10005cbc f   egl_gles.obj
 0001:00004db8       eglGLESCreateContext       10005db8 f   egl_gles.obj
 0001:00004e00       eglGLESSetContext          10005e00 f   egl_gles.obj
 0001:00004e64       eglGLESDestroyContext      10005e64 f   egl_gles.obj
 0001:00004e84       eglGLESBindTexImage        10005e84 f   egl_gles.obj
 0001:00004e94       eglGLESReleaseTexImage     10005e94 f   egl_gles.obj
 0001:00004ea4       eglGLESFinish              10005ea4 f   egl_gles.obj
 0001:00004eb4       eglVGSetColorBuffer        10005eb4 f   egl_vg.obj
 0001:00004eb8       eglVGCreatePbufferFromClientBuffer 10005eb8 f   egl_vg.obj
 0001:00004ec0       eglVGCreateContext         10005ec0 f   egl_vg.obj
 0001:00004ec8       eglVGSetContext            10005ec8 f   egl_vg.obj
 0001:00004ed0       eglVGDestroyContext        10005ed0 f   egl_vg.obj
 0001:00004ed4       eglVGFlush                 10005ed4 f   egl_vg.obj
 0001:00004ed8       eglVGFinish                10005ed8 f   egl_vg.obj
 0001:00004edc       PLATFORM_MALLOC            10005edc f   platform.obj
 0001:00004eec       PLATFORM_FREE              10005eec f   platform.obj
 0001:00004efc       PLATFORM_MEMSET            10005efc f   platform.obj
 0001:00004f0c       PLATFORM_STRCMP            10005f0c f   platform.obj
 0001:00004f1c       PLATFORM_GET_WINDOW_SIZE   10005f1c f   platform.obj
 0001:00004f60       PLATFORM_GET_PIXMAP_SIZE   10005f60 f   platform.obj
 0001:00004f74       PLATFORM_GET_PIXMAP_ADDR   10005f74 f   platform.obj
 0001:00004f88       PLATFORM_DISPLAY_BUFFER    10005f88 f   platform.obj
 0001:00005014       PLATFORM_COPY_BUFFER       10006014 f   platform.obj
 0001:0000503c       PLATFORM_GET_WINDOW_BUFFER 1000603c f   platform.obj
 0001:00005468       PLATFORM_RELEASE_WINDOW_BUFFER 10006468 f   platform.obj
 0001:000054c0       GLESGetBuffer              100064c0 f   sec_gles_2_0.obj
 0001:00005544       GLESFreeBuffer             10006544 f   sec_gles_2_0.obj
 0001:00005574       GLESGetBufferAddress       10006574 f   sec_gles_2_0.obj
 0001:000055bc       GLESGetPhysicalAddress     100065bc f   sec_gles_2_0.obj
 0001:000055cc       GLESSetColorBuffer         100065cc f   sec_gles_2_0.obj
 0001:00005644       GLESCreateContext          10006644 f   sec_gles_2_0.obj
 0001:00005688       GLESSetContext             10006688 f   sec_gles_2_0.obj
 0001:000056c4       GLESDestroyContext         100066c4 f   sec_gles_2_0.obj
 0001:000056e8       GLESBindTexImage           100066e8 f   sec_gles_2_0.obj
 0001:000057a4       GLESReleaseTexImage        100067a4 f   sec_gles_2_0.obj
 0001:0000582c       GLESFinish                 1000682c f   sec_gles_2_0.obj
 0001:00005850       InitializeDriver           10006850 f   sec_driver.obj
 0001:000058c8       GetPhysicalAddress         100068c8 f   sec_driver.obj
 0001:00005910       eglGetConfigNum            10006910 f   egl_config.obj
 0001:00005918       eglGetConfigList           10006918 f   egl_config.obj
 0001:00005924       eglAllocatePixmapBufferSLSI 10006924 f   SLSIpixmap.obj
 0001:000059e8       eglFreePixmapBufferSLSI    100069e8 f   SLSIpixmap.obj
 0001:00005a30       malloc                     10006a30 f   coredll:COREDLL.dll
 0001:00005a40       free                       10006a40 f   coredll:COREDLL.dll
 0001:00005a50       memset                     10006a50 f   coredll:COREDLL.dll
 0001:00005a60       memcpy                     10006a60 f   coredll:COREDLL.dll
 0001:00005a70       strncmp                    10006a70 f   coredll:COREDLL.dll
 0001:00005a80       GetClientRect              10006a80 f   coredll:COREDLL.dll
 0001:00005a90       BitBlt                     10006a90 f   coredll:COREDLL.dll
 0001:00005aa0       ??3@YAXPAX@Z               10006aa0 f   coredll:COREDLL.dll
 0001:00005ab0       NKDbgPrintfW               10006ab0 f   coredll:COREDLL.dll
 0001:00005ac0       ??2@YAPAXI@Z               10006ac0 f   coredll:COREDLL.dll
 0001:00005ad0       printf                     10006ad0 f   coredll:COREDLL.dll
 0001:00005ae0       CreateFileW                10006ae0 f   coredll:COREDLL.dll
 0001:00005af0       DeviceIoControl            10006af0 f   coredll:COREDLL.dll
 0001:00005b00       DirectDrawCreate           10006b00 f   ddraw:DDRAW.dll
 0001:00005b10       DllMain                    10006b10 f   corelibc:dllmain.obj
 0001:00005b28       _DllMainCRTStartup         10006b28 f   corelibc:pegdmain.obj
 0001:00005bc0       _cinit                     10006bc0 f   corelibc:crt0dat.obj
 0001:00005d30       _cexit                     10006d30 f   corelibc:crt0dat.obj
 0001:00005d4c       DisableThreadLibraryCalls  10006d4c f   coredll:COREDLL.dll
 0001:00005d5c       LocalFree                  10006d5c f   coredll:COREDLL.dll
 0001:00005d6c       __IMPORT_DESCRIPTOR_COREDLL 10006d6c     coredll:COREDLL.dll
 0001:00005d80       __IMPORT_DESCRIPTOR_DDRAW  10006d80     ddraw:DDRAW.dll
 0001:00005d94       __NULL_IMPORT_DESCRIPTOR   10006d94     coredll:COREDLL.dll
 0002:00000000       __imp_malloc               10008000     coredll:COREDLL.dll
 0002:00000004       __imp_free                 10008004     coredll:COREDLL.dll
 0002:00000008       __imp_memset               10008008     coredll:COREDLL.dll
 0002:0000000c       __imp_memcpy               1000800c     coredll:COREDLL.dll
 0002:00000010       __imp_strncmp              10008010     coredll:COREDLL.dll
 0002:00000014       __imp_GetClientRect        10008014     coredll:COREDLL.dll
 0002:00000018       __imp_BitBlt               10008018     coredll:COREDLL.dll
 0002:0000001c       __imp_??3@YAXPAX@Z         1000801c     coredll:COREDLL.dll
 0002:00000020       __imp_NKDbgPrintfW         10008020     coredll:COREDLL.dll
 0002:00000024       __imp_??2@YAPAXI@Z         10008024     coredll:COREDLL.dll
 0002:00000028       __imp_printf               10008028     coredll:COREDLL.dll
 0002:0000002c       __imp_CreateFileW          1000802c     coredll:COREDLL.dll
 0002:00000030       __imp_DeviceIoControl      10008030     coredll:COREDLL.dll
 0002:00000034       __imp_DisableThreadLibraryCalls 10008034     coredll:COREDLL.dll
 0002:00000038       __imp_LocalFree            10008038     coredll:COREDLL.dll
 0002:0000003c       \177COREDLL_NULL_THUNK_DATA 1000803c     coredll:COREDLL.dll
 0002:00000040       __imp_DirectDrawCreate     10008040     ddraw:DDRAW.dll
 0002:00000044       \177DDRAW_NULL_THUNK_DATA  10008044     ddraw:DDRAW.dll
 0002:00000048       __xc_a                     10008048     corelibc:crt0init.obj
 0002:0000004c       __xc_z                     1000804c     corelibc:crt0init.obj
 0002:00000050       __xi_a                     10008050     corelibc:crt0init.obj
 0002:00000054       __xi_z                     10008054     corelibc:crt0init.obj
 0002:00000058       __xp_a                     10008058     corelibc:crt0init.obj
 0002:0000005c       __xp_z                     1000805c     corelibc:crt0init.obj
 0002:00000060       __xt_a                     10008060     corelibc:crt0init.obj
 0002:00000064       __xt_z                     10008064     corelibc:crt0init.obj
 0002:00000860       tracker                    10008860     debugHelper_egl.obj
 0002:000009f4       pfnGLES2SwapBuffer         100089f4     sec_gles_2_0.obj
 0002:000009f8       pfnGLES2BindTexImage       100089f8     sec_gles_2_0.obj
 0002:000009fc       pfnGLES2Initdriver         100089fc     sec_gles_2_0.obj
 0002:00000a00       pfnGLES2DeInitdriver       10008a00     sec_gles_2_0.obj
 0002:00000a04       pfnGLESDepthFree           10008a04     sec_gles_2_0.obj
 0002:00000a08       pfnGLESChunkNew            10008a08     sec_gles_2_0.obj
 0002:00000a0c       pfnGLES2DestroyContext     10008a0c     sec_gles_2_0.obj
 0002:00000a10       pfnGLES2CreateContext      10008a10     sec_gles_2_0.obj
 0002:00000a14       pfnGLESChunkFree           10008a14     sec_gles_2_0.obj
 0002:00000a18       pfnglFlush                 10008a18     sec_gles_2_0.obj
 0002:00000a1c       pfnGLES2SetContext         10008a1c     sec_gles_2_0.obj
 0002:00000a20       pfnGLESDepthNew            10008a20     sec_gles_2_0.obj
 0002:00000a24       pfnGLES2SetSurfaceData     10008a24     sec_gles_2_0.obj
 0002:00000a28       pfnglFinish                10008a28     sec_gles_2_0.obj
 0002:00000a2c       pfnGLES2ReleaseTexImage    10008a2c     sec_gles_2_0.obj
 0002:00000a30       g_hFimg                    10008a30     <common>
 0002:00000a34       __onexitend                10008a34     <common>
 0002:00000a38       __onexitbegin              10008a38     <common>
 0002:00000a3c       _exitflag                  10008a3c     <common>
 0002:00000a40       _pRawDllMain               10008a40     <common>

 entry point at        0001:00005b28

 Static symbols

 0001:00005c2c       doexit                     10006c2c f   corelibc:crt0dat.obj
