 libGLESv1_CM

 Timestamp is 9fe99718                           

 Preferred load address is 10000000

 Start         Length     Name                   Class
 0001:00000000 00010032H .rdata                  CODE
 0001:00010034 00000029H .rdata$debug            CODE
 0001:00010060 0005a958H .text                   CODE
 0001:0006a9b8 00000028H .idata$2                CODE
 0001:0006a9e0 00000014H .idata$3                CODE
 0001:0006a9f4 00000180H .idata$4                CODE
 0001:0006ab74 00000114H .idata$6                CODE
 0001:0006ac90 00000ea1H .edata                  CODE
 0002:00000000 00000180H .idata$5                DATA
 0002:00000180 00000004H .CRT$XCA                DATA
 0002:00000184 00000004H .CRT$XCAA               DATA
 0002:00000188 00000004H .CRT$XCZ                DATA
 0002:0000018c 00000004H .CRT$XIA                DATA
 0002:00000190 00000004H .CRT$XIZ                DATA
 0002:00000194 00000004H .CRT$XPA                DATA
 0002:00000198 00000004H .CRT$XPZ                DATA
 0002:0000019c 00000004H .CRT$XTA                DATA
 0002:000001a0 00000004H .CRT$XTZ                DATA
 0002:000001a8 000001a8H .data                   DATA
 0002:00000350 00003f6cH .bss                    DATA
 0003:00000000 00001d70H .pdata                  DATA

  Address         Publics by Value              Rva+Base     Lib:Object

 0000:00000000       ___safe_se_handler_count   00000000     <absolute>
 0000:00000000       ___safe_se_handler_table   00000000     <absolute>
 0001:0000006c       maxInt                     1000106c     glgets.obj
 0001:00000080       ??_C@_0BL@ILKAPFNP@1?41?5?$CIlib?5version?511?402?434?$CJ?$AA@ 10001080     glgets.obj
 0001:000000cc       ??_C@_1CA@GFMDGHEP@?$AAg?$AAl?$AAP?$AAo?$AAi?$AAn?$AAt?$AAS?$AAi?$AAz?$AAe?$AA?5?$AA?5?$AA?$AN?$AA?6?$AA?$AA@ 100010cc     glmisc.obj
 0001:0000010c       ??_C@_1BM@LEAJJAKB@?$AAg?$AAl?$AAC?$AAo?$AAl?$AAo?$AAr?$AA4?$AAx?$AA?5?$AA?5?$AA?$AN?$AA?6?$AA?$AA@ 1000110c     glvertex.obj
 0001:00000128       ??_C@_1DE@BIJDKBDJ@?$AAg?$AAl?$AAP?$AAo?$AAi?$AAn?$AAt?$AAS?$AAi?$AAz?$AAe?$AAP?$AAo?$AAi?$AAn?$AAt?$AAe?$AAr?$AAO?$AAE@ 10001128     glvertex.obj
 0001:0000015c       ??_C@_1DI@JMNKHAKJ@?$AAg?$AAl?$AAM?$AAa?$AAt?$AAr?$AAi?$AAx?$AAI?$AAn?$AAd?$AAe?$AAx?$AAP?$AAo?$AAi?$AAn?$AAt?$AAe?$AAr@ 1000115c     glvertex.obj
 0001:00000194       ??_C@_1CO@MJCJFMKL@?$AAg?$AAl?$AAW?$AAe?$AAi?$AAg?$AAh?$AAt?$AAP?$AAo?$AAi?$AAn?$AAt?$AAe?$AAr?$AAO?$AAE?$AAS?$AA?5?$AA?5@ 10001194     glvertex.obj
 0001:000001d8       ATTRIB_LOC_PointSize       100011d8     loadshader.obj
 0001:000001dc       ATTRIB_LOC_Normal          100011dc     loadshader.obj
 0001:000001e0       ATTRIB_LOC_Color           100011e0     loadshader.obj
 0001:000001e4       ATTRIB_LOC_Vertex          100011e4     loadshader.obj
 0001:000001e8       ATTRIB_LOC_MultiTexCoord   100011e8     loadshader.obj
 0001:00005318       ??_C@_0DEL@LCNHHIDN@?6?$CD?9?9?9?9?9?9?9?9?9?9?9?9?9?9?9?9?9?9?9?9?9?9?9?9?9?9?9?9?9?9@ 10006318     loadshader.obj
 0001:00005668       ??_C@_0COJ@CJGPLELN@?$CD?9?9?9?9?9?9?9?9?9?9?9?9?9?9?9?9?9?9?9?9?9?9?9?9?9?9?9?9?9?9?9@ 10006668     loadshader.obj
 0001:00005958       ??_C@_0CGP@NLAODEMN@?6?$CD?9?9?9?9?9?9?9?9?9?9?9?9?9?9?9?9?9?9?9?9?9?9?9?9?9?9?9?9?9?9@ 10006958     loadshader.obj
 0001:00005bc8       ??_C@_0CAO@ONIDFEMA@?6?$CD?9?9?9?9?9?9?9?9?9?9?9?9?9?9?9?9?9?9?9?9?9?9?9?9?9?9?9?9?9?9@ 10006bc8     loadshader.obj
 0001:00005dd8       ??_C@_0CAG@JPCGNMAK@?6?$CD?9?9?9?9?9?9?9?9?9?9?9?9?9?9?9?9?9?9?9?9?9?9?9?9?9?9?9?9?9?9@ 10006dd8     loadshader.obj
 0001:00005fe0       ??_C@_0DMK@BIODDKOF@?6?$CD?9?9?9?9?9?9?9?9?9?9?9?9?9?9?9?9?9?9?9?9?9?9?9?9?9?9?9?9?9?9@ 10006fe0     loadshader.obj
 0001:000063b0       ??_C@_0CGIG@GIDKBAH@?1?1Joydeep?6uniform?5mat4?5ModelView@ 100073b0     loadshader.obj
 0001:00008a38       ??_C@_0DGJA@LBFNFIHH@?$CDifdef?5GL_ES?6precision?5highp?5flo@ 10009a38     loadshader.obj
 0001:0000c0c8       ??_C@_0BA@PFLEPDB@ModelViewMatrix?$AA@ 1000d0c8     loadshader.obj
 0001:0000c0d8       ??_C@_0BK@DEBBPGHA@ModelViewProjectionMatrix?$AA@ 1000d0d8     loadshader.obj
 0001:0000c0f4       ??_C@_0BB@JKLCLJEP@TextureMatrix?$FL0?$FN?$AA@ 1000d0f4     loadshader.obj
 0001:0000c108       ??_C@_0BB@JLHANDHI@TextureMatrix?$FL1?$FN?$AA@ 1000d108     loadshader.obj
 0001:0000c11c       ??_C@_0N@CINNHGPB@NormalMatrix?$AA@ 1000d11c     loadshader.obj
 0001:0000c12c       ??_C@_0N@EOOMJPOC@PointEnabled?$AA@ 1000d12c     loadshader.obj
 0001:0000c13c       ??_C@_0L@GFLKIJDA@Point?4size?$AA@ 1000d13c     loadshader.obj
 0001:0000c148       ??_C@_0O@DAJIKKAD@Point?4sizeMin?$AA@ 1000d148     loadshader.obj
 0001:0000c158       ??_C@_0O@CCBDEOGM@Point?4sizeMax?$AA@ 1000d158     loadshader.obj
 0001:0000c168       ??_C@_0BI@ENLIDIIG@Point?4fadeThresholdSize?$AA@ 1000d168     loadshader.obj
 0001:0000c180       ??_C@_0CC@EPHADOFI@Point?4distanceConstantAttenuatio@ 1000d180     loadshader.obj
 0001:0000c1a4       ??_C@_0CA@EEMCNAPA@Point?4distanceLinearAttenuation?$AA@ 1000d1a4     loadshader.obj
 0001:0000c1c4       ??_C@_0CD@BHGCIFHO@Point?4distanceQuadraticAttenuati@ 1000d1c4     loadshader.obj
 0001:0000c1e8       ??_C@_0BL@NCMFIFNC@FrontNBackMaterial?4ambient?$AA@ 1000d1e8     loadshader.obj
 0001:0000c204       ??_C@_0BL@GAJFDOMO@FrontNBackMaterial?4diffuse?$AA@ 1000d204     loadshader.obj
 0001:0000c220       ??_C@_0BM@KELGAAHO@FrontNBackMaterial?4specular?$AA@ 1000d220     loadshader.obj
 0001:0000c23c       ??_C@_0BF@CAIJNBPG@colorMaterialEnabled?$AA@ 1000d23c     loadshader.obj
 0001:0000c254       ??_C@_0BN@BCBPDIAI@FrontNBackMaterial?4shininess?$AA@ 1000d254     loadshader.obj
 0001:0000c274       ??_C@_0BH@CPLBGOOP@LightSource?$FL0?$FN?4ambient?$AA@ 1000d274     loadshader.obj
 0001:0000c28c       ??_C@_0BH@JNOBNFPD@LightSource?$FL0?$FN?4diffuse?$AA@ 1000d28c     loadshader.obj
 0001:0000c2a4       ??_C@_0BI@PMCDDIIE@LightSource?$FL0?$FN?4specular?$AA@ 1000d2a4     loadshader.obj
 0001:0000c2bc       ??_C@_0BI@CDPHAEIB@LightSource?$FL0?$FN?4position?$AA@ 1000d2bc     loadshader.obj
 0001:0000c2d4       ??_C@_0BN@HPADNILK@LightSource?$FL0?$FN?4spotDirection?$AA@ 1000d2d4     loadshader.obj
 0001:0000c2f4       ??_C@_0BM@OOPNHDPO@LightSource?$FL0?$FN?4spotExponent?$AA@ 1000d2f4     loadshader.obj
 0001:0000c310       ??_C@_0BK@OFJIEGG@LightSource?$FL0?$FN?4spotCutoff?$AA@ 1000d310     loadshader.obj
 0001:0000c32c       ??_C@_0BN@LJOOLJKM@LightSource?$FL0?$FN?4spotCosCutoff?$AA@ 1000d32c     loadshader.obj
 0001:0000c34c       ??_C@_0CD@BHFFMBFJ@LightSource?$FL0?$FN?4constantAttenuati@ 1000d34c     loadshader.obj
 0001:0000c370       ??_C@_0CB@EFLDLFJA@LightSource?$FL0?$FN?4linearAttenuation@ 1000d370     loadshader.obj
 0001:0000c394       ??_C@_0CE@GADNJABH@LightSource?$FL0?$FN?4quadraticAttenuat@ 1000d394     loadshader.obj
 0001:0000c3b8       ??_C@_0BN@JLDIPBNJ@LightSource?$FL0?$FN?4isDirectional?$AA@ 1000d3b8     loadshader.obj
 0001:0000c3d8       ??_C@_0BH@OODPLBCP@LightSource?$FL1?$FN?4ambient?$AA@ 1000d3d8     loadshader.obj
 0001:0000c3f0       ??_C@_0BH@FMGPAKDD@LightSource?$FL1?$FN?4diffuse?$AA@ 1000d3f0     loadshader.obj
 0001:0000c408       ??_C@_0BI@GHIGHEOL@LightSource?$FL1?$FN?4specular?$AA@ 1000d408     loadshader.obj
 0001:0000c420       ??_C@_0BI@LIFCEIOO@LightSource?$FL1?$FN?4position?$AA@ 1000d420     loadshader.obj
 0001:0000c438       ??_C@_0BN@PIKFBDPJ@LightSource?$FL1?$FN?4spotDirection?$AA@ 1000d438     loadshader.obj
 0001:0000c458       ??_C@_0BM@EAJFOCGP@LightSource?$FL1?$FN?4spotExponent?$AA@ 1000d458     loadshader.obj
 0001:0000c474       ??_C@_0BK@JDFGGFBA@LightSource?$FL1?$FN?4spotCutoff?$AA@ 1000d474     loadshader.obj
 0001:0000c490       ??_C@_0BN@DOEIHCOP@LightSource?$FL1?$FN?4spotCosCutoff?$AA@ 1000d490     loadshader.obj
 0001:0000c4b0       ??_C@_0CD@IMCGCLIN@LightSource?$FL1?$FN?4constantAttenuati@ 1000d4b0     loadshader.obj
 0001:0000c4d4       ??_C@_0CB@NKGJDGAO@LightSource?$FL1?$FN?4linearAttenuation@ 1000d4d4     loadshader.obj
 0001:0000c4f8       ??_C@_0CE@OBBIPFDA@LightSource?$FL1?$FN?4quadraticAttenuat@ 1000d4f8     loadshader.obj
 0001:0000c51c       ??_C@_0BN@BMJODKJK@LightSource?$FL1?$FN?4isDirectional?$AA@ 1000d51c     loadshader.obj
 0001:0000c53c       ??_C@_0BH@HHNNNHCO@LightSource?$FL2?$FN?4ambient?$AA@ 1000d53c     loadshader.obj
 0001:0000c554       ??_C@_0BH@MFINGMDC@LightSource?$FL2?$FN?4diffuse?$AA@ 1000d554     loadshader.obj
 0001:0000c56c       ??_C@_0BI@BABIKGBL@LightSource?$FL2?$FN?4specular?$AA@ 1000d56c     loadshader.obj
 0001:0000c584       ??_C@_0BI@MPMMJKBO@LightSource?$FL2?$FN?4position?$AA@ 1000d584     loadshader.obj
 0001:0000c59c       ??_C@_0BN@KLDPEIHN@LightSource?$FL2?$FN?4spotDirection?$AA@ 1000d59c     loadshader.obj
 0001:0000c5bc       ??_C@_0BM@GJFNFGJN@LightSource?$FL2?$FN?4spotExponent?$AA@ 1000d5bc     loadshader.obj
 0001:0000c5d8       ??_C@_0BK@OPDHEAML@LightSource?$FL2?$FN?4spotCutoff?$AA@ 1000d5d8     loadshader.obj
 0001:0000c5f4       ??_C@_0BN@GNNCCJGL@LightSource?$FL2?$FN?4spotCosCutoff?$AA@ 1000d5f4     loadshader.obj
 0001:0000c614       ??_C@_0CD@PKMDBCLA@LightSource?$FL2?$FN?4constantAttenuati@ 1000d614     loadshader.obj
 0001:0000c638       ??_C@_0CB@KBHHLEON@LightSource?$FL2?$FN?4linearAttenuation@ 1000d638     loadshader.obj
 0001:0000c65c       ??_C@_0CE@LJAGFMBI@LightSource?$FL2?$FN?4quadraticAttenuat@ 1000d65c     loadshader.obj
 0001:0000c680       ??_C@_0BN@EPAEGBBO@LightSource?$FL2?$FN?4isDirectional?$AA@ 1000d680     loadshader.obj
 0001:0000c6a0       ??_C@_0BH@LGFDAIOO@LightSource?$FL3?$FN?4ambient?$AA@ 1000d6a0     loadshader.obj
 0001:0000c6b8       ??_C@_0BH@EADLDPC@LightSource?$FL3?$FN?4diffuse?$AA@ 1000d6b8     loadshader.obj
 0001:0000c6d0       ??_C@_0BI@ILLNOKHE@LightSource?$FL3?$FN?4specular?$AA@ 1000d6d0     loadshader.obj
 0001:0000c6e8       ??_C@_0BI@FEGJNGHB@LightSource?$FL3?$FN?4position?$AA@ 1000d6e8     loadshader.obj
 0001:0000c700       ??_C@_0BN@CMJJIDDO@LightSource?$FL3?$FN?4spotDirection?$AA@ 1000d700     loadshader.obj
 0001:0000c720       ??_C@_0BM@MHDFMHAM@LightSource?$FL3?$FN?4spotExponent?$AA@ 1000d720     loadshader.obj
 0001:0000c73c       ??_C@_0BK@HCDIKBLN@LightSource?$FL3?$FN?4spotCutoff?$AA@ 1000d73c     loadshader.obj
 0001:0000c758       ??_C@_0BN@OKHEOCCI@LightSource?$FL3?$FN?4spotCosCutoff?$AA@ 1000d758     loadshader.obj
 0001:0000c778       ??_C@_0CD@GBLAPIGE@LightSource?$FL3?$FN?4constantAttenuati@ 1000d778     loadshader.obj
 0001:0000c79c       ??_C@_0CB@DOKNDHHD@LightSource?$FL3?$FN?4linearAttenuation@ 1000d79c     loadshader.obj
 0001:0000c7c0       ??_C@_0CE@DICDDJDP@LightSource?$FL3?$FN?4quadraticAttenuat@ 1000d7c0     loadshader.obj
 0001:0000c7e4       ??_C@_0BN@MIKCKKFN@LightSource?$FL3?$FN?4isDirectional?$AA@ 1000d7e4     loadshader.obj
 0001:0000c804       ??_C@_0BH@JPGIBNGN@LightSource?$FL4?$FN?4ambient?$AA@ 1000d804     loadshader.obj
 0001:0000c81c       ??_C@_0BH@CNDIKGHB@LightSource?$FL4?$FN?4diffuse?$AA@ 1000d81c     loadshader.obj
 0001:0000c834       ??_C@_0BI@PPCFADPL@LightSource?$FL4?$FN?4specular?$AA@ 1000d834     loadshader.obj
 0001:0000c84c       ??_C@_0BI@CAPBDPPO@LightSource?$FL4?$FN?4position?$AA@ 1000d84c     loadshader.obj
 0001:0000c864       ??_C@_0BN@MALPPHF@LightSource?$FL4?$FN?4spotDirection?$AA@ 1000d864     loadshader.obj
 0001:0000c884       ??_C@_0BM@DKMMDPHJ@LightSource?$FL4?$FN?4spotExponent?$AA@ 1000d884     loadshader.obj
 0001:0000c8a0       ??_C@_0BK@BHPFALHN@LightSource?$FL4?$FN?4spotCutoff?$AA@ 1000d8a0     loadshader.obj
 0001:0000c8bc       ??_C@_0BN@MKOGJOGD@LightSource?$FL4?$FN?4spotCosCutoff?$AA@ 1000d8bc     loadshader.obj
 0001:0000c8dc       ??_C@_0CD@BHAJGAMK@LightSource?$FL4?$FN?4constantAttenuati@ 1000d8dc     loadshader.obj
 0001:0000c900       ??_C@_0CB@FHEKLBCL@LightSource?$FL4?$FN?4linearAttenuation@ 1000d900     loadshader.obj
 0001:0000c924       ??_C@_0CE@JDLAOEI@LightSource?$FL4?$FN?4quadraticAttenuat@ 1000d924     loadshader.obj
 0001:0000c948       ??_C@_0BN@OIDANGBG@LightSource?$FL4?$FN?4isDirectional?$AA@ 1000d948     loadshader.obj
 0001:0000c968       ??_C@_0BH@FOOGMCKN@LightSource?$FL5?$FN?4ambient?$AA@ 1000d968     loadshader.obj
 0001:0000c980       ??_C@_0BH@OMLGHJLB@LightSource?$FL5?$FN?4diffuse?$AA@ 1000d980     loadshader.obj
 0001:0000c998       ??_C@_0BI@GEIAEPJE@LightSource?$FL5?$FN?4specular?$AA@ 1000d998     loadshader.obj
 0001:0000c9b0       ??_C@_0BI@LLFEHDJB@LightSource?$FL5?$FN?4position?$AA@ 1000d9b0     loadshader.obj
 0001:0000c9c8       ??_C@_0BN@ILKNDEDG@LightSource?$FL5?$FN?4spotDirection?$AA@ 1000d9c8     loadshader.obj
 0001:0000c9e8       ??_C@_0BM@JEKEKOOI@LightSource?$FL5?$FN?4spotExponent?$AA@ 1000d9e8     loadshader.obj
 0001:0000ca04       ??_C@_0BK@IKPKOKAL@LightSource?$FL5?$FN?4spotCutoff?$AA@ 1000da04     loadshader.obj
 0001:0000ca20       ??_C@_0BN@ENEAFFCA@LightSource?$FL5?$FN?4spotCosCutoff?$AA@ 1000da20     loadshader.obj
 0001:0000ca40       ??_C@_0CD@IMHKIKBO@LightSource?$FL5?$FN?4constantAttenuati@ 1000da40     loadshader.obj
 0001:0000ca64       ??_C@_0CB@MIJADCLF@LightSource?$FL5?$FN?4linearAttenuation@ 1000da64     loadshader.obj
 0001:0000ca88       ??_C@_0CE@IIBOGLGP@LightSource?$FL5?$FN?4quadraticAttenuat@ 1000da88     loadshader.obj
 0001:0000caac       ??_C@_0BN@GPJGBNFF@LightSource?$FL5?$FN?4isDirectional?$AA@ 1000daac     loadshader.obj
 0001:0000cacc       ??_C@_0BH@MHAEKEKM@LightSource?$FL6?$FN?4ambient?$AA@ 1000dacc     loadshader.obj
 0001:0000cae4       ??_C@_0BH@HFFEBPLA@LightSource?$FL6?$FN?4diffuse?$AA@ 1000dae4     loadshader.obj
 0001:0000cafc       ??_C@_0BI@BDBOJNGE@LightSource?$FL6?$FN?4specular?$AA@ 1000dafc     loadshader.obj
 0001:0000cb14       ??_C@_0BI@MMMKKBGB@LightSource?$FL6?$FN?4position?$AA@ 1000db14     loadshader.obj
 0001:0000cb2c       ??_C@_0BN@NIDHGPLC@LightSource?$FL6?$FN?4spotDirection?$AA@ 1000db2c     loadshader.obj
 0001:0000cb4c       ??_C@_0BM@LNGMBKBK@LightSource?$FL6?$FN?4spotExponent?$AA@ 1000db4c     loadshader.obj
 0001:0000cb68       ??_C@_0BK@PGJLMPNA@LightSource?$FL6?$FN?4spotCutoff?$AA@ 1000db68     loadshader.obj
 0001:0000cb84       ??_C@_0BN@BONKAOKE@LightSource?$FL6?$FN?4spotCosCutoff?$AA@ 1000db84     loadshader.obj
 0001:0000cba4       ??_C@_0CD@PKJPLDCD@LightSource?$FL6?$FN?4constantAttenuati@ 1000dba4     loadshader.obj
 0001:0000cbc8       ??_C@_0CB@LDIOLAFG@LightSource?$FL6?$FN?4linearAttenuation@ 1000dbc8     loadshader.obj
 0001:0000cbec       ??_C@_0CE@NAAAMCEH@LightSource?$FL6?$FN?4quadraticAttenuat@ 1000dbec     loadshader.obj
 0001:0000cc10       ??_C@_0BN@DMAMEGNB@LightSource?$FL6?$FN?4isDirectional?$AA@ 1000dc10     loadshader.obj
 0001:0000cc30       ??_C@_0BH@GIKHLGM@LightSource?$FL7?$FN?4ambient?$AA@ 1000dc30     loadshader.obj
 0001:0000cc48       ??_C@_0BH@LENKMAHA@LightSource?$FL7?$FN?4diffuse?$AA@ 1000dc48     loadshader.obj
 0001:0000cc60       ??_C@_0BI@IILLNBAL@LightSource?$FL7?$FN?4specular?$AA@ 1000dc60     loadshader.obj
 0001:0000cc78       ??_C@_0BI@FHGPONAO@LightSource?$FL7?$FN?4position?$AA@ 1000dc78     loadshader.obj
 0001:0000cc90       ??_C@_0BN@FPJBKEPB@LightSource?$FL7?$FN?4spotDirection?$AA@ 1000dc90     loadshader.obj
 0001:0000ccb0       ??_C@_0BM@BDAEILIL@LightSource?$FL7?$FN?4spotExponent?$AA@ 1000dcb0     loadshader.obj
 0001:0000cccc       ??_C@_0BK@GLJECOKG@LightSource?$FL7?$FN?4spotCutoff?$AA@ 1000dccc     loadshader.obj
 0001:0000cce8       ??_C@_0BN@JJHMMFOH@LightSource?$FL7?$FN?4spotCosCutoff?$AA@ 1000dce8     loadshader.obj
 0001:0000cd08       ??_C@_0CD@GBOMFJPH@LightSource?$FL7?$FN?4constantAttenuati@ 1000dd08     loadshader.obj
 0001:0000cd2c       ??_C@_0CB@CMFEDDMI@LightSource?$FL7?$FN?4linearAttenuation@ 1000dd2c     loadshader.obj
 0001:0000cd50       ??_C@_0CE@FBCFKHGA@LightSource?$FL7?$FN?4quadraticAttenuat@ 1000dd50     loadshader.obj
 0001:0000cd74       ??_C@_0BN@LLKKINJC@LightSource?$FL7?$FN?4isDirectional?$AA@ 1000dd74     loadshader.obj
 0001:0000cd94       ??_C@_0BA@EMJOMJGG@LightingEnabled?$AA@ 1000dd94     loadshader.obj
 0001:0000cda4       ??_C@_0N@GDEBJOMP@numLightUsed?$AA@ 1000dda4     loadshader.obj
 0001:0000cdb4       ??_C@_0CH@GALICACJ@FrontNBackLightModelProduct?4scen@ 1000ddb4     loadshader.obj
 0001:0000cddc       ??_C@_0BA@FEOBDIEN@TexEnv?$FL0?$FN?4color?$AA@ 1000dddc     loadshader.obj
 0001:0000cdec       ??_C@_0P@MKKIHDLF@TexEnv?$FL0?$FN?4mode?$AA@ 1000ddec     loadshader.obj
 0001:0000cdfc       ??_C@_0BF@BCNHCCGJ@TexEnv?$FL0?$FN?4combineRgb?$AA@ 1000ddfc     loadshader.obj
 0001:0000ce14       ??_C@_0BH@FDPPJNJD@TexEnv?$FL0?$FN?4combineAlpha?$AA@ 1000de14     loadshader.obj
 0001:0000ce2c       ??_C@_0BE@IFELGIFH@TexEnv?$FL0?$FN?4srcRgb?$FL0?$FN?$AA@ 1000de2c     loadshader.obj
 0001:0000ce40       ??_C@_0BE@IEIJACGA@TexEnv?$FL0?$FN?4srcRgb?$FL1?$FN?$AA@ 1000de40     loadshader.obj
 0001:0000ce54       ??_C@_0BE@IGMPLMDJ@TexEnv?$FL0?$FN?4srcRgb?$FL2?$FN?$AA@ 1000de54     loadshader.obj
 0001:0000ce68       ??_C@_0BG@HHNECJK@TexEnv?$FL0?$FN?4srcAlpha?$FL0?$FN?$AA@ 1000de68     loadshader.obj
 0001:0000ce80       ??_C@_0BG@GLPCIKN@TexEnv?$FL0?$FN?4srcAlpha?$FL1?$FN?$AA@ 1000de80     loadshader.obj
 0001:0000ce98       ??_C@_0BG@EPJJGPE@TexEnv?$FL0?$FN?4srcAlpha?$FL2?$FN?$AA@ 1000de98     loadshader.obj
 0001:0000ceb0       ??_C@_0BI@BHEKPFN@TexEnv?$FL0?$FN?4operandRgb?$FL0?$FN?$AA@ 1000deb0     loadshader.obj
 0001:0000cec8       ??_C@_0BI@LGMFGK@TexEnv?$FL0?$FN?4operandRgb?$FL1?$FN?$AA@ 1000dec8     loadshader.obj
 0001:0000cee0       ??_C@_0BI@CPAHLDD@TexEnv?$FL0?$FN?4operandRgb?$FL2?$FN?$AA@ 1000dee0     loadshader.obj
 0001:0000cef8       ??_C@_0BK@PIJCHJDM@TexEnv?$FL0?$FN?4operandAlpha?$FL0?$FN?$AA@ 1000def8     loadshader.obj
 0001:0000cf14       ??_C@_0BK@PJFABDAL@TexEnv?$FL0?$FN?4operandAlpha?$FL1?$FN?$AA@ 1000df14     loadshader.obj
 0001:0000cf30       ??_C@_0BK@PLBGKNFC@TexEnv?$FL0?$FN?4operandAlpha?$FL2?$FN?$AA@ 1000df30     loadshader.obj
 0001:0000cf4c       ??_C@_0BD@HEFEACCM@TexEnv?$FL0?$FN?4rgbScale?$AA@ 1000df4c     loadshader.obj
 0001:0000cf60       ??_C@_0BF@MIACBIJI@TexEnv?$FL0?$FN?4alphaScale?$AA@ 1000df60     loadshader.obj
 0001:0000cf78       ??_C@_0BA@EDJKCMAO@TexEnv?$FL1?$FN?4color?$AA@ 1000df78     loadshader.obj
 0001:0000cf88       ??_C@_0P@GACHDCL@TexEnv?$FL1?$FN?4mode?$AA@ 1000df88     loadshader.obj
 0001:0000cf98       ??_C@_0BF@IPNIMDBP@TexEnv?$FL1?$FN?4combineRgb?$AA@ 1000df98     loadshader.obj
 0001:0000cfb0       ??_C@_0BH@PNJHAMAC@TexEnv?$FL1?$FN?4combineAlpha?$AA@ 1000dfb0     loadshader.obj
 0001:0000cfc8       ??_C@_0BE@FINNLBNC@TexEnv?$FL1?$FN?4srcRgb?$FL0?$FN?$AA@ 1000dfc8     loadshader.obj
 0001:0000cfdc       ??_C@_0BE@FJBPNLOF@TexEnv?$FL1?$FN?4srcRgb?$FL1?$FN?$AA@ 1000dfdc     loadshader.obj
 0001:0000cff0       ??_C@_0BE@FLFJGFLM@TexEnv?$FL1?$FN?4srcRgb?$FL2?$FN?$AA@ 1000dff0     loadshader.obj
 0001:0000d004       ??_C@_0BG@LOIGJJHC@TexEnv?$FL1?$FN?4srcAlpha?$FL0?$FN?$AA@ 1000e004     loadshader.obj
 0001:0000d01c       ??_C@_0BG@LPEEPDEF@TexEnv?$FL1?$FN?4srcAlpha?$FL1?$FN?$AA@ 1000e01c     loadshader.obj
 0001:0000d034       ??_C@_0BG@LNACENBM@TexEnv?$FL1?$FN?4srcAlpha?$FL2?$FN?$AA@ 1000e034     loadshader.obj
 0001:0000d04c       ??_C@_0BI@IGNCGEBO@TexEnv?$FL1?$FN?4operandRgb?$FL0?$FN?$AA@ 1000e04c     loadshader.obj
 0001:0000d064       ??_C@_0BI@IHBAAOCJ@TexEnv?$FL1?$FN?4operandRgb?$FL1?$FN?$AA@ 1000e064     loadshader.obj
 0001:0000d07c       ??_C@_0BI@IFFGLAHA@TexEnv?$FL1?$FN?4operandRgb?$FL2?$FN?$AA@ 1000e07c     loadshader.obj
 0001:0000d094       ??_C@_0BK@CPHAPJGE@TexEnv?$FL1?$FN?4operandAlpha?$FL0?$FN?$AA@ 1000e094     loadshader.obj
 0001:0000d0b0       ??_C@_0BK@COLCJDFD@TexEnv?$FL1?$FN?4operandAlpha?$FL1?$FN?$AA@ 1000e0b0     loadshader.obj
 0001:0000d0cc       ??_C@_0BK@CMPECNAK@TexEnv?$FL1?$FN?4operandAlpha?$FL2?$FN?$AA@ 1000e0cc     loadshader.obj
 0001:0000d0e8       ??_C@_0BD@OPPBEOED@TexEnv?$FL1?$FN?4rgbScale?$AA@ 1000e0e8     loadshader.obj
 0001:0000d0fc       ??_C@_0BF@FFANPJOO@TexEnv?$FL1?$FN?4alphaScale?$AA@ 1000e0fc     loadshader.obj
 0001:0000d114       ??_C@_0BE@FOKJOEGL@Texture2DEnabled?$FL0?$FN?$AA@ 1000e114     loadshader.obj
 0001:0000d128       ??_C@_0BE@FPGLIOFM@Texture2DEnabled?$FL1?$FN?$AA@ 1000e128     loadshader.obj
 0001:0000d13c       ??_C@_0L@JBKKCKMG@TexImages0?$AA@ 1000e13c     loadshader.obj
 0001:0000d148       ??_C@_0L@IILBBLIH@TexImages1?$AA@ 1000e148     loadshader.obj
 0001:0000d154       ??_C@_0M@LNIIMMK@Fog?4density?$AA@ 1000e154     loadshader.obj
 0001:0000d160       ??_C@_07CMPBDGMP@Fog?4end?$AA@ 1000e160     loadshader.obj
 0001:0000d168       ??_C@_09PDNHAHMC@Fog?4color?$AA@ 1000e168     loadshader.obj
 0001:0000d174       ??_C@_09MAFOAKEK@Fog?4scale?$AA@ 1000e174     loadshader.obj
 0001:0000d180       ??_C@_08JLLBJNFB@Fog?4mode?$AA@ 1000e180     loadshader.obj
 0001:0000d18c       ??_C@_0L@BGLIMCBP@FogEnabled?$AA@ 1000e18c     loadshader.obj
 0001:0000d198       ??_C@_0BL@LIKKPFPK@unable?5to?5allocate?5memeory?$AA@ 1000e198     loadshader.obj
 0001:0000d1b4       ??_C@_07KJFPOMFC@?$CFs?3?5?$CFs?6?$AA@ 1000e1b4     loadshader.obj
 0001:0000d1bc       ??_C@_0BD@KAJAFKFC@GL_STACK_UNDERFLOW?$AA@ 1000e1bc     loadshader.obj
 0001:0000d1d0       ??_C@_0BB@JMBJBKGI@GL_OUT_OF_MEMORY?$AA@ 1000e1d0     loadshader.obj
 0001:0000d1e4       ??_C@_0CB@IHDHGOIH@GL_INVALID_FRAMEBUFFER_OPERATION@ 1000e1e4     loadshader.obj
 0001:0000d208       ??_C@_0BA@EEBAGKCP@UNKNOWN?5ERROR?$CB?$CB?$AA@ 1000e208     loadshader.obj
 0001:0000d218       ??_C@_0BC@DLCDMCHH@GL_STACK_OVERFLOW?$AA@ 1000e218     loadshader.obj
 0001:0000d22c       ??_C@_0BF@NFNGKHIL@GL_INVALID_OPERATION?$AA@ 1000e22c     loadshader.obj
 0001:0000d244       ??_C@_0BB@HDIPJELP@GL_INVALID_VALUE?$AA@ 1000e244     loadshader.obj
 0001:0000d258       ??_C@_0BA@LLPLHEDK@GL_INVALID_ENUM?$AA@ 1000e258     loadshader.obj
 0001:0000d268       ??_C@_0BA@GJPIEEAH@?6?5index?5?$DN?5?$CFd?5?6?6?$AA@ 1000e268     loadshader.obj
 0001:0000d278       ??_C@_0BK@BOALBECG@Attrib?5?$CFd?5?$CI?$CFs?$CJ?5?9?$DO?5loc?5?$CFd?6?$AA@ 1000e278     loadshader.obj
 0001:0000d294       ??_C@_0BG@JONCAFML@Post?5fs?5attach?5shader?$AA@ 1000e294     loadshader.obj
 0001:0000d2ac       ??_C@_0BG@IJIDJMLG@Post?5vs?5attach?5shader?$AA@ 1000e2ac     loadshader.obj
 0001:0000d2c4       ??_C@_0BB@GFNFHDFD@Post?5fs?5bin?5load?$AA@ 1000e2c4     loadshader.obj
 0001:0000d2d8       ??_C@_0BB@GJMNJOKP@Post?5vs?5bin?5load?$AA@ 1000e2d8     loadshader.obj
 0001:0000d2ec       ??_C@_0P@KNBFPEOF@Post?5prog?5Link?$AA@ 1000e2ec     loadshader.obj
 0001:0000d2fc       ??_C@_0BH@IJDALLKP@?6Program?5info?5log?3?6?$CFs?6?$AA@ 1000e2fc     loadshader.obj
 0001:0000d314       ??_C@_06LEBKBMLE@Vertex?$AA@ 1000e314     loadshader.obj
 0001:0000d31c       ??_C@_05PDOBBJNA@Color?$AA@ 1000e31c     loadshader.obj
 0001:0000d324       ??_C@_06EFAGIKOH@Normal?$AA@ 1000e324     loadshader.obj
 0001:0000d32c       ??_C@_0P@PHLKDOMB@MultiTexCoord0?$AA@ 1000e32c     loadshader.obj
 0001:0000d33c       ??_C@_0P@OOKBAPIA@MultiTexCoord1?$AA@ 1000e33c     loadshader.obj
 0001:0000d34c       ??_C@_0N@MCBEMOIG@ATTRIB?5MAP?3?6?$AA@ 1000e34c     loadshader.obj
 0001:0000d35c       ??_C@_0BE@EPLIGMAK@set?5current?5program?$AA@ 1000e35c     loadshader.obj
 0001:0000d380       totalShaderCount           1000e380     render.obj
 0001:0000d384       treeSize                   1000e384     render.obj
 0001:0000d398       ??_C@_0CH@FAPJMPPA@where?5the?5hell?5is?5the?5memory?5all@ 1000e398     render.obj
 0001:0000d3c0       ??_C@_0L@LLHJIHFC@FrontColor?$AA@ 1000e3c0     render.obj
 0001:0000d3cc       ??_C@_0DG@GNMHABAN@GL_OES_matrix_palette?5GL_EXT_tex@ 1000e3cc     render.obj
 0001:0000d404       ??_C@_0DM@HNNOOEDB@ERROR?3?5Sharing?5texture?5object?5wi@ 1000e404     render.obj
 0001:0000d460       ??_C@_0BC@LBGBAENB@lockGLSharedState?$AA@ 1000e460     FIMGlib:glCore.obj
 0001:0000d474       ??_C@_0BJ@HNFHCEOA@lockGLSharedTextureState?$AA@ 1000e474     FIMGlib:glCore.obj
 0001:0000d490       ??_C@_0BE@MCBGFHJM@unlockGLSharedState?$AA@ 1000e490     FIMGlib:glCore.obj
 0001:0000d4a4       ??_C@_0BL@OAOJHJKN@unlockGLSharedTextureState?$AA@ 1000e4a4     FIMGlib:glCore.obj
 0001:0000d4c0       ??_C@_03GJAMENNA@2?40?$AA@ 1000e4c0     FIMGlib:glCore.obj
 0001:0000d4c4       ??_C@_0BE@GBEPIMGC@Samsung?5Electronics?$AA@ 1000e4c4     FIMGlib:glCore.obj
 0001:0000d4d8       ??_C@_04MPAIHFON@FIMG?$AA@ 1000e4d8     FIMGlib:glCore.obj
 0001:0000d4e0       ??_C@_0LA@KGBKFEEP@OES_read_format?5OES_compressed_p@ 1000e4e0     FIMGlib:glCore.obj
 0001:0000d590       ??_C@_04BOFMJCLK@1?400?$AA@ 1000e590     FIMGlib:glCore.obj
 0001:0000d598       ??_C@_0L@GDOKCFIG@FimgFinish?$AA@ 1000e598     FIMGlib:glCore.obj
 0001:0000d5a4       ??_C@_07NPIGCBB@set_err?$AA@ 1000e5a4     FIMGlib:glCore.obj
 0001:0000d5ac       ??_C@_0DA@PFPHBDGJ@ERROR?3?5ctx?5is?5NULL?3?5?$CFs?5line?3?$CFd?5p@ 1000e5ac     FIMGlib:glCore.obj
 0001:0000d5dc       ??_C@_0BE@LLLCIIOO@glBlendFuncSeparate?$AA@ 1000e5dc     FIMGlib:glCore.obj
 0001:0000d5f0       ??_C@_0N@CIOACEPJ@OGL2_glClear?$AA@ 1000e5f0     FIMGlib:glCore.obj
 0001:0000d600       ??_C@_0BC@CDBHDDMD@OGL2_glClearColor?$AA@ 1000e600     FIMGlib:glCore.obj
 0001:0000d614       ??_C@_0BD@GGGMNJEL@OGL2_glClearDepthf?$AA@ 1000e614     FIMGlib:glCore.obj
 0001:0000d628       ??_C@_0BE@DKOBKDBF@OGL2_glClearStencil?$AA@ 1000e628     FIMGlib:glCore.obj
 0001:0000d63c       ??_C@_0BB@CKFLNIEP@OGL2_glColorMask?$AA@ 1000e63c     FIMGlib:glCore.obj
 0001:0000d650       ??_C@_0BA@CECFFDBP@OGL2_glCullFace?$AA@ 1000e650     FIMGlib:glCore.obj
 0001:0000d660       ??_C@_0BB@MFKFMPPH@OGL2_glDepthFunc?$AA@ 1000e660     FIMGlib:glCore.obj
 0001:0000d674       ??_C@_0BB@LBCJIEAF@OGL2_glDepthMask?$AA@ 1000e674     FIMGlib:glCore.obj
 0001:0000d688       ??_C@_0BD@KJCJMHBD@OGL2_glDepthRangef?$AA@ 1000e688     FIMGlib:glCore.obj
 0001:0000d69c       ??_C@_0P@HNFBKLME@OGL2_glDisable?$AA@ 1000e69c     FIMGlib:glCore.obj
 0001:0000d6ac       ??_C@_0CA@OINFBHJO@OGL2_glDisableVertexAttribArray?$AA@ 1000e6ac     FIMGlib:glCore.obj
 0001:0000d6cc       ??_C@_0CA@PMIKCIEO@false?5?$CG?$CG?5?$CCInvalid?5enum?5in?5mode?$CC?$AA@ 1000e6cc     FIMGlib:glCore.obj
 0001:0000d6ec       ??_C@_0BJ@JIPMFCIP@?$DO?$DOASSERTION?5FAILED?3?5?$CFs?5?6?$AA@ 1000e6ec     FIMGlib:glCore.obj
 0001:0000d708       ??_C@_0O@DFGCGBL@OGL2_glEnable?$AA@ 1000e708     FIMGlib:glCore.obj
 0001:0000d718       ??_C@_0BP@DBIOFFFI@OGL2_glEnableVertexAttribArray?$AA@ 1000e718     FIMGlib:glCore.obj
 0001:0000d738       ??_C@_0BJ@BMNIOHHN@Type?5of?5Sampler?5unknown?6?$AA@ 1000e738     FIMGlib:glCore.obj
 0001:0000d754       ??_C@_08IIGNJOLP@error?5?1n?$AA@ 1000e754     FIMGlib:glCore.obj
 0001:0000d760       ??_C@_0L@JECHCCPJ@stateFlush?$AA@ 1000e760     FIMGlib:glCore.obj
 0001:0000d770       ??_C@_0EB@HECDNPIE@?5the?5value?5of?5the?5texUNit?5is?5gre@ 1000e770     FIMGlib:glCore.obj
 0001:0000d7b4       ??_C@_0CM@DPCLCBLM@?6WARNING?3?5state?5has?5not?5been?5flu@ 1000e7b4     FIMGlib:glCore.obj
 0001:0000d7e0       ??_C@_0O@NIDOIGOO@OGL2_glFinish?$AA@ 1000e7e0     FIMGlib:glCore.obj
 0001:0000d7f0       ??_C@_0N@IHLLGPBA@OGL2_glFlush?$AA@ 1000e7f0     FIMGlib:glCore.obj
 0001:0000d800       ??_C@_0BB@JKCJOGII@OGL2_glFrontFace?$AA@ 1000e800     FIMGlib:glCore.obj
 0001:0000d814       ??_C@_0BM@IDGBHKLF@OGL2_glGetBufferParameteriv?$AA@ 1000e814     FIMGlib:glCore.obj
 0001:0000d830       ??_C@_0BA@GLHECOKK@OGL2_glGetError?$AA@ 1000e830     FIMGlib:glCore.obj
 0001:0000d840       ??_C@_0BL@NJEPIADH@2?40?5?$CIlib?5version?520?402?424?$CJ?$AA@ 1000e840     FIMGlib:glCore.obj
 0001:0000d85c       ??_C@_0BB@PONEIMJJ@OGL2_glGetString?$AA@ 1000e85c     FIMGlib:glCore.obj
 0001:0000d870       ??_C@_0BC@FNLDMAPG@GetVertexAttribfv?$AA@ 1000e870     FIMGlib:glCore.obj
 0001:0000d884       ??_C@_0BP@EIACGFJP@OGL2_glGetVertexAttribPointerv?$AA@ 1000e884     FIMGlib:glCore.obj
 0001:0000d8a4       ??_C@_0M@CHHJLPPO@OGL2_glHint?$AA@ 1000e8a4     FIMGlib:glCore.obj
 0001:0000d8b0       ??_C@_0BA@JBCHCOAN@OGL2_glIsBuffer?$AA@ 1000e8b0     FIMGlib:glCore.obj
 0001:0000d8c0       ??_C@_0BB@JMEJFIBK@OGL2_glIsEnabled?$AA@ 1000e8c0     FIMGlib:glCore.obj
 0001:0000d8d4       ??_C@_0BB@DEIDAKEO@OGL2_glLineWidth?$AA@ 1000e8d4     FIMGlib:glCore.obj
 0001:0000d8e8       ??_C@_0BD@KIFIJBCF@OGL2_glPixelStorei?$AA@ 1000e8e8     FIMGlib:glCore.obj
 0001:0000d8fc       ??_C@_0BF@JDMDGAOO@OGL2_glPolygonOffset?$AA@ 1000e8fc     FIMGlib:glCore.obj
 0001:0000d914       ??_C@_0BC@OPPGNJIP@OGL2_glReadPixels?$AA@ 1000e914     FIMGlib:glCore.obj
 0001:0000d928       ??_C@_0BG@DGJBBCJB@OGL2_glSampleCoverage?$AA@ 1000e928     FIMGlib:glCore.obj
 0001:0000d940       ??_C@_0P@PIFCCDJC@OGL2_glScissor?$AA@ 1000e940     FIMGlib:glCore.obj
 0001:0000d950       ??_C@_0BG@FCMNCEIA@glStencilFuncSeparate?$AA@ 1000e950     FIMGlib:glCore.obj
 0001:0000d968       ??_C@_0BG@MMKPIEJI@glStencilMaskSeparate?$AA@ 1000e968     FIMGlib:glCore.obj
 0001:0000d980       ??_C@_0BE@GAPLDNGF@glStencilOpSeparate?$AA@ 1000e980     FIMGlib:glCore.obj
 0001:0000d994       ??_C@_0BE@DPDMCNJK@OGL2_glAlphaFuncEXP?$AA@ 1000e994     FIMGlib:glCore.obj
 0001:0000d9a8       ??_C@_0BC@KJLMENOG@OGL2_glLogicOpEXP?$AA@ 1000e9a8     FIMGlib:glCore.obj
 0001:0000d9bc       ??_C@_0BG@ODOPLDOK@OGL2_glVertexAttrib4f?$AA@ 1000e9bc     FIMGlib:glCore.obj
 0001:0000d9d4       ??_C@_0BL@MFMGFAOA@OGL2_glVertexAttribPointer?$AA@ 1000e9d4     FIMGlib:glCore.obj
 0001:0000d9f0       ??_C@_0BA@JFGMBHIM@OGL2_glViewport?$AA@ 1000e9f0     FIMGlib:glCore.obj
 0001:0000da00       ??_C@_0BC@NLHPPBNP@OGL2_glBindBuffer?$AA@ 1000ea00     FIMGlib:glCore.obj
 0001:0000da14       ??_C@_0BC@HFEMBGHB@OGL2_glGenBuffers?$AA@ 1000ea14     FIMGlib:glCore.obj
 0001:0000da28       ??_C@_0BF@PGAOMHCB@OGL2_glBufferSubData?$AA@ 1000ea28     FIMGlib:glCore.obj
 0001:0000da40       ??_C@_0CA@KNJBCHNB@Depth?5Buffer?5is?5allocated?50x?$CFx?6?$AA@ 1000ea40     FIMGlib:glCore.obj
 0001:0000da60       ??_C@_0BE@LDEGHGFI@GLES2SetSurfaceData?$AA@ 1000ea60     FIMGlib:glCore.obj
 0001:0000da74       ??_C@_0DA@IJKLONAE@ERROR?3?5ctx?5is?50?5while?5trying?5to?5@ 1000ea74     FIMGlib:glCore.obj
 0001:0000daa8       ??_C@_0EH@DNDKBPDE@?6WARNING?3?5state?5has?5not?5been?5flu@ 1000eaa8     FIMGlib:glCore.obj
 0001:0000daf0       ??_C@_0BC@OJHEPABB@OGL2_glDrawArrays?$AA@ 1000eaf0     FIMGlib:glCore.obj
 0001:0000db04       ??_C@_0BE@FPILDHCO@OGL2_glDrawElements?$AA@ 1000eb04     FIMGlib:glCore.obj
 0001:0000db18       ??_C@_0BD@OBLEEBOJ@OGL2_glGetBooleanv?$AA@ 1000eb18     FIMGlib:glCore.obj
 0001:0000db2c       ??_C@_0BB@DLBLMBGM@OGL2_glGetFloatv?$AA@ 1000eb2c     FIMGlib:glCore.obj
 0001:0000db40       ??_C@_0BD@NADNIHF@OGL2_glGetIntegerv?$AA@ 1000eb40     FIMGlib:glCore.obj
 0001:0000db54       ??_C@_0BF@KKEJPFLC@OGL2_glDeleteBuffers?$AA@ 1000eb54     FIMGlib:glCore.obj
 0001:0000db6c       ??_C@_0BC@FCNCMOHO@OGL2_glBufferData?$AA@ 1000eb6c     FIMGlib:glCore.obj
 0001:0000db80       ??_C@_1M@HFJKIAIF@?$AAG?$AAL?$AAE?$AA1?$AA?3?$AA?$AA@ 1000eb80     FIMGlib:glCore.obj
 0001:0000db8c       ??_C@_0BJ@BEPCLIH@SharedState?3?3SharedState?$AA@ 1000eb8c     FIMGlib:glCore.obj
 0001:0000dba8       ??_C@_0GM@LGIMALLH@sharedStateRefCount?5?$DN?$DN?50?5?$CG?$CG?5?$CCThe@ 1000eba8     FIMGlib:glCore.obj
 0001:0000dc14       ??_C@_0BD@HOGJEGDH@GLES2CreateContext?$AA@ 1000ec14     FIMGlib:glCore.obj
 0001:0000dc28       ??_C@_0BE@PDDFIPGE@GLES2DestroyContext?$AA@ 1000ec28     FIMGlib:glCore.obj
 0001:0000dc3c       ??_C@_0BO@NELGKIEA@ERROR?3?5unexpected?5wrap?5mode?$CB?6?$AA@ 1000ec3c     FIMGlib:glTex.obj
 0001:0000dc5c       ??_C@_0BA@BDEGHOGN@OUT?5OF?5MEMORY?5?6?$AA@ 1000ec5c     FIMGlib:glTex.obj
 0001:0000dc70       ??_C@_0ED@MNEHNKHC@false?5?$CG?$CG?5?$CCsubimage?5called?5but?5me@ 1000ec70     FIMGlib:glTex.obj
 0001:0000dcb8       ??_C@_0EB@FLKGLLEK@false?5?$CG?$CG?5?$CCundetermined?5mimfilter@ 1000ecb8     FIMGlib:glTex.obj
 0001:0000dd00       ??_C@_0FD@HIIPJIAC@pState?9?$DOsharedState?9?$DOsharedState@ 1000ed00     FIMGlib:glTex.obj
 0001:0000dd58       ??_C@_0EO@FAJLEIBN@?5?5?6?5trying?5to?5acqire?5a?5texture?5o@ 1000ed58     FIMGlib:glTex.obj
 0001:0000dda8       ??_C@_0BH@INCBEKCN@TextureObject?3?3acquire?$AA@ 1000eda8     FIMGlib:glTex.obj
 0001:0000ddc0       ??_C@_0EJ@DGEKNMFB@?5zero?5can?5not?5be?5released?5?4?5shou@ 1000edc0     FIMGlib:glTex.obj
 0001:0000de0c       ??_C@_0CL@FDMDEJEE@images?4tex2D?$FLi?$FN?4height?5?$CB?$DN?5currHe@ 1000ee0c     FIMGlib:glTex.obj
 0001:0000de38       ??_C@_0CJ@IMBKCDHE@images?4tex2D?$FLi?$FN?4width?5?$CB?$DN?5currWid@ 1000ee38     FIMGlib:glTex.obj
 0001:0000de68       ??_C@_0EH@GHLCFNKI@images?4tex2D?$FLi?$FN?4internalFormat?5?$CB@ 1000ee68     FIMGlib:glTex.obj
 0001:0000deb0       ??_C@_0CI@GJKLJFML@images?4tex2D?$FLi?$FN?4isUsed?5?$CB?$DN?5GL_TRU@ 1000eeb0     FIMGlib:glTex.obj
 0001:0000ded8       ??_C@_0CI@KMICNHCO@false?5?$CG?$CG?5?$CCundetermined?5byte?5per?5@ 1000eed8     FIMGlib:glTex.obj
 0001:0000df00       ??_C@_0DP@LCPMFJDD@false?5?$CG?$CG?5?$CCUnhandled?5or?5unexpecte@ 1000ef00     FIMGlib:glTex.obj
 0001:0000df40       ??_C@_0DB@PFDIFNCO@unsupported?5PxFmt?5?5as?5external?5m@ 1000ef40     FIMGlib:glTex.obj
 0001:0000df78       ??_C@_0FA@HJIGNKOB@false?5?$CG?$CG?5?$CCGetPixelSize?$CC?$CG?$CG?5?$CCUnhan@ 1000ef78     FIMGlib:glTex.obj
 0001:0000dfc8       ??_C@_0EI@IMEMPEOD@false?5?$CG?$CG?5?$CCundetermined?5texture?5f@ 1000efc8     FIMGlib:glTex.obj
 0001:0000e010       ??_C@_0EJ@JBFOCFIB@?5should?5not?5have?5reached?5the?5end@ 1000f010     FIMGlib:glTex.obj
 0001:0000e05c       ??_C@_0BN@MJFNGJD@false?5?$CG?$CG?5?$CCUnexpected?5target?$CC?$AA@ 1000f05c     FIMGlib:glTex.obj
 0001:0000e080       ??_C@_0GG@GAJEIDMH@false?5?$CG?$CG?5?$CC?5getImageDataLocation?5@ 1000f080     FIMGlib:glTex.obj
 0001:0000e0e8       ??_C@_0DB@LEJKENOA@false?5?$CG?$CG?5?$CC?5unbale?5to?5get?5the?5mem@ 1000f0e8     FIMGlib:glTex.obj
 0001:0000e11c       ??_C@_0DP@OCOILPAM@false?5?$CG?$CG?5?$CCglCopyTexImage2D?$CC?5?$CG?$CG?5?$CC@ 1000f11c     FIMGlib:glTex.obj
 0001:0000e15c       ??_C@_0BJ@GHICCLGN@OGL2_glGetTexParameteriv?$AA@ 1000f15c     FIMGlib:glTex.obj
 0001:0000e178       ??_C@_0BJ@BGNBDFEN@Unable?5to?5get?5new?5chunk?6?$AA@ 1000f178     FIMGlib:glTex.obj
 0001:0000e194       ??_C@_0BC@BBOAEFBB@?6?5image?5compiled?5?$AA@ 1000f194     FIMGlib:glTex.obj
 0001:0000e1a8       ??_C@_0BN@BIBMPBGJ@ImageSize?$FLLevel?5?$DN?5?$CFd?$FN?5?$DN?5?$CFd?5?6?$AA@ 1000f1a8     FIMGlib:glTex.obj
 0001:0000e1c8       ??_C@_0BO@DFHJDLGH@offSetSize?$FLLevel?5?$DN?5?$CFd?$FN?5?$DN?5?$CFd?5?6?$AA@ 1000f1c8     FIMGlib:glTex.obj
 0001:0000e1e8       ??_C@_0O@IILEGFGF@pImgBuf?5?$DN?5?$CFp?6?$AA@ 1000f1e8     FIMGlib:glTex.obj
 0001:0000e1f8       ??_C@_0BD@MMHGBKDG@Offsets?$FL?$CFd?$FN?5?$DN?5?$CFd?5?6?$AA@ 1000f1f8     FIMGlib:glTex.obj
 0001:0000e210       ??_C@_0EA@NNIDJKPC@texObjrefCount?5?$DO?$DN?5?91?5?$CG?$CG?5?$CC?5ref?5co@ 1000f210     FIMGlib:glTex.obj
 0001:0000e250       ??_C@_0BH@HBLINMA@TextureObject?3?3release?$AA@ 1000f250     FIMGlib:glTex.obj
 0001:0000e268       ??_C@_0CC@LMDDFLLE@?$CIprog?5?$CB?$DN?50?$CJ?5?$CG?$CG?5?$CCProg?5ptr?5is?50?$CB?2n@ 1000f268     FIMGlib:glShaderApi.obj
 0001:0000e28c       ??_C@_0BI@IGGJNIIE@updateCurrentExecutable?$AA@ 1000f28c     FIMGlib:glShaderApi.obj
 0001:0000e2a4       ?_C@?1??_Nullstr@?$basic_string@DU?$char_traits@D@std@@V?$allocator@D@2@@std@@CAPBDXZ@4DB 1000f2a4     FIMGlib:glShaderApi.obj
 0001:0000e2a8       ??_C@_0EA@KGLFANJ@?$CIshaderIt?9?$DOshaderPtr?5?$CB?$DN?50?$CJ?5?$CG?$CG?5?$CCs@ 1000f2a8     FIMGlib:glShaderApi.obj
 0001:0000e2e8       ??_C@_0EA@EIHEEDII@?$CIprogIt?9?$DOprogramPtr?5?$CB?$DN?50?$CJ?5?$CG?$CG?5?$CCpr@ 1000f2e8     FIMGlib:glShaderApi.obj
 0001:0000e328       ??_C@_0BE@CIJFPCFB@OGL2_glAttachShader?$AA@ 1000f328     FIMGlib:glShaderApi.obj
 0001:0000e33c       ??_C@_0DA@ICHPLJAA@?$CIprogIt?9?$DOprogramPtr?5?$CB?$DN?50?$CJ?5?$CG?$CG?5?$CCPr@ 1000f33c     FIMGlib:glShaderApi.obj
 0001:0000e36c       ??_C@_0BK@NJPEAFIC@OGL2_glBindAttribLocation?$AA@ 1000f36c     FIMGlib:glShaderApi.obj
 0001:0000e388       ??_C@_0DC@IKCKMKIO@false?5?$CG?$CG?5?$CCShader?5type?5is?5not?5ver@ 1000f388     FIMGlib:glShaderApi.obj
 0001:0000e3bc       ??_C@_0BK@LGLPDFNB@OGL2_glGetUniformLocation?$AA@ 1000f3bc     FIMGlib:glShaderApi.obj
 0001:0000e3d8       ??_C@_0CF@FNPLNADD@false?5?$CG?$CG?5?$CCunrecognized?5header?5ty@ 1000f3d8     FIMGlib:glShaderApi.obj
 0001:0000e400       ??_C@_0CE@LEPDCJJJ@Unsupported?5Shader?5binary?5versio@ 1000f400     FIMGlib:glShaderApi.obj
 0001:0000e424       ??_C@_0CI@LFDNOCIC@false?5?$CG?$CG?5?$CCShader?5type?5is?5not?5VS?5@ 1000f424     FIMGlib:glShaderApi.obj
 0001:0000e44c       ??_C@_0DC@NJILBNIO@?$CIshaderIt?$FLi?$FN?9?$DOshaderPtr?$CB?$DN0?$CJ?5?$CG?$CG?5?$CC@ 1000f44c     FIMGlib:glShaderApi.obj
 0001:0000e480       ??_C@_0BE@BHNDPJBL@OGL2_glShaderBinary?$AA@ 1000f480     FIMGlib:glShaderApi.obj
 0001:0000e494       ??_C@_0CN@BOJLNNM@?$CIprogIt?9?$DOprogramPtr?$CB?$DN0?$CJ?5?$CG?$CG?5?$CCprog@ 1000f494     FIMGlib:glShaderApi.obj
 0001:0000e4c4       ??_C@_0BJ@GGMIJPMJ@OGL2_glGetProgramInfoLog?$AA@ 1000f4c4     FIMGlib:glShaderApi.obj
 0001:0000e4e0       ??_C@_0CD@DIFAMDPB@?$CIprog?5?$CB?$DN?50?$CJ?5?$CG?$CG?5?$CCProgramPtr?5is?50?$CB@ 1000f4e0     FIMGlib:glShaderApi.obj
 0001:0000e504       ??_C@_0O@JNNHKGDJ@setUniformMat?$AA@ 1000f504     FIMGlib:glShaderApi.obj
 0001:0000e518       ??_C@_0EM@JANGHKLJ@false?$CG?$CG?$CCsampler?5entry?5does?5not?5e@ 1000f518     FIMGlib:glShaderApi.obj
 0001:0000e564       ??_C@_0CL@EALMGOB@uniform?4fsRegSet?5?$DN?$DN?5DCL_REGSET_C@ 1000f564     FIMGlib:glShaderApi.obj
 0001:0000e590       ??_C@_0CL@ELPBICKK@uniform?4vsRegSet?5?$DN?$DN?5DCL_REGSET_C@ 1000f590     FIMGlib:glShaderApi.obj
 0001:0000e5bc       ??_C@_0O@BIEFFKON@setUniformVec?$AA@ 1000f5bc     FIMGlib:glShaderApi.obj
 0001:0000e5cc       ??_C@_0BB@FNCPMMJC@OGL2_glUniform1i?$AA@ 1000f5cc     FIMGlib:glShaderApi.obj
 0001:0000e5e0       ??_C@_0BB@NKLHNAFN@OGL2_glUniform1f?$AA@ 1000f5e0     FIMGlib:glShaderApi.obj
 0001:0000e660       ??_C@_0DD@JAIGAJCH@?$CIoldProgIt?9?$DOprogramPtr?5?$CB?$DN?50?$CJ?5?$CG?$CG?5@ 1000f660     FIMGlib:glShaderApi.obj
 0001:0000e698       ??_C@_0FM@CFFOGPKP@?$CIoldProgIt?9?$DOtype?5?$DN?$DN?5PROGRAM?$CJ?5?$CG?$CG?5@ 1000f698     FIMGlib:glShaderApi.obj
 0001:0000e6f8       ??_C@_0GH@MPGLBMAF@?$CIoldProgIt?5?$CB?$DN?5ctx?9?$DOshaderProgNam@ 1000f6f8     FIMGlib:glShaderApi.obj
 0001:0000e760       ??_C@_0DB@PEGCPIIG@?$CIprogIt?9?$DOprogramPtr?5?$CB?$DN?50?$CJ?5?$CG?$CG?5?$CCPr@ 1000f760     FIMGlib:glShaderApi.obj
 0001:0000e794       ??_C@_0BC@MNIKDJHJ@OGL2_glUseProgram?$AA@ 1000f794     FIMGlib:glShaderApi.obj
 0001:0000e7a8       ??_C@_0BJ@EFFJAFFO@OGL2_glGetAttribLocation?$AA@ 1000f7a8     FIMGlib:glShaderApi.obj
 0001:0000e7c4       ??_C@_0BN@HIAIKLPE@LINK?5FAILED?3?5shader?5missing?6?$AA@ 1000f7c4     FIMGlib:glShaderApi.obj
 0001:0000e7e4       ??_C@_0BB@BGPHOOHE@LINK?5SUCCESSFUL?6?$AA@ 1000f7e4     FIMGlib:glShaderApi.obj
 0001:0000e7f8       ??_C@_0CO@MFJIKFHG@LINK?5FAILED?3?5fragment?5shader?5is?5@ 1000f7f8     FIMGlib:glShaderApi.obj
 0001:0000e828       ??_C@_0CM@BODDCFFN@LINK?5FAILED?3?5vertex?5shader?5is?5no@ 1000f828     FIMGlib:glShaderApi.obj
 0001:0000e854       ??_C@_0BD@MCJELLDO@OGL2_glLinkProgram?$AA@ 1000f854     FIMGlib:glShaderApi.obj
 0001:0000e868       ??_C@_0DC@OCLICHKE@?$CIvaryingNum?$CB?$DN0?$CJ?$CG?$CG?$CCvarying?5Num?5?$DN?5@ 1000f868     FIMGlib:glShaderApi.obj
 0001:0000e89c       ??_C@_0M@LBFKDGNK@gl_Position?$AA@ 1000f89c     FIMGlib:glShaderApi.obj
 0001:0000e8a8       ??_C@_0BP@OEDHIHPJ@OGL2_glVaryingInterpolationEXP?$AA@ 1000f8a8     FIMGlib:glShaderApi.obj
 0001:0000e8c8       ??_C@_0CC@FOADLKKC@OGL2_glGetVaryingInterpolationEX@ 1000f8c8     FIMGlib:glShaderApi.obj
 0001:0000e8ec       ??_C@_0BF@MNDJILJD@OGL2_glCreateProgram?$AA@ 1000f8ec     FIMGlib:glShaderApi.obj
 0001:0000e904       ??_C@_0BE@JLCIMDJI@OGL2_glCreateShader?$AA@ 1000f904     FIMGlib:glShaderApi.obj
 0001:0000e918       ??_C@_0DI@HIJNCPHO@?6?$DO?$DOChunk?5Allocator?5ERROR?3?5unable@ 1000f918     FIMGlib:ChunkAlloc.obj
 0001:0000e950       ??_C@_0DB@LDJGNFDH@?6?$DO?$DOChunk?5Allocator?5ERROR?3?5Not?5en@ 1000f950     FIMGlib:ChunkAlloc.obj
 0001:0000e984       ??_C@_0DK@BPODHBNN@?6?$DO?$DOChunk?5Allocator?5ERROR?3?5NodeMa@ 1000f984     FIMGlib:ChunkAlloc.obj
 0001:0000e9c0       ??_C@_0DH@KMDBIOON@?6?$DO?$DOChunk?5Allocator?5ERROR?3?5FreeNo@ 1000f9c0     FIMGlib:ChunkAlloc.obj
 0001:0000e9f8       ??_C@_0DJ@BFGGAOOA@Total?5Texture?5Size?5?$CFd?5Byte?5?$CFd?5KB@ 1000f9f8     FIMGlib:ChunkAlloc.obj
 0001:0000ea34       ??_C@_0DJ@MEDBNKHI@?6?9?9?9?9?9?9?9?9?9?9?9?9?9?9?9?9?9?9?9?9?9?9?9?9?9?9?9?9?9?9?9@ 1000fa34     FIMGlib:ChunkAlloc.obj
 0001:0000ea70       ??_C@_0DG@MGINMKCH@?6?5?$FL?$CFd?$FN?5use?5flag?3?5?$CFd?0?5start?3?5?$CFd?0?5@ 1000fa70     FIMGlib:ChunkAlloc.obj
 0001:0000eaa8       ??_C@_0DI@LAEFCJOH@?6?9?9?9?9?9?9?9?9?9?9?9?9?9?9?9?9?9?9?9?9?9?9?9?9?9?9?9?9?9?9?9@ 1000faa8     FIMGlib:ChunkAlloc.obj
 0001:0000eae0       ??_C@_0CJ@GMJGNECH@?6?$DN?$DN?$DN?$DN?$DN?$DN?$DNChunk?3?3PrintChunkBlckInf@ 1000fae0     FIMGlib:ChunkAlloc.obj
 0001:0000eb0c       ??_C@_1BI@LCGMBKLK@?$AAD?$AAy?$AAn?$AAA?$AAl?$AAl?$AAo?$AAc?$AAM?$AAa?$AAx?$AA?$AA@ 1000fb0c     FIMGlib:ChunkAlloc.obj
 0001:0000eb24       ??_C@_1CK@MLHBNBFK@?$AAD?$AAr?$AAi?$AAv?$AAe?$AAr?$AAs?$AA?2?$AAB?$AAu?$AAi?$AAl?$AAt?$AAI?$AAn?$AA?2?$AAF?$AAI?$AAM?$AAG@ 1000fb24     FIMGlib:ChunkAlloc.obj
 0001:0000eb50       ??_C@_0EJ@NIPIBDBI@?6ChunkAlloc?5will?5use?5dynamic?5all@ 1000fb50     FIMGlib:ChunkAlloc.obj
 0001:0000eb9c       ??_C@_0CC@ELIHPLGP@?6?$CB?5Total?5Chunk?5Alloc?5count?5?3?5?$CFd?5@ 1000fb9c     FIMGlib:ChunkAlloc.obj
 0001:0000ebc0       ??_C@_0CB@NJHBJMCE@?$CB?5Total?5Chunk?5Alloc?5size?5?5?3?5?$CFd?5?6@ 1000fbc0     FIMGlib:ChunkAlloc.obj
 0001:0000ebe4       ??_C@_0CG@LHJBCMBJ@?6?$DN?$DN?$DN?$DN?$DN?$DN?$DNDestory?5All?5Chunk?5Block?$DN@ 1000fbe4     FIMGlib:ChunkAlloc.obj
 0001:0000ec0c       ??_C@_0DA@BGFOINJK@?6?$FLChunk?5Allocator?$FN?5?$CFd?5blocks?5?$CIbl@ 1000fc0c     FIMGlib:ChunkAlloc.obj
 0001:0000ec3c       ??_C@_0DK@NJMKAJEH@?6?$DO?$DOChunk?5Allocator?5ERROR?3?5unable@ 1000fc3c     FIMGlib:ChunkAlloc.obj
 0001:0000ec78       ??_C@_0CL@GIOHCANO@?6Threre?5is?5no?5more?5s3c?9g3d?5drive@ 1000fc78     FIMGlib:ChunkAlloc.obj
 0001:0000eca4       ??_C@_0CD@NKNJLINF@request?5?$CFd?5Byte?5?$CFd?5KB?5size?5memor@ 1000fca4     FIMGlib:ChunkAlloc.obj
 0001:0000ecc8       ??_C@_0ED@IJAMDENL@?6?$DO?$DOChunk?5Allocator?5ERROR?3?5unable@ 1000fcc8     FIMGlib:ChunkAlloc.obj
 0001:0000ed0c       ??_C@_0BK@COIEHILN@?6no?5more?5virtual?5address?6?$AA@ 1000fd0c     FIMGlib:ChunkAlloc.obj
 0001:0000ed28       ??_C@_0CG@GDIPGING@?6?$DN?$DN?$DN?$DN?$DN?$DNChunk?3?3InsertChunkBlock?$DN?$DN@ 1000fd28     FIMGlib:ChunkAlloc.obj
 0001:0000ed50       ??_C@_0CC@MNINHABL@don?8t?5found?5chunkblock?5to?5destro@ 1000fd50     FIMGlib:ChunkAlloc.obj
 0001:0000ed74       ??_C@_0DE@COFACEA@There?5is?5no?5chunkblock?4?5so?5canno@ 1000fd74     FIMGlib:ChunkAlloc.obj
 0001:0000eda8       ??_C@_0DB@HOILCJDK@?6?$DN?$DN?$DN?$DN?$DN?$DN?$DN?$DN?$DN?$DN?5Chunk?3?3RemoveChunkBl@ 1000fda8     FIMGlib:ChunkAlloc.obj
 0001:0000eddc       ??_C@_0CN@DPPGOGGH@?6?$DO?$DOChunk?5Allocator?5ERROR?3?5wrong?5@ 1000fddc     FIMGlib:ChunkAlloc.obj
 0001:0000ee0c       ??_C@_0CN@GNKDLBLC@?6?$DO?$DOChunk?5Allocator?5ERROR?3?5do?5not@ 1000fe0c     FIMGlib:ChunkAlloc.obj
 0001:0000ee3c       ??_C@_0DI@HMFLFHHG@?6?$DO?$DOChunk?5Allocator?5ERROR?3?5unable@ 1000fe3c     FIMGlib:ChunkAlloc.obj
 0001:0000ee74       ??_C@_0CB@MGONIAFF@?$CB?5Total?5Chunk?5Alloc?5count?5?3?5?$CFd?5?6@ 1000fe74     FIMGlib:ChunkAlloc.obj
 0001:0000ee98       ??_C@_0CL@BBAIHGJK@?6?$FLChunkError?$FN?5There?5is?5no?5alloca@ 1000fe98     FIMGlib:ChunkAlloc.obj
 0001:0000eec4       ??_C@_0CE@MBNEODFL@?6?$DN?$DN?$DN?$DN?$DN?$DN?$DN?$DN?$DN?$DN?5Chunk?3?3New?5?$DN?$DN?$DN?$DN?$DN?$DN?$DN?$DN?$DN@ 1000fec4     FIMGlib:ChunkAlloc.obj
 0001:0000eee8       ??_C@_0DE@BIDOMMJG@ChunkAlloc?5allocate?5?$CFd?5bytes?5usi@ 1000fee8     FIMGlib:ChunkAlloc.obj
 0001:0000ef1c       ??_C@_0DB@CLAOLHJJ@ChunkAlloc?5allocate?5?$CFd?5bytes?5usi@ 1000ff1c     FIMGlib:ChunkAlloc.obj
 0001:0000ef50       ??_C@_0CG@LOGLNHNO@pAddr?5?$CFp?5vAddr?5?$CFp?5size?5?$CFd?5Byte?0?5@ 1000ff50     FIMGlib:ChunkAlloc.obj
 0001:0000ef78       ??_C@_0BG@BMGOCJAI@Head?5Node?5?$CFp?0?5Node?5?$CFp?$AA@ 1000ff78     FIMGlib:ChunkAlloc.obj
 0001:0000ef90       ??_C@_0CP@BPJKMPOE@ChunkAlloc?5free?5?$CFd?5bytes?5from?5Re@ 1000ff90     FIMGlib:ChunkAlloc.obj
 0001:0000efc0       ??_C@_0CM@BDBEGBFL@ChunkAlloc?5free?5?$CFd?5bytes?5using?5F@ 1000ffc0     FIMGlib:ChunkAlloc.obj
 0001:0000efec       ??_C@_0BO@BFDFHECE@?6?$DN?$DN?$DN?$DN?$DN?$DN?$DN?$DNChunk?3?3Free?$DN?$DN?$DN?$DN?$DN?$DN?$DN?$DN?6?$AA@ 1000ffec     FIMGlib:ChunkAlloc.obj
 0001:0000f00c       ??_C@_1DI@DOMNLBDM@?$AA?$FL?$AAF?$AAI?$AAM?$AAG?$AA?$FN?$AA?5?$AAM?$AAu?$AAt?$AAe?$AAx?$AA?5?$AAi?$AAs?$AA?5?$AAn?$AAo?$AAt?$AA?5@ 1001000c     FIMGlib:platform.obj
 0001:0000f044       ??_C@_1DK@JMHLPDDF@?$AA?$FL?$AAF?$AAI?$AAM?$AAG?$AA?$FN?$AA?5?$AAM?$AAu?$AAt?$AAe?$AAx?$AA?5?$AAa?$AAl?$AAr?$AAe?$AAa?$AAd?$AAy@ 10010044     FIMGlib:platform.obj
 0001:0000f080       ??_C@_1BO@ICIALGBJ@?$AAF?$AAI?$AAM?$AAG?$AA3?$AAD?$AAS?$AAF?$AAR?$AAM?$AAu?$AAt?$AAe?$AAx?$AA?$AA@ 10010080     FIMGlib:platform.obj
 0001:0000f0a0       ??_C@_09BAACALNO@glfFinish?$AA@ 100100a0     FIMGlib:glFimg.obj
 0001:0000f0ac       ??_C@_0BJ@KDNODOBO@0?$CG?$CG?$CCUnexpected?5logicop?$CB?$CC?$AA@ 100100ac     FIMGlib:glFimg.obj
 0001:0000f0c8       ??_C@_0DO@HNEFJJDH@ERROR?3?5unexpected?5bit?5depth?$CB?5col@ 100100c8     FIMGlib:glFimg.obj
 0001:0000f108       ??_C@_0DO@PCJNAJEP@ERROR?3?5unknown?5pixel?5format?$CB?5col@ 10010108     FIMGlib:glFimg.obj
 0001:0000f148       ??_C@_09NCPHIBLG@indx?5?$DO?$DN?50?$AA@ 10010148     FIMGlib:glFimg.obj
 0001:0000f154       ??_C@_0BF@CPGGPCCL@WARNING?3?5null?5data?5?6?$AA@ 10010154     FIMGlib:glFimg.obj
 0001:0000f16c       ??_C@_0BJ@NOEPFEPL@first?5?$DO?$DN?50?5?$CG?$CG?5count?5?$DO?$DN?50?$AA@ 1001016c     FIMGlib:glFimg.obj
 0001:0000f188       ??_C@_0L@OGCHHCEC@count?5?$DO?$DN?50?$AA@ 10010188     FIMGlib:glFimg.obj
 0001:0000f198       ??_C@_0EM@MIOCDDGD@ERROR?3?5unknown?5pixel?5format?$CB?5fra@ 10010198     FIMGlib:glFimg.obj
 0001:0000f1e4       ??_C@_0DP@BJCAKJMA@?$CIfbo?$CB?$DN0?$CJ?5?$CG?$CG?5?$CC?2n?5framebuffList?5ha@ 100101e4     FIMGlib:glFramebufferObject.obj
 0001:0000f228       ??_C@_0GA@PDKNIAKF@?$CIit?$CB?$DN?5framebuffList?4end?$CI?$CJ?$CJ?5?$CG?$CG?5?$CC?2@ 10010228     FIMGlib:glFramebufferObject.obj
 0001:0000f288       ??_C@_0CB@NKKPELLE@FBOAttachmentPointState?3?3getInfo@ 10010288     FIMGlib:glFramebufferObject.obj
 0001:0000f2ac       ??_C@_0CL@OMEOEOBF@false?5?$CG?$CG?5?$CCInvalid?5fbo?5bound?5as?5c@ 100102ac     FIMGlib:glFramebufferObject.obj
 0001:0000f2d8       ??_C@_0BL@CCMBAAL@Warning?0?5fb?5not?5renderable?$AA@ 100102d8     FIMGlib:glFramebufferObject.obj
 0001:0000f2f4       ??_C@_09HFBMMMKA@getFBData?$AA@ 100102f4     FIMGlib:glFramebufferObject.obj
 0001:0000f300       ??_C@_0EG@ICPIENJD@ERROR?3?5convertFromDepthStencil?3?5@ 10010300     FIMGlib:pixel.obj
 0001:0000f348       ??_C@_0EC@KGKPAOJ@ERROR?3?5getDepthStencilMask?3?5unkn@ 10010348     FIMGlib:pixel.obj
 0001:0000f38c       ??_C@_0DI@BMGOBKGD@ERROR?3?5pixelSize?3?5unknown?5destin@ 1001038c     FIMGlib:pixel.obj
 0001:0000f3c4       ??_C@_0CL@OJNPHHNB@ERROR?3?5unknown?5destination?5pixel@ 100103c4     FIMGlib:pixel.obj
 0001:0000f3f0       ??_C@_0CN@ICEKKODN@ERROR?3?5unknown?5destination?5pixel@ 100103f0     FIMGlib:pixel.obj
 0001:0000f420       ??_C@_0CH@EDFNMK@ERROR?3?5unknown?5FRAMEBUFFER?5forma@ 10010420     FIMGlib:pixel.obj
 0001:0000f448       ??_C@_0DI@GNDEAKJB@?6?5the?5format?5passed?5and?5the?5colo@ 10010448     FIMGlib:pixel.obj
 0001:0000f480       ??_C@_0DJ@MDKGNGEG@ERROR?3?5unknown?1unsupported?5desti@ 10010480     FIMGlib:pixel.obj
 0001:0000f4bc       ??_C@_0DE@HBKLCJFC@ERROR?3?5unknown?1unsupported?5sourc@ 100104bc     FIMGlib:pixel.obj
 0001:0000f5d4       ??_C@_00CNPNBAHC@?$AA@     100105d4     FIMGlib:glShader.obj
 0001:0000f5d8       ??_C@_0BA@IIMFCEJG@GL_SAMPLER_CUBE?$AA@ 100105d8     FIMGlib:glShader.obj
 0001:0000f5e8       ??_C@_0O@DGIMCAEM@GL_SAMPLER_3D?$AA@ 100105e8     FIMGlib:glShader.obj
 0001:0000f5f8       ??_C@_0O@DHEOEKHL@GL_SAMPLER_2D?$AA@ 100105f8     FIMGlib:glShader.obj
 0001:0000f608       ??_C@_0O@EEJJKNLO@GL_FLOAT_MAT4?$AA@ 10010608     FIMGlib:glShader.obj
 0001:0000f618       ??_C@_0O@LNIDLHJ@GL_FLOAT_MAT3?$AA@ 10010618     FIMGlib:glShader.obj
 0001:0000f628       ??_C@_0O@BCMDAKDI@GL_FLOAT_MAT2?$AA@ 10010628     FIMGlib:glShader.obj
 0001:0000f638       ??_C@_0N@CJJPMBDC@GL_BOOL_VEC4?$AA@ 10010638     FIMGlib:glShader.obj
 0001:0000f648       ??_C@_0N@GGNOFHPF@GL_BOOL_VEC3?$AA@ 10010648     FIMGlib:glShader.obj
 0001:0000f658       ??_C@_0N@HPMFGGLE@GL_BOOL_VEC2?$AA@ 10010658     FIMGlib:glShader.obj
 0001:0000f668       ??_C@_0M@OCJHHBAN@GL_INT_VEC4?$AA@ 10010668     FIMGlib:glShader.obj
 0001:0000f674       ??_C@_0M@KNNGOHMK@GL_INT_VEC3?$AA@ 10010674     FIMGlib:glShader.obj
 0001:0000f680       ??_C@_0M@LEMNNGIL@GL_INT_VEC2?$AA@ 10010680     FIMGlib:glShader.obj
 0001:0000f68c       ??_C@_07BLIMHPL@GL_BOOL?$AA@ 1001068c     FIMGlib:glShader.obj
 0001:0000f694       ??_C@_0O@MFKCCJIP@GL_FLOAT_VEC4?$AA@ 10010694     FIMGlib:glShader.obj
 0001:0000f6a4       ??_C@_0O@IKODLPEI@GL_FLOAT_VEC3?$AA@ 100106a4     FIMGlib:glShader.obj
 0001:0000f6b4       ??_C@_0O@JDPIIOAJ@GL_FLOAT_VEC2?$AA@ 100106b4     FIMGlib:glShader.obj
 0001:0000f6c4       ??_C@_06GDCJNGFG@GL_INT?$AA@ 100106c4     FIMGlib:glShader.obj
 0001:0000f6cc       ??_C@_08CAFAKAJG@GL_FLOAT?$AA@ 100106cc     FIMGlib:glShader.obj
 0001:0000f6d8       ??_C@_0BB@JAKEHDNF@numSlotsUsed?$CB?$DN?50?$AA@ 100106d8     FIMGlib:glShader.obj
 0001:0000f6ec       ??_C@_0BJ@JIHGGLOB@0?5?$CG?$CG?5?$CCShaderPtr?5is?50?$CB?$CB?$CB?$CC?$AA@ 100106ec     FIMGlib:glShader.obj
 0001:0000f708       ??_C@_0DE@IHGEAFJE@?$CItype?5?$CB?$DN?5INVALID_SHADER?$CJ?$CG?$CG?$CCShade@ 10010708     FIMGlib:glShader.obj
 0001:0000f740       ??_C@_0GG@BBGAONBP@LINK?5ERROR?3?5two?5variables?5in?5a?5V@ 10010740     FIMGlib:glShader.obj
 0001:0000f7a8       ??_C@_0BJ@DOLBABKJ@LINK?5ERROR?3?5FS?5varying?5?$DM?$AA@ 100107a8     FIMGlib:glShader.obj
 0001:0000f7c4       ??_C@_0BJ@IKLGKHHD@LINK?5ERROR?3?5VS?5varying?5?$DM?$AA@ 100107c4     FIMGlib:glShader.obj
 0001:0000f7e0       ??_C@_0BJ@JAAEOFPE@?$DO?5register?5out?5of?5range?6?$AA@ 100107e0     FIMGlib:glShader.obj
 0001:0000f7fc       ??_C@_0BM@GIBIHBLH@?$CIvsReg?$CB?$DN?91?$CJ?5?$CG?$CG?$CCvsReg?5is?5?91?$CC?$AA@ 100107fc     FIMGlib:glShader.obj
 0001:0000f818       ??_C@_0O@MPCJJLAI@gl_PointCoord?$AA@ 10010818     FIMGlib:glShader.obj
 0001:0000f828       ??_C@_0BK@JOJHMMLE@UniformTable?3?3getLocation?$AA@ 10010828     FIMGlib:glShader.obj
 0001:0000f844       ??_C@_0CK@GDMFNNAB@LINK?5FAILED?3?5type?5mismatch?5for?5v@ 10010844     FIMGlib:glShader.obj
 0001:0000f870       ??_C@_09PEJBFDKL@?5VStype?3?5?$AA@ 10010870     FIMGlib:glShader.obj
 0001:0000f87c       ??_C@_09FIFBBBNK@?5FStype?3?5?$AA@ 1001087c     FIMGlib:glShader.obj
 0001:0000f888       ??_C@_01EEMJAFIK@?6?$AA@   10010888     FIMGlib:glShader.obj
 0001:0000f88c       ??_C@_0DP@DHMFJJHK@LINK?5FAILED?3?5no?5matching?5varying@ 1001088c     FIMGlib:glShader.obj
 0001:0000f8cc       ??_C@_0CC@BPJCDECE@LINK?5FAILED?3?5unknown?5varying?5typ@ 100108cc     FIMGlib:glShader.obj
 0001:0000f8f0       ??_C@_0DC@FHCAOIIH@FAILED?3?5No?5free?5locations?5found?5@ 100108f0     FIMGlib:glShader.obj
 0001:0000f924       ??_C@_0BE@FMLMHBMM@FAILED?3?5collision?$CB?6?$AA@ 10010924     FIMGlib:glShader.obj
 0001:0000f938       ??_C@_0CM@CJEDCPCO@LINK?5FAILED?3?5Number?5of?5attribute@ 10010938     FIMGlib:glShader.obj
 0001:0000f964       ??_C@_0CL@DGJCMKFN@LINK?5FAILED?3?5Overflowing?5attrib?5@ 10010964     FIMGlib:glShader.obj
 0001:0000f990       ??_C@_0FF@KBDMHBGK@?$CI?$CIvsRegIndex?$CLnumSlots?91?$CJ?$DMMAX_VER@ 10010990     FIMGlib:glShader.obj
 0001:0000f9e8       ??_C@_0CF@PNPGEPNP@LINK?5FAILED?3?5Mismatched?5uniform?5@ 100109e8     FIMGlib:glShader.obj
 0001:0000fa10       ??_C@_0DH@IPFAHJAM@false?5?$CG?$CG?5?$CCInternal?5error?3?5var?5st@ 10010a10     FIMGlib:glShader.obj
 0001:0000fa48       ??_C@_0EC@GFEFINEN@LINK?5FAILED?3?5Uniform?5name?5for?5ba@ 10010a48     FIMGlib:glShader.obj
 0001:0000fa8c       ??_C@_0BP@KNMFFIPH@false?5?$CG?$CG?5?$CCDuplicate?5var?5name?$CB?$CC?$AA@ 10010a8c     FIMGlib:glShader.obj
 0001:0000faac       ??_C@_0CK@OIHNAHBH@LINK?5FAILED?3?5Duplicate?5uniform?5n@ 10010aac     FIMGlib:glShader.obj
 0001:0000fad8       ??_C@_0GC@PBEDHKOE@LINK?5FAILED?3?5Internal?5Error?4?5The@ 10010ad8     FIMGlib:glShader.obj
 0001:0000fb40       ??_C@_0HO@GKLCPMAL@?$CIbt?9?$DOregclass?5?$DN?$DN?5DCL_REGSET_CONS@ 10010b40     FIMGlib:glShader.obj
 0001:0000fbc0       ??_C@_0CH@BLPNKILJ@INTERNAL?5ERROR?3?5unknown?5variable@ 10010bc0     FIMGlib:glShader.obj
 0001:0000fbe8       ??_C@_0EM@IECLALCI@LINK?5FAILED?3?5Uniform?5name?5for?5ar@ 10010be8     FIMGlib:glShader.obj
 0001:0000fc34       ??_C@_0BF@JOHCDIPF@it?9?$DOsecond?4size?5?$DO?$DN?50?$AA@ 10010c34     FIMGlib:glShader.obj
 0001:0000fc50       ??_C@_0ED@BPDDNMCA@?$CI?$CIstride?5?$CG?50x3?$CJ?$DN?$DN0?$CJ?5?$CG?$CG?5?$CCSampler?5@ 10010c50     FIMGlib:glShader.obj
 0001:0000fc98       ??_C@_0HO@FECJAAHH@?$CIat?9?$DOregclass?5?$DN?$DN?5DCL_REGSET_CONS@ 10010c98     FIMGlib:glShader.obj
 0001:0000fd18       ??_C@_04KBDJOJNB@?$FL?$CFd?$FN?$AA@ 10010d18     FIMGlib:glShader.obj
 0001:0000fd20       ??_C@_0N@IDDEBJCE@gl_PointSize?$AA@ 10010d20     FIMGlib:glShader.obj
 0001:0000fd30       ??_C@_0N@PNLLEOHM@gl_FragCoord?$AA@ 10010d30     FIMGlib:glShader.obj
 0001:0000fd40       ??_C@_0BK@CLBGGFDL@Unsupported?5sampler?5type?6?$AA@ 10010d40     FIMGlib:glShader.obj
 0001:0000fd5c       ??_C@_0BH@GGLJICKK@Exceeded?5FS?5samplers?$CB?6?$AA@ 10010d5c     FIMGlib:glShader.obj
 0001:0000fd74       ??_C@_0BH@LLOMG@Exceeded?5VS?5samplers?$CB?6?$AA@ 10010d74     FIMGlib:glShader.obj
 0001:0000fd8c       ??_C@_0DH@JODFONCE@INTERNAL?5ERROR?3?5TexDim?5var?5gener@ 10010d8c     FIMGlib:glShader.obj
 0001:0000fdc8       ??_C@_0EA@GBNJGNKK@INTERNAL?5WARNING?3?5TexDim?5used?5fo@ 10010dc8     FIMGlib:glShader.obj
 0001:0000fe08       ??_C@_06KHLBPCON@TexDim?$AA@ 10010e08     FIMGlib:glShader.obj
 0001:0000fe10       ??_C@_0BM@GMAEFOGK@false?5?$CG?$CG?5?$CCunexpected?5sType?$CC?$AA@ 10010e10     FIMGlib:glShader.obj
 0001:0000fe30       ??_C@_0FI@FMLJHEFF@?$CIsType?5?$DN?$DN?5shaderHeaderType?$CIbin?$CJ?$CJ@ 10010e30     FIMGlib:glShader.obj
 0001:0000fe88       ??_C@_0BN@CKGAPEMH@bin?5?$CG?$CG?5?$CCBin?5shaderPtr?5is?50?$CB?$CC?$AA@ 10010e88     FIMGlib:glShader.obj
 0001:0000fea8       ??_C@_0BI@GPFLAHDO@ProgramVars?3?3insertVars?$AA@ 10010ea8     FIMGlib:glShader.obj
 0001:0000fec0       ??_C@_0BP@KMCANGHO@ShaderProgNameList?3?3freeUnused?$AA@ 10010ec0     FIMGlib:glShader.obj
 0001:0000fee0       ??_C@_0CJ@FNOGMCGA@false?5?$CG?$CG?5?$CCTrying?5to?5attach?5null?5@ 10010ee0     FIMGlib:glShader.obj
 0001:0000ff0c       ??_C@_0BG@HHMIANB@Program?3?3attachShader?$AA@ 10010f0c     FIMGlib:glShader.obj
 0001:0000ff24       ??_C@_0BN@PEBFNDGC@Unable?5to?5allocate?5?$CFd?5bytes?6?$AA@ 10010f24     GPIlib:GPI_wince.obj
 0001:0000ff48       ??_C@_0EA@LJKCCKCA@Received?5an?5alloc?5request?5of?5siz@ 10010f48     GPIlib:GPI_wince.obj
 0001:0000ff88       ??_C@_0BH@FLIKCLHL@Unable?5to?5free?5memory?6?$AA@ 10010f88     GPIlib:GPI_wince.obj
 0001:0000ffa0       ??_C@_0CI@ODNNEIEG@Unable?5to?5free?5memory?5for?5depth?5@ 10010fa0     GPIlib:GPI_wince.obj
 0001:0000ffc8       ??_C@_0DL@FANLJNNA@Unable?5to?5allocate?5?$CFd?5bytes?5for?5@ 10010fc8     GPIlib:GPI_wince.obj
 0001:00010004       ??_C@_0CO@CDFMBLOB@Unable?5to?5allocate?5?$CFd?5bytes?5for?5@ 10011004     GPIlib:GPI_wince.obj
 0001:00010060       InitBufferList             10011060 f   glbuffer.obj
 0001:000100c8       GetBufferIndex             100110c8 f   glbuffer.obj
 0001:000100f4       GetBufferName              100110f4 f   glbuffer.obj
 0001:00010144       GetBufferObject            10011144 f   glbuffer.obj
 0001:000101a0       glBindBuffer               100111a0 f   glbuffer.obj
 0001:000101b0       glBufferData               100111b0 f   glbuffer.obj
 0001:000101c0       glBufferSubData            100111c0 f   glbuffer.obj
 0001:000101d0       glDeleteBuffers            100111d0 f   glbuffer.obj
 0001:000101e0       glGenBuffers               100111e0 f   glbuffer.obj
 0001:000101f0       glIsBuffer                 100111f0 f   glbuffer.obj
 0001:00010200       glGetBufferParameteriv     10011200 f   glbuffer.obj
 0001:00010210       glClearColor               10011210 f   glclear.obj
 0001:00010220       glClearDepthf              10011220 f   glclear.obj
 0001:00010230       glClear                    10011230 f   glclear.obj
 0001:00010240       glClearColorx              10011240 f   glclear.obj
 0001:000102b4       glClearDepthx              100112b4 f   glclear.obj
 0001:000102d0       glClearStencil             100112d0 f   glclear.obj
 0001:000102e0       glClipPlanef               100112e0 f   glclip.obj
 0001:00010378       glGetClipPlanef            10011378 f   glclip.obj
 0001:000103f0       glClipPlanex               100113f0 f   glclip.obj
 0001:000104ac       glGetClipPlanex            100114ac f   glclip.obj
 0001:00010574       InitLight                  10011574 f   glcolor.obj
 0001:0001061c       InitMaterial               1001161c f   glcolor.obj
 0001:00010684       glLightModelf              10011684 f   glcolor.obj
 0001:000106e8       glLightModelfv             100116e8 f   glcolor.obj
 0001:00010784       glLightfv                  10011784 f   glcolor.obj
 0001:00010a3c       glColorMask                10011a3c f   glcolor.obj
 0001:00010a4c       glFogfv                    10011a4c f   glcolor.obj
 0001:00010bf0       glShadeModel               10011bf0 f   glcolor.obj
 0001:00010c20       glLightModelx              10011c20 f   glcolor.obj
 0001:00010c78       glLightModelxv             10011c78 f   glcolor.obj
 0001:00010d40       glLightxv                  10011d40 f   glcolor.obj
 0001:00010ee4       glMaterialfv               10011ee4 f   glcolor.obj
 0001:00011084       glMaterialxv               10012084 f   glcolor.obj
 0001:0001135c       glFogxv                    1001235c f   glcolor.obj
 0001:00011534       glLightf                   10012534 f   glcolor.obj
 0001:000115e4       glFogf                     100125e4 f   glcolor.obj
 0001:00011678       glLightx                   10012678 f   glcolor.obj
 0001:000116ac       glMaterialf                100126ac f   glcolor.obj
 0001:00011714       glMaterialx                10012714 f   glcolor.obj
 0001:0001179c       glFogx                     1001279c f   glcolor.obj
 0001:00011830       glDisable                  10012830 f   glenable.obj
 0001:00011c2c       glEnableClientState        10012c2c f   glenable.obj
 0001:00011d3c       glDisableClientState       10012d3c f   glenable.obj
 0001:00011e4c       glEnable                   10012e4c f   glenable.obj
 0001:00012250       glIsEnabled                10013250 f   glenable.obj
 0001:00012584       glGetFixedv                10013584 f   glgets.obj
 0001:000125d8       glGetFloatv                100135d8 f   glgets.obj
 0001:0001262c       glGetLightfv               1001362c f   glgets.obj
 0001:00012790       glGetMaterialfv            10013790 f   glgets.obj
 0001:000128ac       glGetTexEnvfv              100138ac f   glgets.obj
 0001:000128fc       glGetTexParameterfv        100138fc f   glgets.obj
 0001:0001290c       glGetBooleanv              1001390c f   glgets.obj
 0001:00012960       glGetError                 10013960 f   glgets.obj
 0001:000129a8       glGetLightxv               100139a8 f   glgets.obj
 0001:00012c90       glGetMaterialxv            10013c90 f   glgets.obj
 0001:00012c94       glGetPointerv              10013c94 f   glgets.obj
 0001:00012ce8       glGetIntegerv              10013ce8 f   glgets.obj
 0001:00013190       glGetString                10014190 f   glgets.obj
 0001:0001321c       glGetTexEnviv              1001421c f   glgets.obj
 0001:0001326c       glGetTexEnvxv              1001426c f   glgets.obj
 0001:000132bc       glGetTexParameteriv        100142bc f   glgets.obj
 0001:000132cc       glGetTexParameterxv        100142cc f   glgets.obj
 0001:000132dc       InverseTranspose           100142dc f   glimplmatrix.obj
 0001:00013590       InverseMatrix33            10014590 f   glimplmatrix.obj
 0001:00013a9c       MultMatrix44               10014a9c f   glimplmatrix.obj
 0001:00013b58       WeightedSum                10014b58 f   glimplmatrix.obj
 0001:00013c44       MultMatrix4f               10014c44 f   glimplmatrix.obj
 0001:00014480       InitializeMatrixState      10015480 f   glmatrix.obj
 0001:0001453c       GetCurrentMatrix           1001553c f   glmatrix.obj
 0001:000145f4       MultMatrices               100155f4 f   glmatrix.obj
 0001:00014730       glMatrixMode               10015730 f   glmatrix.obj
 0001:000147a4       glPopMatrix                100157a4 f   glmatrix.obj
 0001:0001489c       glPushMatrix               1001589c f   glmatrix.obj
 0001:000149d8       glRotatef                  100159d8 f   glmatrix.obj
 0001:00014d14       glScalef                   10015d14 f   glmatrix.obj
 0001:00014e00       glTranslatef               10015e00 f   glmatrix.obj
 0001:00014ee8       glOrthof                   10015ee8 f   glmatrix.obj
 0001:000150c4       glLoadMatrixf              100160c4 f   glmatrix.obj
 0001:00015154       glFrustumf                 10016154 f   glmatrix.obj
 0001:00015378       glLoadIdentity             10016378 f   glmatrix.obj
 0001:0001540c       glMultMatrixf              1001640c f   glmatrix.obj
 0001:00015548       glOrthox                   10016548 f   glmatrix.obj
 0001:000155f8       glFrustumx                 100165f8 f   glmatrix.obj
 0001:000156a8       glMultMatrixx              100166a8 f   glmatrix.obj
 0001:000157a8       glTranslatex               100167a8 f   glmatrix.obj
 0001:00015800       glScalex                   10016800 f   glmatrix.obj
 0001:00015858       glRotatex                  10016858 f   glmatrix.obj
 0001:000158cc       glLoadMatrixx              100168cc f   glmatrix.obj
 0001:000159b0       glCurrentPaletteMatrixOES  100169b0 f   glmatrix.obj
 0001:000159f8       glLoadPaletteFromModelViewMatrixOES 100169f8 f   glmatrix.obj
 0001:00015a4c       glDepthRangef              10016a4c f   glmisc.obj
 0001:00015a5c       glDepthRangex              10016a5c f   glmisc.obj
 0001:00015b08       glPolygonOffset            10016b08 f   glmisc.obj
 0001:00015b18       glCullFace                 10016b18 f   glmisc.obj
 0001:00015b28       glFrontFace                10016b28 f   glmisc.obj
 0001:00015b38       glHint                     10016b38 f   glmisc.obj
 0001:00015c50       glPixelStorei              10016c50 f   glmisc.obj
 0001:00015c60       glPolygonOffsetx           10016c60 f   glmisc.obj
 0001:00015c9c       glReadPixels               10016c9c f   glmisc.obj
 0001:00015ccc       glViewport                 10016ccc f   glmisc.obj
 0001:00015cdc       glLineWidth                10016cdc f   glmisc.obj
 0001:00015cec       glPointSize                10016cec f   glmisc.obj
 0001:00015d28       glLineWidthx               10016d28 f   glmisc.obj
 0001:00015d44       glPointSizex               10016d44 f   glmisc.obj
 0001:00015d94       glPointParameterf          10016d94 f   glmisc.obj
 0001:00015e34       glPointParameterfv         10016e34 f   glmisc.obj
 0001:00015f1c       glPointParameterxv         10016f1c f   glmisc.obj
 0001:00016098       glPointParameterx          10017098 f   glmisc.obj
 0001:0001611c       glAlphaFunc                1001711c f   glPerFragment.obj
 0001:0001612c       glBlendFunc                1001712c f   glPerFragment.obj
 0001:0001613c       glAlphaFuncx               1001713c f   glPerFragment.obj
 0001:00016168       glDepthFunc                10017168 f   glPerFragment.obj
 0001:00016178       glDepthMask                10017178 f   glPerFragment.obj
 0001:00016188       glStencilFunc              10017188 f   glPerFragment.obj
 0001:00016198       glStencilMask              10017198 f   glPerFragment.obj
 0001:000161a8       glStencilOp                100171a8 f   glPerFragment.obj
 0001:000161b8       glSampleCoverage           100171b8 f   glPerFragment.obj
 0001:000161c8       glSampleCoveragex          100171c8 f   glPerFragment.obj
 0001:000161ec       glScissor                  100171ec f   glPerFragment.obj
 0001:000161fc       glLogicOp                  100171fc f   glPerFragment.obj
 0001:0001620c       GetTypeSize                1001720c f   glvertex.obj
 0001:00016254       glColor4f                  10017254 f   glvertex.obj
 0001:000162c8       glColor4x                  100172c8 f   glvertex.obj
 0001:000163a0       glColor4ub                 100173a0 f   glvertex.obj
 0001:0001646c       glNormal3f                 1001746c f   glvertex.obj
 0001:000164a8       glNormal3x                 100174a8 f   glvertex.obj
 0001:00016518       glPointSizePointerOES      10017518 f   glvertex.obj
 0001:0001662c       glMatrixIndexPointerOES    1001762c f   glvertex.obj
 0001:00016758       glWeightPointerOES         10017758 f   glvertex.obj
 0001:00016908       hashmap_hash               10017908 f   hashmap.obj
 0001:000169c4       hashmap_put                100179c4 f   hashmap.obj
 0001:00016ad8       hashmap_get                10017ad8 f   hashmap.obj
 0001:00016b9c       hashmap_new                10017b9c f   hashmap.obj
 0001:00016c08       makeUniformTree            10017c08 f   loadshader.obj
 0001:00017d14       matTranspose               10018d14 f   loadshader.obj
 0001:00017dac       loadShader2                10018dac f   loadshader.obj
 0001:00018040       MultMatrixNor3f            10019040 f   nmatrix.obj
 0001:000184e4       ShaderInit                 100194e4 f   pointer.obj
 0001:0001852c       glVertexPointer            1001952c f   pointer.obj
 0001:0001856c       glNormalPointer            1001956c f   pointer.obj
 0001:000185ac       glColorPointer             100195ac f   pointer.obj
 0001:000185ec       glTexCoordPointer          100195ec f   pointer.obj
 0001:00018678       InitMatrices               10019678 f   render.obj
 0001:00018928       setShaderSelectInfo        10019928 f   render.obj
 0001:000189c4       multVector                 100199c4 f   render.obj
 0001:00018aa0       addVector                  10019aa0 f   render.obj
 0001:00018b7c       UniformsInit               10019b7c f   render.obj
 0001:00019c08       glDrawElements             1001ac08 f   render.obj
 0001:00019d44       glFinish                   1001ad44 f   render.obj
 0001:00019d54       glFlush                    1001ad54 f   render.obj
 0001:00019d64       CopyToFloat                1001ad64 f   render.obj
 0001:00019da4       CopyToFixed                1001ada4 f   render.obj
 0001:00019e34       CopyToInt                  1001ae34 f   render.obj
 0001:00019e94       CopyToBool                 1001ae94 f   render.obj
 0001:00019f44       CopyToFloatS               1001af44 f   render.obj
 0001:00019f4c       CopyToFixedS               1001af4c f   render.obj
 0001:00019f78       CopyToIntS                 1001af78 f   render.obj
 0001:00019f94       CopyToBoolS                1001af94 f   render.obj
 0001:00019fd0       CopyToFloatE               1001afd0 f   render.obj
 0001:00019fec       CopyToFixedE               1001afec f   render.obj
 0001:00019ff4       CopyToIntE                 1001aff4 f   render.obj
 0001:00019ffc       CopyToBoolE                1001affc f   render.obj
 0001:0001a008       GetStateAttrib             1001b008 f   render.obj
 0001:0001be5c       CreateStateGLES11          1001ce5c f   render.obj
 0001:0001c0ac       glDrawArrays               1001d0ac f   render.obj
 0001:0001c198       InitTextureList            1001d198 f   gltex.obj
 0001:0001c230       glBindTexture              1001d230 f   gltex.obj
 0001:0001c240       glDeleteTextures           1001d240 f   gltex.obj
 0001:0001c250       glGenTextures              1001d250 f   gltex.obj
 0001:0001c260       glIsTexture                1001d260 f   gltex.obj
 0001:0001c270       glActiveTexture            1001d270 f   gltex.obj
 0001:0001c2e0       glMultiTexCoord4f          1001d2e0 f   gltex.obj
 0001:0001c3a4       glMultiTexCoord4x          1001d3a4 f   gltex.obj
 0001:0001c440       glClientActiveTexture      1001d440 f   gltex.obj
 0001:0001c460       glTexEnvfv                 1001d460 f   gltex.obj
 0001:0001ca8c       glTexEnviv                 1001da8c f   gltex.obj
 0001:0001d020       glTexEnvxv                 1001e020 f   gltex.obj
 0001:0001d604       glTexParameterf            1001e604 f   gltex.obj
 0001:0001d614       glTexParameteri            1001e614 f   gltex.obj
 0001:0001d624       glTexParameterx            1001e624 f   gltex.obj
 0001:0001d650       glTexParameterfv           1001e650 f   gltex.obj
 0001:0001d660       glTexParameteriv           1001e660 f   gltex.obj
 0001:0001d670       glTexParameterxv           1001e670 f   gltex.obj
 0001:0001d69c       glCopyTexImage2D           1001e69c f   gltex.obj
 0001:0001d6d4       glCopyTexSubImage2D        1001e6d4 f   gltex.obj
 0001:0001d70c       glTexImage2D               1001e70c f   gltex.obj
 0001:0001d74c       glTexSubImage2D            1001e74c f   gltex.obj
 0001:0001d78c       glCompressedTexImage2D     1001e78c f   gltex.obj
 0001:0001d7c4       glCompressedTexSubImage2D  1001e7c4 f   gltex.obj
 0001:0001d804       glMapTexture               1001e804 f   gltex.obj
 0001:0001d814       glUnmapTexture             1001e814 f   gltex.obj
 0001:0001d828       glTexEnvf                  1001e828 f   gltex.obj
 0001:0001d88c       glTexEnvi                  1001e88c f   gltex.obj
 0001:0001d8f0       glTexEnvx                  1001e8f0 f   gltex.obj
 0001:0001d954       GLES11SetSurfaceData       1001e954 f   eglInterface.obj
 0001:0001d978       GLES11CreateContext        1001e978 f   eglInterface.obj
 0001:0001d988       GLES11SetContext           1001e988 f   eglInterface.obj
 0001:0001d9a0       GLES11DestroyContext       1001e9a0 f   eglInterface.obj
 0001:0001d9e0       GetGLstate20               1001e9e0 f   eglInterface.obj
 0001:0001d9f8       ?printf@Plat@@SAHPBDZZ     1001e9f8 f i FIMGlib:glCore.obj
 0001:0001da18       ?InitFallBackTexObjects@SharedTextureState@@QAAXXZ 1001ea18 f i FIMGlib:glCore.obj
 0001:0001df28       ?unlockGLSharedTextureState@@YAXPAUOGLState@@@Z 1001ef28 f i FIMGlib:glCore.obj
 0001:0001e2bc       ?FimgFinish@@YA?AW4glfError@@PAUOGLState@@@Z 1001f2bc f   FIMGlib:glCore.obj
 0001:0001e2f8       ?set_err@@YAXI@Z           1001f2f8 f   FIMGlib:glCore.obj
 0001:0001e350       ?set_err@@YAXPAUOGLState@@I@Z 1001f350 f   FIMGlib:glCore.obj
 0001:0001e368       glBlendFuncSeparate        1001f368 f   FIMGlib:glCore.obj
 0001:0001e518       OGL2_glClear               1001f518 f   FIMGlib:glCore.obj
 0001:0001e638       OGL2_glClearColor          1001f638 f   FIMGlib:glCore.obj
 0001:0001e7c0       OGL2_glClearDepthf         1001f7c0 f   FIMGlib:glCore.obj
 0001:0001e85c       OGL2_glClearStencil        1001f85c f   FIMGlib:glCore.obj
 0001:0001e8a8       OGL2_glColorMask           1001f8a8 f   FIMGlib:glCore.obj
 0001:0001e90c       OGL2_glCullFace            1001f90c f   FIMGlib:glCore.obj
 0001:0001e9d0       OGL2_glDepthFunc           1001f9d0 f   FIMGlib:glCore.obj
 0001:0001ea90       OGL2_glDepthMask           1001fa90 f   FIMGlib:glCore.obj
 0001:0001eadc       OGL2_glDepthRangef         1001fadc f   FIMGlib:glCore.obj
 0001:0001ebc8       OGL2_glDisable             1001fbc8 f   FIMGlib:glCore.obj
 0001:0001ed8c       OGL2_glDisableVertexAttribArray 1001fd8c f   FIMGlib:glCore.obj
 0001:0001ee34       ?isDrawVertexCountValid@@YA_NIH@Z 1001fe34 f   FIMGlib:glCore.obj
 0001:0001ef1c       OGL2_glEnable              1001ff1c f   FIMGlib:glCore.obj
 0001:0001f0e0       OGL2_glEnableVertexAttribArray 100200e0 f   FIMGlib:glCore.obj
 0001:0001f188       ?stateFlush@@YA_NPAUOGLState@@@Z 10020188 f   FIMGlib:glCore.obj
 0001:0001f418       OGL2_glFinish              10020418 f   FIMGlib:glCore.obj
 0001:0001f494       OGL2_glFlush               10020494 f   FIMGlib:glCore.obj
 0001:0001f508       OGL2_glFrontFace           10020508 f   FIMGlib:glCore.obj
 0001:0001f5b4       OGL2_glGetBufferParameteriv 100205b4 f   FIMGlib:glCore.obj
 0001:0001f73c       OGL2_glGetError            1002073c f   FIMGlib:glCore.obj
 0001:0001f78c       OGL2_glGetString           1002078c f   FIMGlib:glCore.obj
 0001:0001f88c       ?GetVertexAttribfv@@YAIIIPAM@Z 1002088c f   FIMGlib:glCore.obj
 0001:0001fa54       OGL2_glGetVertexAttribfv   10020a54 f   FIMGlib:glCore.obj
 0001:0001fa64       OGL2_glGetVertexAttribiv   10020a64 f   FIMGlib:glCore.obj
 0001:0001fad0       OGL2_glGetVertexAttribPointerv 10020ad0 f   FIMGlib:glCore.obj
 0001:0001fc00       OGL2_glHint                10020c00 f   FIMGlib:glCore.obj
 0001:0001fcf4       OGL2_glIsBuffer            10020cf4 f   FIMGlib:glCore.obj
 0001:0001fd84       OGL2_glIsEnabled           10020d84 f   FIMGlib:glCore.obj
 0001:0001ff20       OGL2_glLineWidth           10020f20 f   FIMGlib:glCore.obj
 0001:0001ffd4       OGL2_glPixelStorei         10020fd4 f   FIMGlib:glCore.obj
 0001:000200d4       OGL2_glPolygonOffset       100210d4 f   FIMGlib:glCore.obj
 0001:00020124       OGL2_glReadPixels          10021124 f   FIMGlib:glCore.obj
 0001:00020480       OGL2_glSampleCoverage      10021480 f   FIMGlib:glCore.obj
 0001:00020528       OGL2_glScissor             10021528 f   FIMGlib:glCore.obj
 0001:000205ec       glStencilOpSeparate        100215ec f   FIMGlib:glCore.obj
 0001:000207cc       OGL2_glAlphaFuncEXP        100217cc f   FIMGlib:glCore.obj
 0001:00020884       OGL2_glLogicOpEXP          10021884 f   FIMGlib:glCore.obj
 0001:00020934       OGL2_glVertexAttrib4f      10021934 f   FIMGlib:glCore.obj
 0001:000209f0       OGL2_glVertexAttrib4fv     100219f0 f   FIMGlib:glCore.obj
 0001:00020a8c       OGL2_glVertexAttribPointer 10021a8c f   FIMGlib:glCore.obj
 0001:00020ba8       OGL2_glViewport            10021ba8 f   FIMGlib:glCore.obj
 0001:00020c68       OGL2_glBindBuffer          10021c68 f   FIMGlib:glCore.obj
 0001:00020e9c       OGL2_glGenBuffers          10021e9c f   FIMGlib:glCore.obj
 0001:00020f60       OGL2_glBufferSubData       10021f60 f   FIMGlib:glCore.obj
 0001:000210ec       GLES2ChunkNew              100220ec f   FIMGlib:glCore.obj
 0001:00021134       GLES2ChunkFree             10022134 f   FIMGlib:glCore.obj
 0001:00021154       GLES2DepthNew              10022154 f   FIMGlib:glCore.obj
 0001:000211a4       GLES2DepthFree             100221a4 f   FIMGlib:glCore.obj
 0001:000211b4       ?InitEGLInterfaceFunction@@YAXXZ 100221b4 f   FIMGlib:glCore.obj
 0001:000212e0       ??9iterator@?$_Tree@IU?$pair@$$CBIPAURenderbufferObject@@@std@@U_Kfn@?$map@IPAURenderbufferObject@@U?$less@I@std@@V?$allocator@PAURenderbufferObject@@@3@@2@U?$less@I@2@V?$allocator@PAURenderbufferObject@@@2@@std@@QBA_NABV012@@Z 100222e0 f i FIMGlib:glCore.obj
 0001:00021314       ??9iterator@?$_Tree@IU?$pair@$$CBIPAUFramebufferObject@@@std@@U_Kfn@?$map@IPAUFramebufferObject@@U?$less@I@std@@V?$allocator@PAUFramebufferObject@@@3@@2@U?$less@I@2@V?$allocator@PAUFramebufferObject@@@2@@std@@QBA_NABV012@@Z 10022314 f i FIMGlib:glCore.obj
 0001:00021348       ?_Lrotate@?$_Tree@IU?$pair@$$CBIPAURenderbufferObject@@@std@@U_Kfn@?$map@IPAURenderbufferObject@@U?$less@I@std@@V?$allocator@PAURenderbufferObject@@@3@@2@U?$less@I@2@V?$allocator@PAURenderbufferObject@@@2@@std@@IAAXPAU_Node@12@@Z 10022348 f i FIMGlib:glCore.obj
 0001:000213c8       ?_Max@?$_Tree@IU?$pair@$$CBIPAURenderbufferObject@@@std@@U_Kfn@?$map@IPAURenderbufferObject@@U?$less@I@std@@V?$allocator@PAURenderbufferObject@@@3@@2@U?$less@I@2@V?$allocator@PAURenderbufferObject@@@2@@std@@KAPAU_Node@12@PAU312@@Z 100223c8 f i FIMGlib:glCore.obj
 0001:00021404       ?_Rrotate@?$_Tree@IU?$pair@$$CBIPAURenderbufferObject@@@std@@U_Kfn@?$map@IPAURenderbufferObject@@U?$less@I@std@@V?$allocator@PAURenderbufferObject@@@3@@2@U?$less@I@2@V?$allocator@PAURenderbufferObject@@@2@@std@@IAAXPAU_Node@12@@Z 10022404 f i FIMGlib:glCore.obj
 0001:0002148c       ?_Max@?$_Tree@IU?$pair@$$CBIPAUFramebufferObject@@@std@@U_Kfn@?$map@IPAUFramebufferObject@@U?$less@I@std@@V?$allocator@PAUFramebufferObject@@@3@@2@U?$less@I@2@V?$allocator@PAUFramebufferObject@@@2@@std@@KAPAU_Node@12@PAU312@@Z 1002248c f i FIMGlib:glCore.obj
 0001:000214c8       ?_Max@?$_Tree@IIU_Kfn@?$set@IU?$less@I@std@@V?$allocator@I@2@@std@@U?$less@I@3@V?$allocator@I@3@@std@@KAPAU_Node@12@PAU312@@Z 100224c8 f i FIMGlib:glCore.obj
 0001:00021504       ?_Inc@const_iterator@?$_Tree@IU?$pair@$$CBIPAUFramebufferObject@@@std@@U_Kfn@?$map@IPAUFramebufferObject@@U?$less@I@std@@V?$allocator@PAUFramebufferObject@@@3@@2@U?$less@I@2@V?$allocator@PAUFramebufferObject@@@2@@std@@QAAXXZ 10022504 f i FIMGlib:glCore.obj
 0001:000215a8       ?_Inc@const_iterator@?$_Tree@IIU_Kfn@?$set@IU?$less@I@std@@V?$allocator@I@2@@std@@U?$less@I@3@V?$allocator@I@3@@std@@QAAXXZ 100225a8 f i FIMGlib:glCore.obj
 0001:0002164c       GLES2SetSurfaceData        1002264c f   FIMGlib:glCore.obj
 0001:00021720       OGL2_glBlendFunc           10022720 f   FIMGlib:glCore.obj
 0001:00021738       OGL2_glDrawArrays          10022738 f   FIMGlib:glCore.obj
 0001:000218f4       OGL2_glDrawElements        100228f4 f   FIMGlib:glCore.obj
 0001:00021acc       OGL2_glGetBooleanv         10022acc f   FIMGlib:glCore.obj
 0001:00022d44       OGL2_glGetFloatv           10023d44 f   FIMGlib:glCore.obj
 0001:00023f14       OGL2_glGetIntegerv         10024f14 f   FIMGlib:glCore.obj
 0001:000253cc       OGL2_glStencilFunc         100263cc f   FIMGlib:glCore.obj
 0001:00025498       OGL2_glStencilMask         10026498 f   FIMGlib:glCore.obj
 0001:000254e8       OGL2_glStencilOp           100264e8 f   FIMGlib:glCore.obj
 0001:0002550c       OGL2_glVertexAttrib1f      1002650c f   FIMGlib:glCore.obj
 0001:00025534       OGL2_glVertexAttrib3f      10026534 f   FIMGlib:glCore.obj
 0001:00025554       OGL2_glDeleteBuffers       10026554 f   FIMGlib:glCore.obj
 0001:000256c4       OGL2_glBufferData          100266c4 f   FIMGlib:glCore.obj
 0001:000258e0       ??9iterator@?$_Tree@IIU_Kfn@?$set@IU?$less@I@std@@V?$allocator@I@2@@std@@U?$less@I@3@V?$allocator@I@3@@std@@QBA_NABV012@@Z 100268e0 f i FIMGlib:glCore.obj
 0001:00025914       ?_Lrotate@?$_Tree@IU?$pair@$$CBIPAUFramebufferObject@@@std@@U_Kfn@?$map@IPAUFramebufferObject@@U?$less@I@std@@V?$allocator@PAUFramebufferObject@@@3@@2@U?$less@I@2@V?$allocator@PAUFramebufferObject@@@2@@std@@IAAXPAU_Node@12@@Z 10026914 f i FIMGlib:glCore.obj
[...]
 0001:0006a3bc       __rt_udiv                  1006b3bc f   coredll:COREDLL.dll
 0001:0006a3cc       memset                     1006b3cc f   coredll:COREDLL.dll
 0001:0006a3dc       printf                     1006b3dc f   coredll:COREDLL.dll
 0001:0006a3ec       fflush                     1006b3ec f   coredll:COREDLL.dll
 0001:0006a3fc       fprintf                    1006b3fc f   coredll:COREDLL.dll
 0001:0006a40c       _getstdfilex               1006b40c f   coredll:COREDLL.dll
 0001:0006a41c       sprintf                    1006b41c f   coredll:COREDLL.dll
 0001:0006a42c       __divd                     1006b42c f   coredll:COREDLL.dll
 0001:0006a43c       ??3@YAXPAX@Z               1006b43c f   coredll:COREDLL.dll
 0001:0006a44c       TlsCall                    1006b44c f   coredll:COREDLL.dll
 0001:0006a45c       vprintf                    1006b45c f   coredll:COREDLL.dll
 0001:0006a46c       __led                      1006b46c f   coredll:COREDLL.dll
 0001:0006a47c       ??2@YAPAXI@Z               1006b47c f   coredll:COREDLL.dll
 0001:0006a48c       __addd                     1006b48c f   coredll:COREDLL.dll
 0001:0006a49c       floor                      1006b49c f   coredll:COREDLL.dll
 0001:0006a4ac       CloseHandle                1006b4ac f   coredll:COREDLL.dll
 0001:0006a4bc       VirtualFree                1006b4bc f   coredll:COREDLL.dll
 0001:0006a4cc       DeleteCriticalSection      1006b4cc f   coredll:COREDLL.dll
 0001:0006a4dc       InitializeCriticalSection  1006b4dc f   coredll:COREDLL.dll
 0001:0006a4ec       TlsSetValue                1006b4ec f   coredll:COREDLL.dll
 0001:0006a4fc       VirtualCopy                1006b4fc f   coredll:COREDLL.dll
 0001:0006a50c       VirtualAlloc               1006b50c f   coredll:COREDLL.dll
 0001:0006a51c       DeviceIoControl            1006b51c f   coredll:COREDLL.dll
 0001:0006a52c       CreateFileW                1006b52c f   coredll:COREDLL.dll
 0001:0006a53c       __itod                     1006b53c f   coredll:COREDLL.dll
 0001:0006a54c       memcmp                     1006b54c f   coredll:COREDLL.dll
 0001:0006a55c       strlen                     1006b55c f   coredll:COREDLL.dll
 0001:0006a56c       memmove                    1006b56c f   coredll:COREDLL.dll
 0001:0006a57c       ?_Xran@std@@YAXXZ          1006b57c f   coredll:COREDLL.dll
 0001:0006a58c       strncpy                    1006b58c f   coredll:COREDLL.dll
 0001:0006a59c       __CxxFrameHandler          1006b59c f   coredll:COREDLL.dll
 0001:0006a5ac       ?_Xlen@std@@YAXXZ          1006b5ac f   coredll:COREDLL.dll
 0001:0006a5bc       RegQueryValueExW           1006b5bc f   coredll:COREDLL.dll
 0001:0006a5cc       RegOpenKeyExW              1006b5cc f   coredll:COREDLL.dll
 0001:0006a5dc       GetLastError               1006b5dc f   coredll:COREDLL.dll
 0001:0006a5ec       CreateMutexW               1006b5ec f   coredll:COREDLL.dll
 0001:0006a5fc       WaitForSingleObject        1006b5fc f   coredll:COREDLL.dll
 0001:0006a60c       ReleaseMutex               1006b60c f   coredll:COREDLL.dll
 0001:0006a61c       EnterCriticalSection       1006b61c f   coredll:COREDLL.dll
 0001:0006a62c       LeaveCriticalSection       1006b62c f   coredll:COREDLL.dll
 0001:0006a63c       __dtou                     1006b63c f   coredll:COREDLL.dll
 0001:0006a64c       strcmp                     1006b64c f   coredll:COREDLL.dll
 0001:0006a65c       strncmp                    1006b65c f   coredll:COREDLL.dll
 0001:0006a66c       UnmapViewOfFile            1006b66c f   coredll:COREDLL.dll
 0001:0006a67c       FreePhysMem                1006b67c f   coredll:COREDLL.dll
 0001:0006a68c       MapViewOfFile              1006b68c f   coredll:COREDLL.dll
 0001:0006a69c       CreateFileMappingW         1006b69c f   coredll:COREDLL.dll
 0001:0006a6ac       AllocPhysMem               1006b6ac f   coredll:COREDLL.dll
 0001:0006a6bc       _DllMainCRTStartup         1006b6bc f   corelibc:pegdmain.obj
 0001:0006a754       __security_check_cookie    1006b754     corelibc:armsecgs.obj
 0001:0006a768       __gsfailure                1006b768     corelibc:armsecgs.obj
 0001:0006a7ac       _cinit                     1006b7ac f   corelibc:crt0dat.obj
 0001:0006a91c       _cexit                     1006b91c f   corelibc:crt0dat.obj
 0001:0006a938       __security_init_cookie     1006b938 f   corelibc:seccinit.obj
 0001:0006a988       __report_gsfailure         1006b988 f   coredll:COREDLL.dll
 0001:0006a998       LocalFree                  1006b998 f   coredll:COREDLL.dll
 0001:0006a9a8       __security_gen_cookie      1006b9a8 f   coredll:COREDLL.dll
 0001:0006a9b8       __IMPORT_DESCRIPTOR_COREDLL 1006b9b8     coredll:COREDLL.dll
 0001:0006a9cc       __IMPORT_DESCRIPTOR_libEGL 1006b9cc     libEGL:libEGL.dll
 0001:0006a9e0       __NULL_IMPORT_DESCRIPTOR   1006b9e0     coredll:COREDLL.dll
 0002:00000000       __imp___itos               1006d000     coredll:COREDLL.dll
 0002:00000004       __imp___muls               1006d004     coredll:COREDLL.dll
 0002:00000008       __imp___stou               1006d008     coredll:COREDLL.dll
 0002:0000000c       __imp___nes                1006d00c     coredll:COREDLL.dll
 0002:00000010       __imp___lts                1006d010     coredll:COREDLL.dll
 0002:00000014       __imp___stod               1006d014     coredll:COREDLL.dll
 0002:00000018       __imp___dtos               1006d018     coredll:COREDLL.dll
 0002:0000001c       __imp___stoi               1006d01c     coredll:COREDLL.dll
 0002:00000020       __imp___subd               1006d020     coredll:COREDLL.dll
 0002:00000024       __imp___muld               1006d024     coredll:COREDLL.dll
 0002:00000028       __imp___dtoi               1006d028     coredll:COREDLL.dll
 0002:0000002c       __imp_pow                  1006d02c     coredll:COREDLL.dll
 0002:00000030       __imp___subs               1006d030     coredll:COREDLL.dll
 0002:00000034       __imp___adds               1006d034     coredll:COREDLL.dll
 0002:00000038       __imp___eqs                1006d038     coredll:COREDLL.dll
 0002:0000003c       __imp___divs               1006d03c     coredll:COREDLL.dll
 0002:00000040       __imp___gtd                1006d040     coredll:COREDLL.dll
 0002:00000044       __imp___eqd                1006d044     coredll:COREDLL.dll
 0002:00000048       __imp___ged                1006d048     coredll:COREDLL.dll
 0002:0000004c       __imp___ltd                1006d04c     coredll:COREDLL.dll
 0002:00000050       __imp___negs               1006d050     coredll:COREDLL.dll
 0002:00000054       __imp_malloc               1006d054     coredll:COREDLL.dll
 0002:00000058       __imp_free                 1006d058     coredll:COREDLL.dll
 0002:0000005c       __imp_memcpy               1006d05c     coredll:COREDLL.dll
 0002:00000060       __imp_cos                  1006d060     coredll:COREDLL.dll
 0002:00000064       __imp_sin                  1006d064     coredll:COREDLL.dll
 0002:00000068       __imp_sqrt                 1006d068     coredll:COREDLL.dll
 0002:0000006c       __imp___gts                1006d06c     coredll:COREDLL.dll
 0002:00000070       __imp_NKDbgPrintfW         1006d070     coredll:COREDLL.dll
 0002:00000074       __imp___utos               1006d074     coredll:COREDLL.dll
 0002:00000078       __imp___rt_sdiv            1006d078     coredll:COREDLL.dll
 0002:0000007c       __imp___rt_udiv            1006d07c     coredll:COREDLL.dll
 0002:00000080       __imp_memset               1006d080     coredll:COREDLL.dll
 0002:00000084       __imp_printf               1006d084     coredll:COREDLL.dll
 0002:00000088       __imp_fflush               1006d088     coredll:COREDLL.dll
 0002:0000008c       __imp_fprintf              1006d08c     coredll:COREDLL.dll
 0002:00000090       __imp__getstdfilex         1006d090     coredll:COREDLL.dll
 0002:00000094       __imp_sprintf              1006d094     coredll:COREDLL.dll
 0002:00000098       __imp___divd               1006d098     coredll:COREDLL.dll
 0002:0000009c       __imp_??3@YAXPAX@Z         1006d09c     coredll:COREDLL.dll
 0002:000000a0       __imp_TlsCall              1006d0a0     coredll:COREDLL.dll
 0002:000000a4       __imp_vprintf              1006d0a4     coredll:COREDLL.dll
 0002:000000a8       __imp___led                1006d0a8     coredll:COREDLL.dll
 0002:000000ac       __imp_??2@YAPAXI@Z         1006d0ac     coredll:COREDLL.dll
 0002:000000b0       __imp___addd               1006d0b0     coredll:COREDLL.dll
 0002:000000b4       __imp_floor                1006d0b4     coredll:COREDLL.dll
 0002:000000b8       __imp_CloseHandle          1006d0b8     coredll:COREDLL.dll
 0002:000000bc       __imp_VirtualFree          1006d0bc     coredll:COREDLL.dll
 0002:000000c0       __imp_DeleteCriticalSection 1006d0c0     coredll:COREDLL.dll
 0002:000000c4       __imp_InitializeCriticalSection 1006d0c4     coredll:COREDLL.dll
 0002:000000c8       __imp_TlsSetValue          1006d0c8     coredll:COREDLL.dll
 0002:000000cc       __imp_VirtualCopy          1006d0cc     coredll:COREDLL.dll
 0002:000000d0       __imp_VirtualAlloc         1006d0d0     coredll:COREDLL.dll
 0002:000000d4       __imp_DeviceIoControl      1006d0d4     coredll:COREDLL.dll
 0002:000000d8       __imp_CreateFileW          1006d0d8     coredll:COREDLL.dll
 0002:000000dc       __imp___itod               1006d0dc     coredll:COREDLL.dll
 0002:000000e0       __imp_memcmp               1006d0e0     coredll:COREDLL.dll
 0002:000000e4       __imp_strlen               1006d0e4     coredll:COREDLL.dll
 0002:000000e8       __imp_memmove              1006d0e8     coredll:COREDLL.dll
 0002:000000ec       __imp_?_Xran@std@@YAXXZ    1006d0ec     coredll:COREDLL.dll
 0002:000000f0       __imp_strncpy              1006d0f0     coredll:COREDLL.dll
 0002:000000f4       __imp___CxxFrameHandler    1006d0f4     coredll:COREDLL.dll
 0002:000000f8       __imp_?_Xlen@std@@YAXXZ    1006d0f8     coredll:COREDLL.dll
 0002:000000fc       __imp_RegQueryValueExW     1006d0fc     coredll:COREDLL.dll
 0002:00000100       __imp_RegOpenKeyExW        1006d100     coredll:COREDLL.dll
 0002:00000104       __imp_GetLastError         1006d104     coredll:COREDLL.dll
 0002:00000108       __imp_CreateMutexW         1006d108     coredll:COREDLL.dll
 0002:0000010c       __imp_WaitForSingleObject  1006d10c     coredll:COREDLL.dll
 0002:00000110       __imp_ReleaseMutex         1006d110     coredll:COREDLL.dll
 0002:00000114       __imp_EnterCriticalSection 1006d114     coredll:COREDLL.dll
 0002:00000118       __imp_LeaveCriticalSection 1006d118     coredll:COREDLL.dll
 0002:0000011c       __imp___dtou               1006d11c     coredll:COREDLL.dll
 0002:00000120       __imp_strcmp               1006d120     coredll:COREDLL.dll
 0002:00000124       __imp_strncmp              1006d124     coredll:COREDLL.dll
 0002:00000128       __imp_UnmapViewOfFile      1006d128     coredll:COREDLL.dll
 0002:0000012c       __imp_FreePhysMem          1006d12c     coredll:COREDLL.dll
 0002:00000130       __imp_MapViewOfFile        1006d130     coredll:COREDLL.dll
 0002:00000134       __imp_CreateFileMappingW   1006d134     coredll:COREDLL.dll
 0002:00000138       __imp_AllocPhysMem         1006d138     coredll:COREDLL.dll
 0002:0000013c       __imp_LocalFree            1006d13c     coredll:COREDLL.dll
 0002:00000140       __imp___report_gsfailure   1006d140     coredll:COREDLL.dll
 0002:00000144       __imp___security_gen_cookie 1006d144     coredll:COREDLL.dll
 0002:00000148       \177COREDLL_NULL_THUNK_DATA 1006d148     coredll:COREDLL.dll
 0002:0000014c       __imp_pfnGLESDepthNew      1006d14c     libEGL:libEGL.dll
 0002:00000150       __imp_pfnGLESChunkFree     1006d150     libEGL:libEGL.dll
 0002:00000154       __imp_pfnGLESChunkNew      1006d154     libEGL:libEGL.dll
 0002:00000158       __imp_pfnGLES2ReleaseTexImage 1006d158     libEGL:libEGL.dll
 0002:0000015c       __imp_pfnGLES2BindTexImage 1006d15c     libEGL:libEGL.dll
 0002:00000160       __imp_pfnGLES2DestroyContext 1006d160     libEGL:libEGL.dll
 0002:00000164       __imp_pfnGLES2SetContext   1006d164     libEGL:libEGL.dll
 0002:00000168       __imp_pfnGLES2CreateContext 1006d168     libEGL:libEGL.dll
 0002:0000016c       __imp_pfnGLES2SetSurfaceData 1006d16c     libEGL:libEGL.dll
 0002:00000170       __imp_pfnglFlush           1006d170     libEGL:libEGL.dll
 0002:00000174       __imp_pfnglFinish          1006d174     libEGL:libEGL.dll
 0002:00000178       __imp_pfnGLESDepthFree     1006d178     libEGL:libEGL.dll
 0002:0000017c       \177libEGL_NULL_THUNK_DATA 1006d17c     libEGL:libEGL.dll
 0002:00000180       __xc_a                     1006d180     corelibc:crt0init.obj
 0002:00000188       __xc_z                     1006d188     corelibc:crt0init.obj
 0002:0000018c       __xi_a                     1006d18c     corelibc:crt0init.obj
 0002:00000190       __xi_z                     1006d190     corelibc:crt0init.obj
 0002:00000194       __xp_a                     1006d194     corelibc:crt0init.obj
 0002:00000198       __xp_z                     1006d198     corelibc:crt0init.obj
 0002:0000019c       __xt_a                     1006d19c     corelibc:crt0init.obj
 0002:000001a0       __xt_z                     1006d1a0     corelibc:crt0init.obj
 0002:000001a8       texPalFormats              1006d1a8     glgets.obj
 0002:000001f0       shaderInfoUnifInfo         1006d1f0     loadshader.obj
 0002:00000200       iMap                       1006d200     render.obj
 0002:00000310       ?validRBformats@@3PAUPixelFormatInfo@@A 1006d310     FIMGlib:glFramebufferObject.obj
 0002:00000348       __security_cookie_complement 1006d348     corelibc:seccook.obj
 0002:0000034c       __security_cookie          1006d34c     corelibc:seccook.obj
 0002:00004218       g_ProcessTlsCtx11          10071218     eglInterface.obj
 0002:0000421c       g_hFIMG                    1007121c     FIMGlib:glCore.obj
 0002:00004220       ?gTLSIndex@@3HA            10071220     FIMGlib:glCore.obj
 0002:00004224       gFimgBase                  10071224     FIMGlib:glCore.obj
 0002:00004234       ?_Nil@?$_Tree@IU?$pair@$$CBIPAURenderbufferObject@@@std@@U_Kfn@?$map@IPAURenderbufferObject@@U?$less@I@std@@V?$allocator@PAURenderbufferObject@@@3@@2@U?$less@I@2@V?$allocator@PAURenderbufferObject@@@2@@std@@1PAU_Node@12@A 10071234     FIMGlib:glCore.obj
 0002:00004238       ?_Nil@?$_Tree@IU?$pair@$$CBIPAUFramebufferObject@@@std@@U_Kfn@?$map@IPAUFramebufferObject@@U?$less@I@std@@V?$allocator@PAUFramebufferObject@@@3@@2@U?$less@I@2@V?$allocator@PAUFramebufferObject@@@2@@std@@1PAU_Node@12@A 10071238     FIMGlib:glCore.obj
 0002:0000423c       ?_Nil@?$_Tree@IIU_Kfn@?$set@IU?$less@I@std@@V?$allocator@I@2@@std@@U?$less@I@3@V?$allocator@I@3@@std@@1PAU_Node@12@A 1007123c     FIMGlib:glCore.obj
 0002:00004240       ?_Nilrefs@?$_Tree@IU?$pair@$$CBIPAURenderbufferObject@@@std@@U_Kfn@?$map@IPAURenderbufferObject@@U?$less@I@std@@V?$allocator@PAURenderbufferObject@@@3@@2@U?$less@I@2@V?$allocator@PAURenderbufferObject@@@2@@std@@1IA 10071240     FIMGlib:glCore.obj
 0002:00004244       ?_Nilrefs@?$_Tree@IIU_Kfn@?$set@IU?$less@I@std@@V?$allocator@I@2@@std@@U?$less@I@3@V?$allocator@I@3@@std@@1IA 10071244     FIMGlib:glCore.obj
 0002:00004248       ?_Nilrefs@?$_Tree@IU?$pair@$$CBIPAUFramebufferObject@@@std@@U_Kfn@?$map@IPAUFramebufferObject@@U?$less@I@std@@V?$allocator@PAUFramebufferObject@@@3@@2@U?$less@I@2@V?$allocator@PAUFramebufferObject@@@2@@std@@1IA 10071248     FIMGlib:glCore.obj
 0002:0000424c       ?_Nil@?$_Tree@V?$basic_string@DU?$char_traits@D@std@@V?$allocator@D@2@@std@@U?$pair@$$CBV?$basic_string@DU?$char_traits@D@std@@V?$allocator@D@2@@std@@UNameInfo@@@2@U_Kfn@?$map@V?$basic_string@DU?$char_traits@D@std@@V?$allocator@D@2@@std@@UNameInfo@@U?$less@V?$basic_string@DU?$char_traits@D@std@@V?$allocator@D@2@@std@@@2@V?$allocator@UNameInfo@@@2@@2@U?$less@V?$basic_string@DU?$char_traits@D@std@@V?$allocator@D@2@@std@@@2@V?$allocator@UNameInfo@@@2@@std@@1PAU_Node@12@A 1007124c     FIMGlib:glShaderApi.obj
 0002:00004250       ?customMemFree@@3P6AHPAX0@ZA 10071250     FIMGlib:memext.obj
 0002:00004254       ?customMemAlloc@@3P6AHHPAPAX0@ZA 10071254     FIMGlib:memext.obj
 0002:00004258       ?pCA@@3PAVChunkAlloc@@A    10071258     FIMGlib:ChunkAlloc.obj
 0002:0000425c       ?g_iDynSize@@3IA           1007125c     FIMGlib:ChunkAlloc.obj
 0002:00004260       ?gles20_chunkalloc_mutex@@3UCRITICAL_SECTION@@A 10071260     FIMGlib:platform.obj
 0002:00004274       ?gles20_fimg_mutex@@3UCRITICAL_SECTION@@A 10071274     FIMGlib:platform.obj
 0002:00004288       ?gles20_context_mutex@@3UCRITICAL_SECTION@@A 10071288     FIMGlib:platform.obj
 0002:000042a0       ?_Nil@?$_Tree@V?$basic_string@DU?$char_traits@D@std@@V?$allocator@D@2@@std@@U?$pair@$$CBV?$basic_string@DU?$char_traits@D@std@@V?$allocator@D@2@@std@@H@2@U_Kfn@?$map@V?$basic_string@DU?$char_traits@D@std@@V?$allocator@D@2@@std@@HU?$less@V?$basic_string@DU?$char_traits@D@std@@V?$allocator@D@2@@std@@@2@V?$allocator@H@2@@2@U?$less@V?$basic_string@DU?$char_traits@D@std@@V?$allocator@D@2@@std@@@2@V?$allocator@H@2@@std@@1PAU_Node@12@A 100712a0     FIMGlib:glShader.obj
 0002:000042a4       ?_Nilrefs@?$_Tree@V?$basic_string@DU?$char_traits@D@std@@V?$allocator@D@2@@std@@U?$pair@$$CBV?$basic_string@DU?$char_traits@D@std@@V?$allocator@D@2@@std@@UNameInfo@@@2@U_Kfn@?$map@V?$basic_string@DU?$char_traits@D@std@@V?$allocator@D@2@@std@@UNameInfo@@U?$less@V?$basic_string@DU?$char_traits@D@std@@V?$allocator@D@2@@std@@@2@V?$allocator@UNameInfo@@@2@@2@U?$less@V?$basic_string@DU?$char_traits@D@std@@V?$allocator@D@2@@std@@@2@V?$allocator@UNameInfo@@@2@@std@@1IA 100712a4     FIMGlib:glShader.obj
 0002:000042a8       ?_Nilrefs@?$_Tree@V?$basic_string@DU?$char_traits@D@std@@V?$allocator@D@2@@std@@U?$pair@$$CBV?$basic_string@DU?$char_traits@D@std@@V?$allocator@D@2@@std@@H@2@U_Kfn@?$map@V?$basic_string@DU?$char_traits@D@std@@V?$allocator@D@2@@std@@HU?$less@V?$basic_string@DU?$char_traits@D@std@@V?$allocator@D@2@@std@@@2@V?$allocator@H@2@@2@U?$less@V?$basic_string@DU?$char_traits@D@std@@V?$allocator@D@2@@std@@@2@V?$allocator@H@2@@std@@1IA 100712a8     FIMGlib:glShader.obj
 0002:000042ac       __onexitend                100712ac     <common>
 0002:000042b0       __onexitbegin              100712b0     <common>
 0002:000042b4       _exitflag                  100712b4     <common>
 0002:000042b8       _pRawDllMain               100712b8     <common>

 entry point at        0001:0006a6bc

 Static symbols

 0001:00016c0c       ?GetUniformsLocation@@YAXHI@Z 10017c0c f   loadshader.obj
 0001:00017ba4       ?checkGLerror@@YAXPBD@Z    10018ba4 f   loadshader.obj
 0001:0001df6c       ?set_default_values@@YAXPAUOGLState@@@Z 1001ef6c f   FIMGlib:glCore.obj
 0001:00027b78       ?deleteTexImage@@YAXPAVTextureObject@@@Z 10028b78 f   FIMGlib:glTex.obj
 0001:00028ecc       ?checkTextureFormat@@YAIPAUOGLState@@II@Z 10029ecc f   FIMGlib:glTex.obj
 0001:0002941c       ?CheckFormatConversion@@YAEIIPAI@Z 1002a41c f   FIMGlib:glTex.obj
 0001:00029558       ?s3tcCompressedTex@@YA_NAAIIHHH@Z 1002a558 f   FIMGlib:glTex.obj
 0001:0002fa18       __catch$49241              10030a18 f i FIMGlib:glShaderApi.obj
 0001:00033260       ?StencilAction@@YA?AW4FGL_StencilActTag@@I@Z 10034260 f   FIMGlib:glFimg.obj
 0001:00033320       ?BlendFunc@@YA?AW4FGL_BlendFuncTag@@I@Z 10034320 f   FIMGlib:glFimg.obj
 0001:00033474       ?LogicOp@@YA?AW4FGL_LogicalOpTag@@I@Z 10034474 f   FIMGlib:glFimg.obj
 0001:000335d8       ?AttribType@@YA?AW4FGL_AttribDataTypeTag@@IE@Z 100345d8 f   FIMGlib:glFimg.obj
 0001:00060bd0       ?extractBaseNameAndOffset@@YAPBDPADHPAH1PBD@Z 10061bd0 f   FIMGlib:glShader.obj
 0001:0006a818       doexit                     1006b818 f   corelibc:crt0dat.obj
