 libGLESv2

 Timestamp is 12b1a0a0                           

 Preferred load address is 10000000

 Start         Length     Name                   Class
 0001:00000000 00002ee2H .rdata                  CODE
 0001:00002ee4 00000026H .rdata$debug            CODE
 0001:00002f0c 0005381cH .text                   CODE
 0001:00056728 00000028H .idata$2                CODE
 0001:00056750 00000014H .idata$3                CODE
 0001:00056764 00000154H .idata$4                CODE
 0001:000568b8 00000114H .idata$6                CODE
 0001:000569d0 00000fa2H .edata                  CODE
 0002:00000000 00000154H .idata$5                DATA
 0002:00000154 00000048H .data                   DATA
 0002:0000019c 00000090H .bss                    DATA
 0003:00000000 00001a20H .pdata                  DATA
 0004:00000000 00000004H .CRT$XCAA               DATA

  Address         Publics by Value              Rva+Base     Lib:Object

 0000:00000000       ___safe_se_handler_count   00000000     <absolute>
 0000:00000000       ___safe_se_handler_table   00000000     <absolute>
 0001:0000001c       ??_C@_0BC@LBGBAENB@lockGLSharedState?$AA@ 1000101c     FIMGlib:glCore.obj
 0001:00000030       ??_C@_0BJ@HNFHCEOA@lockGLSharedTextureState?$AA@ 10001030     FIMGlib:glCore.obj
 0001:0000004c       ??_C@_0BE@MCBGFHJM@unlockGLSharedState?$AA@ 1000104c     FIMGlib:glCore.obj
 0001:00000060       ??_C@_0BL@OAOJHJKN@unlockGLSharedTextureState?$AA@ 10001060     FIMGlib:glCore.obj
 0001:0000007c       ??_C@_03GJAMENNA@2?40?$AA@ 1000107c     FIMGlib:glCore.obj
 0001:00000080       ??_C@_0BE@GBEPIMGC@Samsung?5Electronics?$AA@ 10001080     FIMGlib:glCore.obj
 0001:00000094       ??_C@_04MPAIHFON@FIMG?$AA@ 10001094     FIMGlib:glCore.obj
 0001:000000a0       ??_C@_0LA@KGBKFEEP@OES_read_format?5OES_compressed_p@ 100010a0     FIMGlib:glCore.obj
 0001:00000150       ??_C@_04BOFMJCLK@1?400?$AA@ 10001150     FIMGlib:glCore.obj
 0001:00000158       ??_C@_0L@GDOKCFIG@FimgFinish?$AA@ 10001158     FIMGlib:glCore.obj
 0001:00000164       ??_C@_07NPIGCBB@set_err?$AA@ 10001164     FIMGlib:glCore.obj
 0001:0000016c       ??_C@_0DB@DNCFKAAD@ERROR?3?5ctx?5is?5NULL?3?5?$CFs?5line?3?$CFd?5p@ 1000116c     FIMGlib:glCore.obj
 0001:000001a0       ??_C@_0N@PKBMFJDK@glBlendColor?$AA@ 100011a0     FIMGlib:glCore.obj
 0001:000001b0       ??_C@_0BI@JNHDNJAG@glBlendEquationSeparate?$AA@ 100011b0     FIMGlib:glCore.obj
 0001:000001c8       ??_C@_0BE@LLLCIIOO@glBlendFuncSeparate?$AA@ 100011c8     FIMGlib:glCore.obj
 0001:000001dc       ??_C@_07IBAPPAHJ@glClear?$AA@ 100011dc     FIMGlib:glCore.obj
 0001:000001e4       ??_C@_0N@OGLMDNKC@glClearColor?$AA@ 100011e4     FIMGlib:glCore.obj
 0001:000001f4       ??_C@_0O@FMBMCDIL@glClearDepthf?$AA@ 100011f4     FIMGlib:glCore.obj
 0001:00000204       ??_C@_0P@KBLPBBFP@glClearStencil?$AA@ 10001204     FIMGlib:glCore.obj
 0001:00000214       ??_C@_0M@DLGOAHPH@glColorMask?$AA@ 10001214     FIMGlib:glCore.obj
 0001:00000220       ??_C@_0L@BAPBLHME@glCullFace?$AA@ 10001220     FIMGlib:glCore.obj
 0001:0000022c       ??_C@_0M@NEJABAEP@glDepthFunc?$AA@ 1000122c     FIMGlib:glCore.obj
 0001:00000238       ??_C@_0M@KABMFLLN@glDepthMask?$AA@ 10001238     FIMGlib:glCore.obj
 0001:00000244       ??_C@_0O@JDFJDNND@glDepthRangef?$AA@ 10001244     FIMGlib:glCore.obj
 0001:00000254       ??_C@_09MHGMIMKN@glDisable?$AA@ 10001254     FIMGlib:glCore.obj
 0001:00000260       ??_C@_0BL@NKHLOFFF@glDisableVertexAttribArray?$AA@ 10001260     FIMGlib:glCore.obj
 0001:0000027c       ??_C@_0CA@PMIKCIEO@false?5?$CG?$CG?5?$CCInvalid?5enum?5in?5mode?$CC?$AA@ 1000127c     FIMGlib:glCore.obj
 0001:0000029c       ??_C@_0BJ@JIPMFCIP@?$DO?$DOASSERTION?5FAILED?3?5?$CFs?5?6?$AA@ 1000129c     FIMGlib:glCore.obj
 0001:000002b8       ??_C@_08OOEHEKOP@glEnable?$AA@ 100012b8     FIMGlib:glCore.obj
 0001:000002c4       ??_C@_0BK@EHBAHNHE@glEnableVertexAttribArray?$AA@ 100012c4     FIMGlib:glCore.obj
 0001:000002e0       ??_C@_0BJ@BMNIOHHN@Type?5of?5Sampler?5unknown?6?$AA@ 100012e0     FIMGlib:glCore.obj
 0001:000002fc       ??_C@_08IIGNJOLP@error?5?1n?$AA@ 100012fc     FIMGlib:glCore.obj
 0001:00000308       ??_C@_0L@JECHCCPJ@stateFlush?$AA@ 10001308     FIMGlib:glCore.obj
 0001:00000318       ??_C@_0EB@HECDNPIE@?5the?5value?5of?5the?5texUNit?5is?5gre@ 10001318     FIMGlib:glCore.obj
 0001:0000035c       ??_C@_0CM@DPCLCBLM@?6WARNING?3?5state?5has?5not?5been?5flu@ 1000135c     FIMGlib:glCore.obj
 0001:00000388       ??_C@_08DFCPOKBK@glFinish?$AA@ 10001388     FIMGlib:glCore.obj
 0001:00000394       ??_C@_07COFELLJA@glFlush?$AA@ 10001394     FIMGlib:glCore.obj
 0001:0000039c       ??_C@_0M@ILBMDJDA@glFrontFace?$AA@ 1000139c     FIMGlib:glCore.obj
 0001:000003a8       ??_C@_0BH@BMIEIFJP@glGetBufferParameteriv?$AA@ 100013a8     FIMGlib:glCore.obj
 0001:000003c0       ??_C@_0L@FPKAMKHB@glGetError?$AA@ 100013c0     FIMGlib:glCore.obj
 0001:000003cc       ??_C@_0BL@NJEPIADH@2?40?5?$CIlib?5version?520?402?424?$CJ?$AA@ 100013cc     FIMGlib:glCore.obj
 0001:000003e8       ??_C@_0M@OPOBFDCB@glGetString?$AA@ 100013e8     FIMGlib:glCore.obj
 0001:000003f4       ??_C@_0BC@FNLDMAPG@GetVertexAttribfv?$AA@ 100013f4     FIMGlib:glCore.obj
 0001:00000408       ??_C@_0BK@DOJMENLD@glGetVertexAttribPointerv?$AA@ 10001408     FIMGlib:glCore.obj
 0001:00000424       ??_C@_06HEADGMBC@glHint?$AA@ 10001424     FIMGlib:glCore.obj
 0001:0000042c       ??_C@_0L@KFPDMKNG@glIsBuffer?$AA@ 1000142c     FIMGlib:glCore.obj
 0001:00000438       ??_C@_0M@INHMIHKC@glIsEnabled?$AA@ 10001438     FIMGlib:glCore.obj
 0001:00000444       ??_C@_0M@CFLGNFPG@glLineWidth?$AA@ 10001444     FIMGlib:glCore.obj
 0001:00000450       ??_C@_0O@JCCIGLOF@glPixelStorei?$AA@ 10001450     FIMGlib:glCore.obj
 0001:00000460       ??_C@_0BA@FFBJGNC@glPolygonOffset?$AA@ 10001460     FIMGlib:glCore.obj
 0001:00000470       ??_C@_0N@CKFNNHOO@glReadPixels?$AA@ 10001470     FIMGlib:glCore.obj
 0001:00000480       ??_C@_0BB@BJGIPMOA@glSampleCoverage?$AA@ 10001480     FIMGlib:glCore.obj
 0001:00000494       ??_C@_09ECGPAEPL@glScissor?$AA@ 10001494     FIMGlib:glCore.obj
 0001:000004a0       ??_C@_0BG@FCMNCEIA@glStencilFuncSeparate?$AA@ 100014a0     FIMGlib:glCore.obj
 0001:000004b8       ??_C@_0BG@MMKPIEJI@glStencilMaskSeparate?$AA@ 100014b8     FIMGlib:glCore.obj
 0001:000004d0       ??_C@_0BE@GAPLDNGF@glStencilOpSeparate?$AA@ 100014d0     FIMGlib:glCore.obj
 0001:000004e4       ??_C@_0BB@MMBGFNJL@glVertexAttrib4f?$AA@ 100014e4     FIMGlib:glCore.obj
 0001:000004f8       ??_C@_0BG@JPNNNPKG@glVertexAttribPointer?$AA@ 100014f8     FIMGlib:glCore.obj
 0001:00000510       ??_C@_0L@KBLIPDFH@glViewport?$AA@ 10001510     FIMGlib:glCore.obj
 0001:0000051c       ??_C@_0N@BONEPPLO@glBindBuffer?$AA@ 1000151c     FIMGlib:glCore.obj
 0001:0000052c       ??_C@_0N@LAOHBIBA@glGenBuffers?$AA@ 1000152c     FIMGlib:glCore.obj
 0001:0000053c       ??_C@_0BA@GAJMDBBN@glBufferSubData?$AA@ 1000153c     FIMGlib:glCore.obj
 0001:0000054c       ??_C@_0CA@KNJBCHNB@Depth?5Buffer?5is?5allocated?50x?$CFx?6?$AA@ 1000154c     FIMGlib:glCore.obj
 0001:0000056c       ??_C@_0BE@LDEGHGFI@GLES2SetSurfaceData?$AA@ 1000156c     FIMGlib:glCore.obj
 0001:00000580       ??_C@_0DA@IJKLONAE@ERROR?3?5ctx?5is?50?5while?5trying?5to?5@ 10001580     FIMGlib:glCore.obj
 0001:000005b0       ??_C@_0EH@DNDKBPDE@?6WARNING?3?5state?5has?5not?5been?5flu@ 100015b0     FIMGlib:glCore.obj
 0001:000005f8       ??_C@_0N@CMNPPOHA@glDrawArrays?$AA@ 100015f8     FIMGlib:glCore.obj
 0001:00000608       ??_C@_0P@MENFIFGE@glDrawElements?$AA@ 10001608     FIMGlib:glCore.obj
 0001:00000618       ??_C@_0O@NLMELLCJ@glGetBooleanv?$AA@ 10001618     FIMGlib:glCore.obj
 0001:00000628       ??_C@_0M@CKCOBONE@glGetFloatv?$AA@ 10001628     FIMGlib:glCore.obj
 0001:00000634       ??_C@_0O@DHHDCCLF@glGetIntegerv?$AA@ 10001634     FIMGlib:glCore.obj
 0001:00000644       ??_C@_0BA@DMNLADIO@glDeleteBuffers?$AA@ 10001644     FIMGlib:glCore.obj
 0001:00000654       ??_C@_0N@JHHJMABP@glBufferData?$AA@ 10001654     FIMGlib:glCore.obj
 0001:00000664       ??_C@_0BJ@BEPCLIH@SharedState?3?3SharedState?$AA@ 10001664     FIMGlib:glCore.obj
 0001:00000680       ??_C@_0GM@LGIMALLH@sharedStateRefCount?5?$DN?$DN?50?5?$CG?$CG?5?$CCThe@ 10001680     FIMGlib:glCore.obj
 0001:000006ec       ??_C@_0BD@HOGJEGDH@GLES2CreateContext?$AA@ 100016ec     FIMGlib:glCore.obj
 0001:00000700       ??_C@_0BE@PDDFIPGE@GLES2DestroyContext?$AA@ 10001700     FIMGlib:glCore.obj
 0001:00000714       ??_C@_1M@HFJKIAIF@?$AAG?$AAL?$AAE?$AA1?$AA?3?$AA?$AA@ 10001714     FIMGlib:glCore.obj
 0001:00000720       ??_C@_0BO@NELGKIEA@ERROR?3?5unexpected?5wrap?5mode?$CB?6?$AA@ 10001720     FIMGlib:glTex.obj
 0001:00000740       ??_C@_0BA@BDEGHOGN@OUT?5OF?5MEMORY?5?6?$AA@ 10001740     FIMGlib:glTex.obj
 0001:00000750       ??_C@_0ED@MNEHNKHC@false?5?$CG?$CG?5?$CCsubimage?5called?5but?5me@ 10001750     FIMGlib:glTex.obj
 0001:00000798       ??_C@_0EB@FLKGLLEK@false?5?$CG?$CG?5?$CCundetermined?5mimfilter@ 10001798     FIMGlib:glTex.obj
 0001:000007e0       ??_C@_0FD@HIIPJIAC@pState?9?$DOsharedState?9?$DOsharedState@ 100017e0     FIMGlib:glTex.obj
 0001:00000838       ??_C@_0EO@FAJLEIBN@?5?5?6?5trying?5to?5acqire?5a?5texture?5o@ 10001838     FIMGlib:glTex.obj
 0001:00000888       ??_C@_0BH@INCBEKCN@TextureObject?3?3acquire?$AA@ 10001888     FIMGlib:glTex.obj
 0001:000008a0       ??_C@_0EJ@DGEKNMFB@?5zero?5can?5not?5be?5released?5?4?5shou@ 100018a0     FIMGlib:glTex.obj
 0001:000008ec       ??_C@_0CL@FDMDEJEE@images?4tex2D?$FLi?$FN?4height?5?$CB?$DN?5currHe@ 100018ec     FIMGlib:glTex.obj
 0001:00000918       ??_C@_0CJ@IMBKCDHE@images?4tex2D?$FLi?$FN?4width?5?$CB?$DN?5currWid@ 10001918     FIMGlib:glTex.obj
 0001:00000948       ??_C@_0EH@GHLCFNKI@images?4tex2D?$FLi?$FN?4internalFormat?5?$CB@ 10001948     FIMGlib:glTex.obj
 0001:00000990       ??_C@_0CI@GJKLJFML@images?4tex2D?$FLi?$FN?4isUsed?5?$CB?$DN?5GL_TRU@ 10001990     FIMGlib:glTex.obj
 0001:000009b8       ??_C@_0CI@KMICNHCO@false?5?$CG?$CG?5?$CCundetermined?5byte?5per?5@ 100019b8     FIMGlib:glTex.obj
 0001:000009e0       ??_C@_0DP@LCPMFJDD@false?5?$CG?$CG?5?$CCUnhandled?5or?5unexpecte@ 100019e0     FIMGlib:glTex.obj
 0001:00000a20       ??_C@_0DB@PFDIFNCO@unsupported?5PxFmt?5?5as?5external?5m@ 10001a20     FIMGlib:glTex.obj
 0001:00000a58       ??_C@_0FA@HJIGNKOB@false?5?$CG?$CG?5?$CCGetPixelSize?$CC?$CG?$CG?5?$CCUnhan@ 10001a58     FIMGlib:glTex.obj
 0001:00000aa8       ??_C@_0EI@IMEMPEOD@false?5?$CG?$CG?5?$CCundetermined?5texture?5f@ 10001aa8     FIMGlib:glTex.obj
 0001:00000af0       ??_C@_0EJ@JBFOCFIB@?5should?5not?5have?5reached?5the?5end@ 10001af0     FIMGlib:glTex.obj
 0001:00000b3c       ??_C@_0BN@MJFNGJD@false?5?$CG?$CG?5?$CCUnexpected?5target?$CC?$AA@ 10001b3c     FIMGlib:glTex.obj
 0001:00000b60       ??_C@_0GG@GAJEIDMH@false?5?$CG?$CG?5?$CC?5getImageDataLocation?5@ 10001b60     FIMGlib:glTex.obj
 0001:00000bc8       ??_C@_0DB@LEJKENOA@false?5?$CG?$CG?5?$CC?5unbale?5to?5get?5the?5mem@ 10001bc8     FIMGlib:glTex.obj
 0001:00000bfc       ??_C@_0DP@OCOILPAM@false?5?$CG?$CG?5?$CCglCopyTexImage2D?$CC?5?$CG?$CG?5?$CC@ 10001bfc     FIMGlib:glTex.obj
 0001:00000c3c       ??_C@_0BE@DGCNLNPP@glGetTexParameteriv?$AA@ 10001c3c     FIMGlib:glTex.obj
 0001:00000c50       ??_C@_0BJ@BGNBDFEN@Unable?5to?5get?5new?5chunk?6?$AA@ 10001c50     FIMGlib:glTex.obj
 0001:00000c6c       ??_C@_0BC@BBOAEFBB@?6?5image?5compiled?5?$AA@ 10001c6c     FIMGlib:glTex.obj
 0001:00000c80       ??_C@_0BN@BIBMPBGJ@ImageSize?$FLLevel?5?$DN?5?$CFd?$FN?5?$DN?5?$CFd?5?6?$AA@ 10001c80     FIMGlib:glTex.obj
 0001:00000ca0       ??_C@_0BO@DFHJDLGH@offSetSize?$FLLevel?5?$DN?5?$CFd?$FN?5?$DN?5?$CFd?5?6?$AA@ 10001ca0     FIMGlib:glTex.obj
 0001:00000cc0       ??_C@_0O@IILEGFGF@pImgBuf?5?$DN?5?$CFp?6?$AA@ 10001cc0     FIMGlib:glTex.obj
 0001:00000cd0       ??_C@_0BD@MMHGBKDG@Offsets?$FL?$CFd?$FN?5?$DN?5?$CFd?5?6?$AA@ 10001cd0     FIMGlib:glTex.obj
 0001:00000ce8       ??_C@_0EA@NNIDJKPC@texObjrefCount?5?$DO?$DN?5?91?5?$CG?$CG?5?$CC?5ref?5co@ 10001ce8     FIMGlib:glTex.obj
 0001:00000d28       ??_C@_0BH@HBLINMA@TextureObject?3?3release?$AA@ 10001d28     FIMGlib:glTex.obj
 0001:00000d40       ??_C@_0CC@LMDDFLLE@?$CIprog?5?$CB?$DN?50?$CJ?5?$CG?$CG?5?$CCProg?5ptr?5is?50?$CB?2n@ 10001d40     FIMGlib:glShaderApi.obj
 0001:00000d64       ??_C@_0BI@IGGJNIIE@updateCurrentExecutable?$AA@ 10001d64     FIMGlib:glShaderApi.obj
 0001:00000d7c       ?_C@?1??_Nullstr@?$basic_string@DU?$char_traits@D@std@@V?$allocator@D@2@@std@@CAPBDXZ@4DB 10001d7c     FIMGlib:glShaderApi.obj
 0001:00000d80       ??_C@_0EA@KGLFANJ@?$CIshaderIt?9?$DOshaderPtr?5?$CB?$DN?50?$CJ?5?$CG?$CG?5?$CCs@ 10001d80     FIMGlib:glShaderApi.obj
 0001:00000dc0       ??_C@_0EA@EIHEEDII@?$CIprogIt?9?$DOprogramPtr?5?$CB?$DN?50?$CJ?5?$CG?$CG?5?$CCpr@ 10001dc0     FIMGlib:glShaderApi.obj
 0001:00000e00       ??_C@_0P@LDMLEABL@glAttachShader?$AA@ 10001e00     FIMGlib:glShaderApi.obj
 0001:00000e10       ??_C@_0DA@ICHPLJAA@?$CIprogIt?9?$DOprogramPtr?5?$CB?$DN?50?$CJ?5?$CG?$CG?5?$CCPr@ 10001e10     FIMGlib:glShaderApi.obj
 0001:00000e40       ??_C@_0BF@MHKEFIHM@glBindAttribLocation?$AA@ 10001e40     FIMGlib:glShaderApi.obj
 0001:00000e58       ??_C@_0BE@PKLAFLNI@it?9?$DOprogramPtr?5?$CB?$DN?50?$AA@ 10001e58     FIMGlib:glShaderApi.obj
 0001:00000e6c       ??_C@_0BA@NKGCDOPO@glDeleteProgram?$AA@ 10001e6c     FIMGlib:glShaderApi.obj
 0001:00000e7c       ??_C@_0P@HHCDONAG@glDeleteShader?$AA@ 10001e7c     FIMGlib:glShaderApi.obj
 0001:00000e8c       ??_C@_0P@DJFJFCJL@glDetachShader?$AA@ 10001e8c     FIMGlib:glShaderApi.obj
 0001:00000e9c       ??_C@_0CM@ELILGENG@?$CIit?9?$DOprogramPtr?5?$CB?$DN?50?$CJ?5?$CG?$CG?5?$CCProg?5p@ 10001e9c     FIMGlib:glShaderApi.obj
 0001:00000ec8       ??_C@_0BF@GHMDGFEM@glGetAttachedShaders?$AA@ 10001ec8     FIMGlib:glShaderApi.obj
 0001:00000ee0       ??_C@_0P@FMMDFLCO@glGetProgramiv?$AA@ 10001ee0     FIMGlib:glShaderApi.obj
 0001:00000ef0       ??_C@_0DC@IKCKMKIO@false?5?$CG?$CG?5?$CCShader?5type?5is?5not?5ver@ 10001ef0     FIMGlib:glShaderApi.obj
 0001:00000f24       ??_C@_0O@JBDFPDMG@glGetShaderiv?$AA@ 10001f24     FIMGlib:glShaderApi.obj
 0001:00000f34       ??_C@_0BF@KIOPGICP@glGetUniformLocation?$AA@ 10001f34     FIMGlib:glShaderApi.obj
 0001:00000f4c       ??_C@_0M@INLOJDGO@glIsProgram?$AA@ 10001f4c     FIMGlib:glShaderApi.obj
 0001:00000f58       ??_C@_0L@MDDLFIHC@glIsShader?$AA@ 10001f58     FIMGlib:glShaderApi.obj
 0001:00000f64       ??_C@_0CF@FNPLNADD@false?5?$CG?$CG?5?$CCunrecognized?5header?5ty@ 10001f64     FIMGlib:glShaderApi.obj
 0001:00000f8c       ??_C@_0CE@LEPDCJJJ@Unsupported?5Shader?5binary?5versio@ 10001f8c     FIMGlib:glShaderApi.obj
 0001:00000fb0       ??_C@_0CI@LFDNOCIC@false?5?$CG?$CG?5?$CCShader?5type?5is?5not?5VS?5@ 10001fb0     FIMGlib:glShaderApi.obj
 0001:00000fd8       ??_C@_0DC@NJILBNIO@?$CIshaderIt?$FLi?$FN?9?$DOshaderPtr?$CB?$DN0?$CJ?5?$CG?$CG?5?$CC@ 10001fd8     FIMGlib:glShaderApi.obj
 0001:0000100c       ??_C@_0P@IMINELFB@glShaderBinary?$AA@ 1000200c     FIMGlib:glShaderApi.obj
 0001:0000101c       ??_C@_0CN@BOJLNNM@?$CIprogIt?9?$DOprogramPtr?$CB?$DN0?$CJ?5?$CG?$CG?5?$CCprog@ 1000201c     FIMGlib:glShaderApi.obj
 0001:0000104c       ??_C@_0BC@MBALAOHF@glGetActiveAttrib?$AA@ 1000204c     FIMGlib:glShaderApi.obj
 0001:00001060       ??_C@_0BE@DHGHAJFL@glGetProgramInfoLog?$AA@ 10002060     FIMGlib:glShaderApi.obj
 0001:00001074       ??_C@_0DN@LLMJMOIO@false?5?$CG?$CG?5?$CC?5Uniform?5type?5is?5not?5V@ 10002074     FIMGlib:glShaderApi.obj
 0001:000010b4       ??_C@_0BP@KMJEBEED@false?5?$CG?$CG?5?$CCisMatrix?5has?5a?5bug?$CB?$CC?$AA@ 100020b4     FIMGlib:glShaderApi.obj
 0001:000010d4       ??_C@_0BP@CKCOINBF@?1?1TBD?3?5handle?5getting?5of?5bool?6?$AA@ 100020d4     FIMGlib:glShaderApi.obj
 0001:000010f4       ??_C@_09GBGHEFN@loc?5?$CB?$DN?5?91?$AA@ 100020f4     FIMGlib:glShaderApi.obj
 0001:00001100       ??_C@_0L@GMLDMIKB@getUniform?$AA@ 10002100     FIMGlib:glShaderApi.obj
 0001:0000110c       ??_C@_0CD@DIFAMDPB@?$CIprog?5?$CB?$DN?50?$CJ?5?$CG?$CG?5?$CCProgramPtr?5is?50?$CB@ 1000210c     FIMGlib:glShaderApi.obj
 0001:00001130       ??_C@_0O@JNNHKGDJ@setUniformMat?$AA@ 10002130     FIMGlib:glShaderApi.obj
 0001:00001140       ??_C@_0EM@JANGHKLJ@false?$CG?$CG?$CCsampler?5entry?5does?5not?5e@ 10002140     FIMGlib:glShaderApi.obj
 0001:0000118c       ??_C@_0CL@EALMGOB@uniform?4fsRegSet?5?$DN?$DN?5DCL_REGSET_C@ 1000218c     FIMGlib:glShaderApi.obj
 0001:000011b8       ??_C@_0CL@ELPBICKK@uniform?4vsRegSet?5?$DN?$DN?5DCL_REGSET_C@ 100021b8     FIMGlib:glShaderApi.obj
 0001:000011e4       ??_C@_0O@BIEFFKON@setUniformVec?$AA@ 100021e4     FIMGlib:glShaderApi.obj
 0001:000011f4       ??_C@_0M@EMBKBDCK@glUniform1i?$AA@ 100021f4     FIMGlib:glShaderApi.obj
 0001:00001200       ??_C@_0M@EOFMKNHD@glUniform2i?$AA@ 10002200     FIMGlib:glShaderApi.obj
 0001:0000120c       ??_C@_0M@EPJOMHEE@glUniform3i?$AA@ 1000220c     FIMGlib:glShaderApi.obj
 0001:00001218       ??_C@_0M@EKNBNBMB@glUniform4i?$AA@ 10002218     FIMGlib:glShaderApi.obj
 0001:00001224       ??_C@_0M@MLICAPOF@glUniform1f?$AA@ 10002224     FIMGlib:glShaderApi.obj
 0001:00001230       ??_C@_0M@MJMELBLM@glUniform2f?$AA@ 10002230     FIMGlib:glShaderApi.obj
 0001:0000123c       ??_C@_0M@MIAGNLIL@glUniform3f?$AA@ 1000223c     FIMGlib:glShaderApi.obj
 0001:00001248       ??_C@_0M@MNEJMNAO@glUniform4f?$AA@ 10002248     FIMGlib:glShaderApi.obj
 0001:000012c0       ??_C@_0BD@NIMHLLKN@glGetActiveUniform?$AA@ 100022c0     FIMGlib:glShaderApi.obj
 0001:000012d4       ??_C@_0DD@JAIGAJCH@?$CIoldProgIt?9?$DOprogramPtr?5?$CB?$DN?50?$CJ?5?$CG?$CG?5@ 100022d4     FIMGlib:glShaderApi.obj
 0001:00001308       ??_C@_0FM@CFFOGPKP@?$CIoldProgIt?9?$DOtype?5?$DN?$DN?5PROGRAM?$CJ?5?$CG?$CG?5@ 10002308     FIMGlib:glShaderApi.obj
 0001:00001368       ??_C@_0GH@MPGLBMAF@?$CIoldProgIt?5?$CB?$DN?5ctx?9?$DOshaderProgNam@ 10002368     FIMGlib:glShaderApi.obj
 0001:000013d0       ??_C@_0DB@PEGCPIIG@?$CIprogIt?9?$DOprogramPtr?5?$CB?$DN?50?$CJ?5?$CG?$CG?5?$CCPr@ 100023d0     FIMGlib:glShaderApi.obj
 0001:00001404       ??_C@_0N@ICBDHBI@glUseProgram?$AA@ 10002404     FIMGlib:glShaderApi.obj
 0001:00001414       ??_C@_0BE@BEPGJDMM@glGetAttribLocation?$AA@ 10002414     FIMGlib:glShaderApi.obj
 0001:00001428       ??_C@_0BN@HIAIKLPE@LINK?5FAILED?3?5shader?5missing?6?$AA@ 10002428     FIMGlib:glShaderApi.obj
 0001:00001448       ??_C@_0BB@BGPHOOHE@LINK?5SUCCESSFUL?6?$AA@ 10002448     FIMGlib:glShaderApi.obj
 0001:0000145c       ??_C@_0CO@MFJIKFHG@LINK?5FAILED?3?5fragment?5shader?5is?5@ 1000245c     FIMGlib:glShaderApi.obj
 0001:0000148c       ??_C@_0CM@BODDCFFN@LINK?5FAILED?3?5vertex?5shader?5is?5no@ 1000248c     FIMGlib:glShaderApi.obj
 0001:000014b8       ??_C@_0O@PIOEEBPO@glLinkProgram?$AA@ 100024b8     FIMGlib:glShaderApi.obj
 0001:000014c8       ??_C@_0CB@MPPOLFPA@LINK?5FAILED?3?5shader?5is?5?5missing?6@ 100024c8     FIMGlib:glShaderApi.obj
 0001:000014f0       ??_C@_0ED@IFJEDDHM@LINK?5FAILED?5?3?5the?5program?5is?5not@ 100024f0     FIMGlib:glShaderApi.obj
 0001:00001534       ??_C@_0BC@MAPGDLJK@glValidateProgram?$AA@ 10002534     FIMGlib:glShaderApi.obj
 0001:00001548       ??_C@_0BA@FLKLHNKP@glCreateProgram?$AA@ 10002548     FIMGlib:glShaderApi.obj
 0001:00001558       ??_C@_0P@HGHBNC@glCreateShader?$AA@ 10002558     FIMGlib:glShaderApi.obj
 0001:00001568       ??_C@_0CP@MJDLPOFD@false?5?$CG?$CG?5?$CCERROR?3?5Unexpected?5atta@ 10002568     FIMGlib:glFramebufferObject.obj
 0001:00001598       ??_C@_0DP@BJCAKJMA@?$CIfbo?$CB?$DN0?$CJ?5?$CG?$CG?5?$CC?2n?5framebuffList?5ha@ 10002598     FIMGlib:glFramebufferObject.obj
 0001:000015d8       ??_C@_0GA@PDKNIAKF@?$CIit?$CB?$DN?5framebuffList?4end?$CI?$CJ?$CJ?5?$CG?$CG?5?$CC?2@ 100025d8     FIMGlib:glFramebufferObject.obj
 0001:00001638       ??_C@_0CB@NKKPELLE@FBOAttachmentPointState?3?3getInfo@ 10002638     FIMGlib:glFramebufferObject.obj
 0001:0000165c       ??_C@_0BB@DGGHKKOH@glIsRenderbuffer?$AA@ 1000265c     FIMGlib:glFramebufferObject.obj
 0001:00001670       ??_C@_0BG@KKOKEJDE@glDeleteRenderbuffers?$AA@ 10002670     FIMGlib:glFramebufferObject.obj
 0001:00001688       ??_C@_0CI@FFKPIBKN@Current?5renderbuffer?5is?5not?5vali@ 10002688     FIMGlib:glFramebufferObject.obj
 0001:000016b0       ??_C@_05LAPONLG@false?$AA@ 100026b0     FIMGlib:glFramebufferObject.obj
 0001:000016b8       ??_C@_0BG@EOIILGMJ@glRenderbufferStorage?$AA@ 100026b8     FIMGlib:glFramebufferObject.obj
 0001:000016d0       ??_C@_0BN@FGKAECKO@glGetRenderbufferParameteriv?$AA@ 100026d0     FIMGlib:glFramebufferObject.obj
 0001:000016f0       ??_C@_0BA@FGBIJCNH@glIsFramebuffer?$AA@ 100026f0     FIMGlib:glFramebufferObject.obj
 0001:00001700       ??_C@_0BF@DJNJENP@glDeleteFramebuffers?$AA@ 10002700     FIMGlib:glFramebufferObject.obj
 0001:00001718       ??_C@_0CJ@DGHPLABF@false?5?$CG?$CG?5?$CCAttachment?5pointer?5is?5@ 10002718     FIMGlib:glFramebufferObject.obj
 0001:00001744       ??_C@_0CL@OMEOEOBF@false?5?$CG?$CG?5?$CCInvalid?5fbo?5bound?5as?5c@ 10002744     FIMGlib:glFramebufferObject.obj
 0001:00001770       ??_C@_0BH@JCIFGDEF@glFramebufferTexture2D?$AA@ 10002770     FIMGlib:glFramebufferObject.obj
 0001:00001788       ??_C@_0BK@OJDINAOA@glFramebufferRenderbuffer?$AA@ 10002788     FIMGlib:glFramebufferObject.obj
 0001:000017a4       ??_C@_0CH@LOGBJBIK@Current?5framebuffer?5is?5not?5valid@ 100027a4     FIMGlib:glFramebufferObject.obj
 0001:000017cc       ??_C@_0CG@KLDGJEON@glGetFramebufferAttachmentParame@ 100027cc     FIMGlib:glFramebufferObject.obj
 0001:000017f4       ??_C@_0BL@CCMBAAL@Warning?0?5fb?5not?5renderable?$AA@ 100027f4     FIMGlib:glFramebufferObject.obj
 0001:00001810       ??_C@_09HFBMMMKA@getFBData?$AA@ 10002810     FIMGlib:glFramebufferObject.obj
 0001:0000181c       ??_C@_0BJ@GIOLHEAD@glCheckFramebufferStatus?$AA@ 1000281c     FIMGlib:glFramebufferObject.obj
 0001:00001838       ??_C@_0DK@HPDEBEEG@ERROR?3?5unable?5to?5create?5framebuf@ 10002838     FIMGlib:glFramebufferObject.obj
 0001:00001874       ??_C@_0BD@EPOPJGFA@glBindRenderbuffer?$AA@ 10002874     FIMGlib:glFramebufferObject.obj
 0001:00001888       ??_C@_0BD@MIGEDNGJ@glGenRenderbuffers?$AA@ 10002888     FIMGlib:glFramebufferObject.obj
 0001:0000189c       ??_C@_0BC@CJMIBNO@glBindFramebuffer?$AA@ 1000289c     FIMGlib:glFramebufferObject.obj
 0001:000018b0       ??_C@_0BC@FAPEBGID@glGenFramebuffers?$AA@ 100028b0     FIMGlib:glFramebufferObject.obj
 0001:000018c4       ??_C@_0DI@HIJNCPHO@?6?$DO?$DOChunk?5Allocator?5ERROR?3?5unable@ 100028c4     FIMGlib:ChunkAlloc.obj
 0001:000018fc       ??_C@_0DB@LDJGNFDH@?6?$DO?$DOChunk?5Allocator?5ERROR?3?5Not?5en@ 100028fc     FIMGlib:ChunkAlloc.obj
 0001:00001930       ??_C@_0DK@BPODHBNN@?6?$DO?$DOChunk?5Allocator?5ERROR?3?5NodeMa@ 10002930     FIMGlib:ChunkAlloc.obj
 0001:0000196c       ??_C@_0DH@KMDBIOON@?6?$DO?$DOChunk?5Allocator?5ERROR?3?5FreeNo@ 1000296c     FIMGlib:ChunkAlloc.obj
 0001:000019a4       ??_C@_0DJ@BFGGAOOA@Total?5Texture?5Size?5?$CFd?5Byte?5?$CFd?5KB@ 100029a4     FIMGlib:ChunkAlloc.obj
 0001:000019e0       ??_C@_0DJ@MEDBNKHI@?6?9?9?9?9?9?9?9?9?9?9?9?9?9?9?9?9?9?9?9?9?9?9?9?9?9?9?9?9?9?9?9@ 100029e0     FIMGlib:ChunkAlloc.obj
 0001:00001a1c       ??_C@_0DG@MGINMKCH@?6?5?$FL?$CFd?$FN?5use?5flag?3?5?$CFd?0?5start?3?5?$CFd?0?5@ 10002a1c     FIMGlib:ChunkAlloc.obj
 0001:00001a54       ??_C@_0DI@LAEFCJOH@?6?9?9?9?9?9?9?9?9?9?9?9?9?9?9?9?9?9?9?9?9?9?9?9?9?9?9?9?9?9?9?9@ 10002a54     FIMGlib:ChunkAlloc.obj
 0001:00001a8c       ??_C@_0CJ@GMJGNECH@?6?$DN?$DN?$DN?$DN?$DN?$DN?$DNChunk?3?3PrintChunkBlckInf@ 10002a8c     FIMGlib:ChunkAlloc.obj
 0001:00001ab8       ??_C@_1BI@LCGMBKLK@?$AAD?$AAy?$AAn?$AAA?$AAl?$AAl?$AAo?$AAc?$AAM?$AAa?$AAx?$AA?$AA@ 10002ab8     FIMGlib:ChunkAlloc.obj
 0001:00001ad0       ??_C@_1CK@MLHBNBFK@?$AAD?$AAr?$AAi?$AAv?$AAe?$AAr?$AAs?$AA?2?$AAB?$AAu?$AAi?$AAl?$AAt?$AAI?$AAn?$AA?2?$AAF?$AAI?$AAM?$AAG@ 10002ad0     FIMGlib:ChunkAlloc.obj
 0001:00001b00       ??_C@_0EJ@NIPIBDBI@?6ChunkAlloc?5will?5use?5dynamic?5all@ 10002b00     FIMGlib:ChunkAlloc.obj
 0001:00001b4c       ??_C@_0CC@ELIHPLGP@?6?$CB?5Total?5Chunk?5Alloc?5count?5?3?5?$CFd?5@ 10002b4c     FIMGlib:ChunkAlloc.obj
 0001:00001b70       ??_C@_0CB@NJHBJMCE@?$CB?5Total?5Chunk?5Alloc?5size?5?5?3?5?$CFd?5?6@ 10002b70     FIMGlib:ChunkAlloc.obj
 0001:00001b94       ??_C@_0CG@LHJBCMBJ@?6?$DN?$DN?$DN?$DN?$DN?$DN?$DNDestory?5All?5Chunk?5Block?$DN@ 10002b94     FIMGlib:ChunkAlloc.obj
 0001:00001bbc       ??_C@_0DA@BGFOINJK@?6?$FLChunk?5Allocator?$FN?5?$CFd?5blocks?5?$CIbl@ 10002bbc     FIMGlib:ChunkAlloc.obj
 0001:00001bec       ??_C@_0DK@NJMKAJEH@?6?$DO?$DOChunk?5Allocator?5ERROR?3?5unable@ 10002bec     FIMGlib:ChunkAlloc.obj
 0001:00001c28       ??_C@_0CL@GIOHCANO@?6Threre?5is?5no?5more?5s3c?9g3d?5drive@ 10002c28     FIMGlib:ChunkAlloc.obj
 0001:00001c54       ??_C@_0CD@NKNJLINF@request?5?$CFd?5Byte?5?$CFd?5KB?5size?5memor@ 10002c54     FIMGlib:ChunkAlloc.obj
 0001:00001c78       ??_C@_0ED@IJAMDENL@?6?$DO?$DOChunk?5Allocator?5ERROR?3?5unable@ 10002c78     FIMGlib:ChunkAlloc.obj
 0001:00001cbc       ??_C@_0BK@COIEHILN@?6no?5more?5virtual?5address?6?$AA@ 10002cbc     FIMGlib:ChunkAlloc.obj
 0001:00001cd8       ??_C@_0CG@GDIPGING@?6?$DN?$DN?$DN?$DN?$DN?$DNChunk?3?3InsertChunkBlock?$DN?$DN@ 10002cd8     FIMGlib:ChunkAlloc.obj
 0001:00001d00       ??_C@_0CC@MNINHABL@don?8t?5found?5chunkblock?5to?5destro@ 10002d00     FIMGlib:ChunkAlloc.obj
 0001:00001d24       ??_C@_0DE@COFACEA@There?5is?5no?5chunkblock?4?5so?5canno@ 10002d24     FIMGlib:ChunkAlloc.obj
 0001:00001d58       ??_C@_0DB@HOILCJDK@?6?$DN?$DN?$DN?$DN?$DN?$DN?$DN?$DN?$DN?$DN?5Chunk?3?3RemoveChunkBl@ 10002d58     FIMGlib:ChunkAlloc.obj
 0001:00001d8c       ??_C@_0CN@DPPGOGGH@?6?$DO?$DOChunk?5Allocator?5ERROR?3?5wrong?5@ 10002d8c     FIMGlib:ChunkAlloc.obj
 0001:00001dbc       ??_C@_0CN@GNKDLBLC@?6?$DO?$DOChunk?5Allocator?5ERROR?3?5do?5not@ 10002dbc     FIMGlib:ChunkAlloc.obj
 0001:00001dec       ??_C@_0DI@HMFLFHHG@?6?$DO?$DOChunk?5Allocator?5ERROR?3?5unable@ 10002dec     FIMGlib:ChunkAlloc.obj
 0001:00001e24       ??_C@_0CB@MGONIAFF@?$CB?5Total?5Chunk?5Alloc?5count?5?3?5?$CFd?5?6@ 10002e24     FIMGlib:ChunkAlloc.obj
 0001:00001e48       ??_C@_0CL@BBAIHGJK@?6?$FLChunkError?$FN?5There?5is?5no?5alloca@ 10002e48     FIMGlib:ChunkAlloc.obj
 0001:00001e74       ??_C@_0CE@MBNEODFL@?6?$DN?$DN?$DN?$DN?$DN?$DN?$DN?$DN?$DN?$DN?5Chunk?3?3New?5?$DN?$DN?$DN?$DN?$DN?$DN?$DN?$DN?$DN@ 10002e74     FIMGlib:ChunkAlloc.obj
 0001:00001e98       ??_C@_0DE@BIDOMMJG@ChunkAlloc?5allocate?5?$CFd?5bytes?5usi@ 10002e98     FIMGlib:ChunkAlloc.obj
 0001:00001ecc       ??_C@_0DB@CLAOLHJJ@ChunkAlloc?5allocate?5?$CFd?5bytes?5usi@ 10002ecc     FIMGlib:ChunkAlloc.obj
 0001:00001f00       ??_C@_0CG@LOGLNHNO@pAddr?5?$CFp?5vAddr?5?$CFp?5size?5?$CFd?5Byte?0?5@ 10002f00     FIMGlib:ChunkAlloc.obj
 0001:00001f28       ??_C@_0BG@BMGOCJAI@Head?5Node?5?$CFp?0?5Node?5?$CFp?$AA@ 10002f28     FIMGlib:ChunkAlloc.obj
 0001:00001f40       ??_C@_0CP@BPJKMPOE@ChunkAlloc?5free?5?$CFd?5bytes?5from?5Re@ 10002f40     FIMGlib:ChunkAlloc.obj
 0001:00001f70       ??_C@_0CM@BDBEGBFL@ChunkAlloc?5free?5?$CFd?5bytes?5using?5F@ 10002f70     FIMGlib:ChunkAlloc.obj
 0001:00001f9c       ??_C@_0BO@BFDFHECE@?6?$DN?$DN?$DN?$DN?$DN?$DN?$DN?$DNChunk?3?3Free?$DN?$DN?$DN?$DN?$DN?$DN?$DN?$DN?6?$AA@ 10002f9c     FIMGlib:ChunkAlloc.obj
 0001:00001fbc       ??_C@_1DI@DOMNLBDM@?$AA?$FL?$AAF?$AAI?$AAM?$AAG?$AA?$FN?$AA?5?$AAM?$AAu?$AAt?$AAe?$AAx?$AA?5?$AAi?$AAs?$AA?5?$AAn?$AAo?$AAt?$AA?5@ 10002fbc     FIMGlib:platform.obj
 0001:00001ff4       ??_C@_1DK@JMHLPDDF@?$AA?$FL?$AAF?$AAI?$AAM?$AAG?$AA?$FN?$AA?5?$AAM?$AAu?$AAt?$AAe?$AAx?$AA?5?$AAa?$AAl?$AAr?$AAe?$AAa?$AAd?$AAy@ 10002ff4     FIMGlib:platform.obj
 0001:00002030       ??_C@_1BO@ICIALGBJ@?$AAF?$AAI?$AAM?$AAG?$AA3?$AAD?$AAS?$AAF?$AAR?$AAM?$AAu?$AAt?$AAe?$AAx?$AA?$AA@ 10003030     FIMGlib:platform.obj
 0001:00002050       ??_C@_09BAACALNO@glfFinish?$AA@ 10003050     FIMGlib:glFimg.obj
 0001:0000205c       ??_C@_0BJ@KDNODOBO@0?$CG?$CG?$CCUnexpected?5logicop?$CB?$CC?$AA@ 1000305c     FIMGlib:glFimg.obj
 0001:00002078       ??_C@_0DO@HNEFJJDH@ERROR?3?5unexpected?5bit?5depth?$CB?5col@ 10003078     FIMGlib:glFimg.obj
 0001:000020b8       ??_C@_0DO@PCJNAJEP@ERROR?3?5unknown?5pixel?5format?$CB?5col@ 100030b8     FIMGlib:glFimg.obj
 0001:000020f8       ??_C@_09NCPHIBLG@indx?5?$DO?$DN?50?$AA@ 100030f8     FIMGlib:glFimg.obj
 0001:00002104       ??_C@_0BF@CPGGPCCL@WARNING?3?5null?5data?5?6?$AA@ 10003104     FIMGlib:glFimg.obj
 0001:0000211c       ??_C@_0BJ@NOEPFEPL@first?5?$DO?$DN?50?5?$CG?$CG?5count?5?$DO?$DN?50?$AA@ 1000311c     FIMGlib:glFimg.obj
 0001:00002138       ??_C@_0L@OGCHHCEC@count?5?$DO?$DN?50?$AA@ 10003138     FIMGlib:glFimg.obj
 0001:00002148       ??_C@_0EM@MIOCDDGD@ERROR?3?5unknown?5pixel?5format?$CB?5fra@ 10003148     FIMGlib:glFimg.obj
 0001:00002198       ??_C@_0EG@ICPIENJD@ERROR?3?5convertFromDepthStencil?3?5@ 10003198     FIMGlib:pixel.obj
 0001:000021e0       ??_C@_0EC@KGKPAOJ@ERROR?3?5getDepthStencilMask?3?5unkn@ 100031e0     FIMGlib:pixel.obj
 0001:00002224       ??_C@_0DI@BMGOBKGD@ERROR?3?5pixelSize?3?5unknown?5destin@ 10003224     FIMGlib:pixel.obj
 0001:0000225c       ??_C@_0CL@OJNPHHNB@ERROR?3?5unknown?5destination?5pixel@ 1000325c     FIMGlib:pixel.obj
 0001:00002288       ??_C@_0CN@ICEKKODN@ERROR?3?5unknown?5destination?5pixel@ 10003288     FIMGlib:pixel.obj
 0001:000022b8       ??_C@_0CH@EDFNMK@ERROR?3?5unknown?5FRAMEBUFFER?5forma@ 100032b8     FIMGlib:pixel.obj
 0001:000022e0       ??_C@_0DI@GNDEAKJB@?6?5the?5format?5passed?5and?5the?5colo@ 100032e0     FIMGlib:pixel.obj
 0001:00002318       ??_C@_0DJ@MDKGNGEG@ERROR?3?5unknown?1unsupported?5desti@ 10003318     FIMGlib:pixel.obj
 0001:00002354       ??_C@_0DE@HBKLCJFC@ERROR?3?5unknown?1unsupported?5sourc@ 10003354     FIMGlib:pixel.obj
 0001:0000246c       ??_C@_00CNPNBAHC@?$AA@     1000346c     FIMGlib:glShader.obj
 0001:00002470       ??_C@_0BA@IIMFCEJG@GL_SAMPLER_CUBE?$AA@ 10003470     FIMGlib:glShader.obj
 0001:00002480       ??_C@_0O@DGIMCAEM@GL_SAMPLER_3D?$AA@ 10003480     FIMGlib:glShader.obj
 0001:00002490       ??_C@_0O@DHEOEKHL@GL_SAMPLER_2D?$AA@ 10003490     FIMGlib:glShader.obj
 0001:000024a0       ??_C@_0O@EEJJKNLO@GL_FLOAT_MAT4?$AA@ 100034a0     FIMGlib:glShader.obj
 0001:000024b0       ??_C@_0O@LNIDLHJ@GL_FLOAT_MAT3?$AA@ 100034b0     FIMGlib:glShader.obj
 0001:000024c0       ??_C@_0O@BCMDAKDI@GL_FLOAT_MAT2?$AA@ 100034c0     FIMGlib:glShader.obj
 0001:000024d0       ??_C@_0N@CJJPMBDC@GL_BOOL_VEC4?$AA@ 100034d0     FIMGlib:glShader.obj
 0001:000024e0       ??_C@_0N@GGNOFHPF@GL_BOOL_VEC3?$AA@ 100034e0     FIMGlib:glShader.obj
 0001:000024f0       ??_C@_0N@HPMFGGLE@GL_BOOL_VEC2?$AA@ 100034f0     FIMGlib:glShader.obj
 0001:00002500       ??_C@_0M@OCJHHBAN@GL_INT_VEC4?$AA@ 10003500     FIMGlib:glShader.obj
 0001:0000250c       ??_C@_0M@KNNGOHMK@GL_INT_VEC3?$AA@ 1000350c     FIMGlib:glShader.obj
 0001:00002518       ??_C@_0M@LEMNNGIL@GL_INT_VEC2?$AA@ 10003518     FIMGlib:glShader.obj
 0001:00002524       ??_C@_07BLIMHPL@GL_BOOL?$AA@ 10003524     FIMGlib:glShader.obj
 0001:0000252c       ??_C@_0O@MFKCCJIP@GL_FLOAT_VEC4?$AA@ 1000352c     FIMGlib:glShader.obj
 0001:0000253c       ??_C@_0O@IKODLPEI@GL_FLOAT_VEC3?$AA@ 1000353c     FIMGlib:glShader.obj
 0001:0000254c       ??_C@_0O@JDPIIOAJ@GL_FLOAT_VEC2?$AA@ 1000354c     FIMGlib:glShader.obj
 0001:0000255c       ??_C@_06GDCJNGFG@GL_INT?$AA@ 1000355c     FIMGlib:glShader.obj
 0001:00002564       ??_C@_08CAFAKAJG@GL_FLOAT?$AA@ 10003564     FIMGlib:glShader.obj
 0001:00002570       ??_C@_0BB@JAKEHDNF@numSlotsUsed?$CB?$DN?50?$AA@ 10003570     FIMGlib:glShader.obj
 0001:00002584       ??_C@_0BJ@JIHGGLOB@0?5?$CG?$CG?5?$CCShaderPtr?5is?50?$CB?$CB?$CB?$CC?$AA@ 10003584     FIMGlib:glShader.obj
 0001:000025a0       ??_C@_0DE@IHGEAFJE@?$CItype?5?$CB?$DN?5INVALID_SHADER?$CJ?$CG?$CG?$CCShade@ 100035a0     FIMGlib:glShader.obj
 0001:000025d8       ??_C@_0GG@BBGAONBP@LINK?5ERROR?3?5two?5variables?5in?5a?5V@ 100035d8     FIMGlib:glShader.obj
 0001:00002640       ??_C@_0BJ@DOLBABKJ@LINK?5ERROR?3?5FS?5varying?5?$DM?$AA@ 10003640     FIMGlib:glShader.obj
 0001:0000265c       ??_C@_0BJ@IKLGKHHD@LINK?5ERROR?3?5VS?5varying?5?$DM?$AA@ 1000365c     FIMGlib:glShader.obj
 0001:00002678       ??_C@_0BJ@JAAEOFPE@?$DO?5register?5out?5of?5range?6?$AA@ 10003678     FIMGlib:glShader.obj
 0001:00002694       ??_C@_0BM@GIBIHBLH@?$CIvsReg?$CB?$DN?91?$CJ?5?$CG?$CG?$CCvsReg?5is?5?91?$CC?$AA@ 10003694     FIMGlib:glShader.obj
 0001:000026b0       ??_C@_0O@MPCJJLAI@gl_PointCoord?$AA@ 100036b0     FIMGlib:glShader.obj
 0001:000026c0       ??_C@_0BK@JOJHMMLE@UniformTable?3?3getLocation?$AA@ 100036c0     FIMGlib:glShader.obj
 0001:000026dc       ??_C@_0CK@GDMFNNAB@LINK?5FAILED?3?5type?5mismatch?5for?5v@ 100036dc     FIMGlib:glShader.obj
 0001:00002708       ??_C@_09PEJBFDKL@?5VStype?3?5?$AA@ 10003708     FIMGlib:glShader.obj
 0001:00002714       ??_C@_09FIFBBBNK@?5FStype?3?5?$AA@ 10003714     FIMGlib:glShader.obj
 0001:00002720       ??_C@_01EEMJAFIK@?6?$AA@   10003720     FIMGlib:glShader.obj
 0001:00002724       ??_C@_0DP@DHMFJJHK@LINK?5FAILED?3?5no?5matching?5varying@ 10003724     FIMGlib:glShader.obj
 0001:00002764       ??_C@_0CC@BPJCDECE@LINK?5FAILED?3?5unknown?5varying?5typ@ 10003764     FIMGlib:glShader.obj
 0001:00002788       ??_C@_0DC@FHCAOIIH@FAILED?3?5No?5free?5locations?5found?5@ 10003788     FIMGlib:glShader.obj
 0001:000027bc       ??_C@_0BE@FMLMHBMM@FAILED?3?5collision?$CB?6?$AA@ 100037bc     FIMGlib:glShader.obj
 0001:000027d0       ??_C@_0CM@CJEDCPCO@LINK?5FAILED?3?5Number?5of?5attribute@ 100037d0     FIMGlib:glShader.obj
 0001:000027fc       ??_C@_0CL@DGJCMKFN@LINK?5FAILED?3?5Overflowing?5attrib?5@ 100037fc     FIMGlib:glShader.obj
 0001:00002828       ??_C@_0FF@KBDMHBGK@?$CI?$CIvsRegIndex?$CLnumSlots?91?$CJ?$DMMAX_VER@ 10003828     FIMGlib:glShader.obj
 0001:00002880       ??_C@_0CF@PNPGEPNP@LINK?5FAILED?3?5Mismatched?5uniform?5@ 10003880     FIMGlib:glShader.obj
 0001:000028a8       ??_C@_0DH@IPFAHJAM@false?5?$CG?$CG?5?$CCInternal?5error?3?5var?5st@ 100038a8     FIMGlib:glShader.obj
 0001:000028e0       ??_C@_0EC@GFEFINEN@LINK?5FAILED?3?5Uniform?5name?5for?5ba@ 100038e0     FIMGlib:glShader.obj
 0001:00002924       ??_C@_0BP@KNMFFIPH@false?5?$CG?$CG?5?$CCDuplicate?5var?5name?$CB?$CC?$AA@ 10003924     FIMGlib:glShader.obj
 0001:00002944       ??_C@_0CK@OIHNAHBH@LINK?5FAILED?3?5Duplicate?5uniform?5n@ 10003944     FIMGlib:glShader.obj
 0001:00002970       ??_C@_0GC@PBEDHKOE@LINK?5FAILED?3?5Internal?5Error?4?5The@ 10003970     FIMGlib:glShader.obj
 0001:000029d8       ??_C@_0HO@GKLCPMAL@?$CIbt?9?$DOregclass?5?$DN?$DN?5DCL_REGSET_CONS@ 100039d8     FIMGlib:glShader.obj
 0001:00002a58       ??_C@_0CH@BLPNKILJ@INTERNAL?5ERROR?3?5unknown?5variable@ 10003a58     FIMGlib:glShader.obj
 0001:00002a80       ??_C@_0EM@IECLALCI@LINK?5FAILED?3?5Uniform?5name?5for?5ar@ 10003a80     FIMGlib:glShader.obj
 0001:00002acc       ??_C@_0BF@JOHCDIPF@it?9?$DOsecond?4size?5?$DO?$DN?50?$AA@ 10003acc     FIMGlib:glShader.obj
 0001:00002ae8       ??_C@_0ED@BPDDNMCA@?$CI?$CIstride?5?$CG?50x3?$CJ?$DN?$DN0?$CJ?5?$CG?$CG?5?$CCSampler?5@ 10003ae8     FIMGlib:glShader.obj
 0001:00002b30       ??_C@_0HO@FECJAAHH@?$CIat?9?$DOregclass?5?$DN?$DN?5DCL_REGSET_CONS@ 10003b30     FIMGlib:glShader.obj
 0001:00002bb0       ??_C@_04KBDJOJNB@?$FL?$CFd?$FN?$AA@ 10003bb0     FIMGlib:glShader.obj
 0001:00002bb8       ??_C@_0N@IDDEBJCE@gl_PointSize?$AA@ 10003bb8     FIMGlib:glShader.obj
 0001:00002bc8       ??_C@_0N@PNLLEOHM@gl_FragCoord?$AA@ 10003bc8     FIMGlib:glShader.obj
 0001:00002bd8       ??_C@_0BK@CLBGGFDL@Unsupported?5sampler?5type?6?$AA@ 10003bd8     FIMGlib:glShader.obj
 0001:00002bf4       ??_C@_0BH@GGLJICKK@Exceeded?5FS?5samplers?$CB?6?$AA@ 10003bf4     FIMGlib:glShader.obj
 0001:00002c0c       ??_C@_0BH@LLOMG@Exceeded?5VS?5samplers?$CB?6?$AA@ 10003c0c     FIMGlib:glShader.obj
 0001:00002c24       ??_C@_0DH@JODFONCE@INTERNAL?5ERROR?3?5TexDim?5var?5gener@ 10003c24     FIMGlib:glShader.obj
 0001:00002c60       ??_C@_0EA@GBNJGNKK@INTERNAL?5WARNING?3?5TexDim?5used?5fo@ 10003c60     FIMGlib:glShader.obj
 0001:00002ca0       ??_C@_06KHLBPCON@TexDim?$AA@ 10003ca0     FIMGlib:glShader.obj
 0001:00002ca8       ??_C@_0BM@GMAEFOGK@false?5?$CG?$CG?5?$CCunexpected?5sType?$CC?$AA@ 10003ca8     FIMGlib:glShader.obj
 0001:00002cc8       ??_C@_0FI@FMLJHEFF@?$CIsType?5?$DN?$DN?5shaderHeaderType?$CIbin?$CJ?$CJ@ 10003cc8     FIMGlib:glShader.obj
 0001:00002d20       ??_C@_0BN@CKGAPEMH@bin?5?$CG?$CG?5?$CCBin?5shaderPtr?5is?50?$CB?$CC?$AA@ 10003d20     FIMGlib:glShader.obj
 0001:00002d40       ??_C@_0BI@GPFLAHDO@ProgramVars?3?3insertVars?$AA@ 10003d40     FIMGlib:glShader.obj
 0001:00002d58       ??_C@_0BP@KMCANGHO@ShaderProgNameList?3?3freeUnused?$AA@ 10003d58     FIMGlib:glShader.obj
 0001:00002d78       ??_C@_0CJ@FNOGMCGA@false?5?$CG?$CG?5?$CCTrying?5to?5attach?5null?5@ 10003d78     FIMGlib:glShader.obj
 0001:00002da4       ??_C@_0BG@HHMIANB@Program?3?3attachShader?$AA@ 10003da4     FIMGlib:glShader.obj
 0001:00002dbc       ??_C@_0BN@PEBFNDGC@Unable?5to?5allocate?5?$CFd?5bytes?6?$AA@ 10003dbc     GPIlib:GPI_wince.obj
 0001:00002de0       ??_C@_0EA@LJKCCKCA@Received?5an?5alloc?5request?5of?5siz@ 10003de0     GPIlib:GPI_wince.obj
 0001:00002e20       ??_C@_0BH@FLIKCLHL@Unable?5to?5free?5memory?6?$AA@ 10003e20     GPIlib:GPI_wince.obj
 0001:00002e38       ??_C@_0BG@BBKLNDDM@Unable?5to?5get?5status?6?$AA@ 10003e38     GPIlib:GPI_wince.obj
 0001:00002e50       ??_C@_0CI@ODNNEIEG@Unable?5to?5free?5memory?5for?5depth?5@ 10003e50     GPIlib:GPI_wince.obj
 0001:00002e78       ??_C@_0DL@FANLJNNA@Unable?5to?5allocate?5?$CFd?5bytes?5for?5@ 10003e78     GPIlib:GPI_wince.obj
 0001:00002eb4       ??_C@_0CO@CDFMBLOB@Unable?5to?5allocate?5?$CFd?5bytes?5for?5@ 10003eb4     GPIlib:GPI_wince.obj
 0001:00002f0c       ?printf@Plat@@SAHPBDZZ     10003f0c f i FIMGlib:glCore.obj
 0001:00002f2c       ?InitFallBackTexObjects@SharedTextureState@@QAAXXZ 10003f2c f i FIMGlib:glCore.obj
 0001:0000343c       ?unlockGLSharedTextureState@@YAXPAUOGLState@@@Z 1000443c f i FIMGlib:glCore.obj
 0001:000037d0       GLES2SetContext            100047d0 f   FIMGlib:glCore.obj
 0001:0000380c       ?FimgFinish@@YA?AW4glfError@@PAUOGLState@@@Z 1000480c f   FIMGlib:glCore.obj
 0001:00003848       ?set_err@@YAXI@Z           10004848 f   FIMGlib:glCore.obj
 0001:000038ac       ?set_err@@YAXPAUOGLState@@I@Z 100048ac f   FIMGlib:glCore.obj
 0001:000038c4       glBlendColor               100048c4 f   FIMGlib:glCore.obj
 0001:00003a58       glBlendEquationSeparate    10004a58 f   FIMGlib:glCore.obj
 0001:00003b9c       glBlendFuncSeparate        10004b9c f   FIMGlib:glCore.obj
 0001:00003d5c       glClear                    10004d5c f   FIMGlib:glCore.obj
 0001:00003e90       glClearColor               10004e90 f   FIMGlib:glCore.obj
 0001:00004024       glClearDepthf              10005024 f   FIMGlib:glCore.obj
 0001:000040cc       glClearStencil             100050cc f   FIMGlib:glCore.obj
 0001:00004124       glColorMask                10005124 f   FIMGlib:glCore.obj
 0001:00004194       glCullFace                 10005194 f   FIMGlib:glCore.obj
 0001:00004268       glDepthFunc                10005268 f   FIMGlib:glCore.obj
 0001:00004338       glDepthMask                10005338 f   FIMGlib:glCore.obj
 0001:00004390       glDepthRangef              10005390 f   FIMGlib:glCore.obj
 0001:00004488       glDisable                  10005488 f   FIMGlib:glCore.obj
 0001:00004658       glDisableVertexAttribArray 10005658 f   FIMGlib:glCore.obj
 0001:00004710       ?isDrawVertexCountValid@@YA_NIH@Z 10005710 f   FIMGlib:glCore.obj
 0001:000047f8       glEnable                   100057f8 f   FIMGlib:glCore.obj
 0001:000049c8       glEnableVertexAttribArray  100059c8 f   FIMGlib:glCore.obj
 0001:00004a80       ?stateFlush@@YA_NPAUOGLState@@@Z 10005a80 f   FIMGlib:glCore.obj
 0001:00004d10       glFinish                   10005d10 f   FIMGlib:glCore.obj
 0001:00004d98       glFlush                    10005d98 f   FIMGlib:glCore.obj
 0001:00004e18       glFrontFace                10005e18 f   FIMGlib:glCore.obj
 0001:00004ed4       glGetBufferParameteriv     10005ed4 f   FIMGlib:glCore.obj
 0001:00005024       glGetError                 10006024 f   FIMGlib:glCore.obj
 0001:00005080       glGetString                10006080 f   FIMGlib:glCore.obj
 0001:0000518c       ?GetVertexAttribfv@@YAIIIPAM@Z 1000618c f   FIMGlib:glCore.obj
 0001:00005364       glGetVertexAttribfv        10006364 f   FIMGlib:glCore.obj
 0001:00005374       glGetVertexAttribiv        10006374 f   FIMGlib:glCore.obj
 0001:000053e0       glGetVertexAttribPointerv  100063e0 f   FIMGlib:glCore.obj
 0001:00005524       glHint                     10006524 f   FIMGlib:glCore.obj
 0001:00005628       glIsBuffer                 10006628 f   FIMGlib:glCore.obj
 0001:000056c4       glIsEnabled                100066c4 f   FIMGlib:glCore.obj
 0001:0000586c       glLineWidth                1000686c f   FIMGlib:glCore.obj
 0001:00005930       glPixelStorei              10006930 f   FIMGlib:glCore.obj
 0001:00005a40       glPolygonOffset            10006a40 f   FIMGlib:glCore.obj
 0001:00005a9c       glReadPixels               10006a9c f   FIMGlib:glCore.obj
 0001:00005e04       glSampleCoverage           10006e04 f   FIMGlib:glCore.obj
 0001:00005eb8       glScissor                  10006eb8 f   FIMGlib:glCore.obj
 0001:00005f8c       glStencilFuncSeparate      10006f8c f   FIMGlib:glCore.obj
 0001:000060dc       glStencilMaskSeparate      100070dc f   FIMGlib:glCore.obj
 0001:0000618c       glStencilOpSeparate        1000718c f   FIMGlib:glCore.obj
 0001:0000637c       glVertexAttrib4f           1000737c f   FIMGlib:glCore.obj
 0001:00006448       glVertexAttrib1fv          10007448 f   FIMGlib:glCore.obj
 0001:000064e8       glVertexAttrib2fv          100074e8 f   FIMGlib:glCore.obj
 0001:00006588       glVertexAttrib3fv          10007588 f   FIMGlib:glCore.obj
 0001:00006628       glVertexAttrib4fv          10007628 f   FIMGlib:glCore.obj
 0001:000066d0       glVertexAttribPointer      100076d0 f   FIMGlib:glCore.obj
 0001:000067fc       glViewport                 100077fc f   FIMGlib:glCore.obj
 0001:000068cc       glBindBuffer               100078cc f   FIMGlib:glCore.obj
 0001:00006b14       glGenBuffers               10007b14 f   FIMGlib:glCore.obj
 0001:00006be8       glBufferSubData            10007be8 f   FIMGlib:glCore.obj
 0001:00006d88       GLES2ChunkNew              10007d88 f   FIMGlib:glCore.obj
 0001:00006dd0       GLES2ChunkFree             10007dd0 f   FIMGlib:glCore.obj
 0001:00006df0       GLES2DepthNew              10007df0 f   FIMGlib:glCore.obj
 0001:00006e40       GLES2DepthFree             10007e40 f   FIMGlib:glCore.obj
 0001:00006e50       glIsGPUBusy                10007e50 f   FIMGlib:glCore.obj
 0001:00006e64       glGetTextureUsedSLSI       10007e64 f   FIMGlib:glCore.obj
 0001:00006e88       glGetPhysMemUsedSLSI       10007e88 f   FIMGlib:glCore.obj
 0001:00006e98       ??9iterator@?$_Tree@IU?$pair@$$CBIPAURenderbufferObject@@@std@@U_Kfn@?$map@IPAURenderbufferObject@@U?$less@I@std@@V?$allocator@PAURenderbufferObject@@@3@@2@U?$less@I@2@V?$allocator@PAURenderbufferObject@@@2@@std@@QBA_NABV012@@Z 10007e98 f i FIMGlib:glCore.obj
 0001:00006ecc       ??9iterator@?$_Tree@IU?$pair@$$CBIPAUFramebufferObject@@@std@@U_Kfn@?$map@IPAUFramebufferObject@@U?$less@I@std@@V?$allocator@PAUFramebufferObject@@@3@@2@U?$less@I@2@V?$allocator@PAUFramebufferObject@@@2@@std@@QBA_NABV012@@Z 10007ecc f i FIMGlib:glCore.obj
 0001:00006f00       ?_Lrotate@?$_Tree@IU?$pair@$$CBIPAURenderbufferObject@@@std@@U_Kfn@?$map@IPAURenderbufferObject@@U?$less@I@std@@V?$allocator@PAURenderbufferObject@@@3@@2@U?$less@I@2@V?$allocator@PAURenderbufferObject@@@2@@std@@IAAXPAU_Node@12@@Z 10007f00 f i FIMGlib:glCore.obj
 0001:00006f80       ?_Max@?$_Tree@IU?$pair@$$CBIPAURenderbufferObject@@@std@@U_Kfn@?$map@IPAURenderbufferObject@@U?$less@I@std@@V?$allocator@PAURenderbufferObject@@@3@@2@U?$less@I@2@V?$allocator@PAURenderbufferObject@@@2@@std@@KAPAU_Node@12@PAU312@@Z 10007f80 f i FIMGlib:glCore.obj
 0001:00006fbc       ?_Rrotate@?$_Tree@IU?$pair@$$CBIPAURenderbufferObject@@@std@@U_Kfn@?$map@IPAURenderbufferObject@@U?$less@I@std@@V?$allocator@PAURenderbufferObject@@@3@@2@U?$less@I@2@V?$allocator@PAURenderbufferObject@@@2@@std@@IAAXPAU_Node@12@@Z 10007fbc f i FIMGlib:glCore.obj
 0001:00007044       ?_Max@?$_Tree@IU?$pair@$$CBIPAUFramebufferObject@@@std@@U_Kfn@?$map@IPAUFramebufferObject@@U?$less@I@std@@V?$allocator@PAUFramebufferObject@@@3@@2@U?$less@I@2@V?$allocator@PAUFramebufferObject@@@2@@std@@KAPAU_Node@12@PAU312@@Z 10008044 f i FIMGlib:glCore.obj
 0001:00007080       ?_Max@?$_Tree@IIU_Kfn@?$set@IU?$less@I@std@@V?$allocator@I@2@@std@@U?$less@I@3@V?$allocator@I@3@@std@@KAPAU_Node@12@PAU312@@Z 10008080 f i FIMGlib:glCore.obj
 0001:000070bc       ?_Inc@const_iterator@?$_Tree@IU?$pair@$$CBIPAUFramebufferObject@@@std@@U_Kfn@?$map@IPAUFramebufferObject@@U?$less@I@std@@V?$allocator@PAUFramebufferObject@@@3@@2@U?$less@I@2@V?$allocator@PAUFramebufferObject@@@2@@std@@QAAXXZ 100080bc f i FIMGlib:glCore.obj
 0001:00007160       ?_Inc@const_iterator@?$_Tree@IIU_Kfn@?$set@IU?$less@I@std@@V?$allocator@I@2@@std@@U?$less@I@3@V?$allocator@I@3@@std@@QAAXXZ 10008160 f i FIMGlib:glCore.obj
 0001:00007204       GLES2SetSurfaceData        10008204 f   FIMGlib:glCore.obj
 0001:000072e4       glBlendEquation            100082e4 f   FIMGlib:glCore.obj
 0001:000072f8       glBlendFunc                100082f8 f   FIMGlib:glCore.obj
 0001:00007310       glDrawArrays               10008310 f   FIMGlib:glCore.obj
 0001:000074dc       glDrawElements             100084dc f   FIMGlib:glCore.obj
 0001:000076c0       glGetBooleanv              100086c0 f   FIMGlib:glCore.obj
 0001:00008944       glGetFloatv                10009944 f   FIMGlib:glCore.obj
 0001:00009b20       glGetIntegerv              1000ab20 f   FIMGlib:glCore.obj
 0001:0000afe4       glStencilFunc              1000bfe4 f   FIMGlib:glCore.obj
 0001:0000b0c0       glStencilMask              1000c0c0 f   FIMGlib:glCore.obj
 0001:0000b11c       glStencilOp                1000c11c f   FIMGlib:glCore.obj
 0001:0000b140       glVertexAttrib1f           1000c140 f   FIMGlib:glCore.obj
 0001:0000b168       glVertexAttrib2f           1000c168 f   FIMGlib:glCore.obj
 0001:0000b18c       glVertexAttrib3f           1000c18c f   FIMGlib:glCore.obj
 0001:0000b1ac       glDeleteBuffers            1000c1ac f   FIMGlib:glCore.obj
 0001:0000b32c       glBufferData               1000c32c f   FIMGlib:glCore.obj
 0001:0000b524       ??9iterator@?$_Tree@IIU_Kfn@?$set@IU?$less@I@std@@V?$allocator@I@2@@std@@U?$less@I@3@V?$allocator@I@3@@std@@QBA_NABV012@@Z 1000c524 f i FIMGlib:glCore.obj
 0001:0000b558       ?_Lrotate@?$_Tree@IU?$pair@$$CBIPAUFramebufferObject@@@std@@U_Kfn@?$map@IPAUFramebufferObject@@U?$less@I@std@@V?$allocator@PAUFramebufferObject@@@3@@2@U?$less@I@2@V?$allocator@PAUFramebufferObject@@@2@@std@@IAAXPAU_Node@12@@Z 1000c558 f i FIMGlib:glCore.obj
 0001:0000b5d8       ?_Rrotate@?$_Tree@IU?$pair@$$CBIPAUFramebufferObject@@@std@@U_Kfn@?$map@IPAUFramebufferObject@@U?$less@I@std@@V?$allocator@PAUFramebufferObject@@@3@@2@U?$less@I@2@V?$allocator@PAUFramebufferObject@@@2@@std@@IAAXPAU_Node@12@@Z 1000c5d8 f i FIMGlib:glCore.obj
 0001:0000b660       ?_Lrotate@?$_Tree@IIU_Kfn@?$set@IU?$less@I@std@@V?$allocator@I@2@@std@@U?$less@I@3@V?$allocator@I@3@@std@@IAAXPAU_Node@12@@Z 1000c660 f i FIMGlib:glCore.obj
 0001:0000b6e0       ?_Rrotate@?$_Tree@IIU_Kfn@?$set@IU?$less@I@std@@V?$allocator@I@2@@std@@U?$less@I@3@V?$allocator@I@3@@std@@IAAXPAU_Node@12@@Z 1000c6e0 f i FIMGlib:glCore.obj
 0001:0000b768       ?_Inc@const_iterator@?$_Tree@IU?$pair@$$CBIPAURenderbufferObject@@@std@@U_Kfn@?$map@IPAURenderbufferObject@@U?$less@I@std@@V?$allocator@PAURenderbufferObject@@@3@@2@U?$less@I@2@V?$allocator@PAURenderbufferObject@@@2@@std@@QAAXXZ 1000c768 f i FIMGlib:glCore.obj
 0001:0000b80c       ?_Erase@?$_Tree@IU?$pair@$$CBIPAURenderbufferObject@@@std@@U_Kfn@?$map@IPAURenderbufferObject@@U?$less@I@std@@V?$allocator@PAURenderbufferObject@@@3@@2@U?$less@I@2@V?$allocator@PAURenderbufferObject@@@2@@std@@IAAXPAU_Node@12@@Z 1000c80c f i FIMGlib:glCore.obj
 0001:0000b860       ?_Erase@?$_Tree@IU?$pair@$$CBIPAUFramebufferObject@@@std@@U_Kfn@?$map@IPAUFramebufferObject@@U?$less@I@std@@V?$allocator@PAUFramebufferObject@@@3@@2@U?$less@I@2@V?$allocator@PAUFramebufferObject@@@2@@std@@IAAXPAU_Node@12@@Z 1000c860 f i FIMGlib:glCore.obj
 0001:0000b8b4       ?_Erase@?$_Tree@IIU_Kfn@?$set@IU?$less@I@std@@V?$allocator@I@2@@std@@U?$less@I@3@V?$allocator@I@3@@std@@IAAXPAU_Node@12@@Z 1000c8b4 f i FIMGlib:glCore.obj
 0001:0000b908       ?erase@?$_Tree@IU?$pair@$$CBIPAUFramebufferObject@@@std@@U_Kfn@?$map@IPAUFramebufferObject@@U?$less@I@std@@V?$allocator@PAUFramebufferObject@@@3@@2@U?$less@I@2@V?$allocator@PAUFramebufferObject@@@2@@std@@QAA?AViterator@12@V312@@Z 1000c908 f i FIMGlib:glCore.obj
 0001:0000bddc       ?erase@?$_Tree@IIU_Kfn@?$set@IU?$less@I@std@@V?$allocator@I@2@@std@@U?$less@I@3@V?$allocator@I@3@@std@@QAA?AViterator@12@V312@@Z 1000cddc f i FIMGlib:glCore.obj
 0001:0000c2b0       ?erase@?$_Tree@IU?$pair@$$CBIPAUFramebufferObject@@@std@@U_Kfn@?$map@IPAUFramebufferObject@@U?$less@I@std@@V?$allocator@PAUFramebufferObject@@@3@@2@U?$less@I@2@V?$allocator@PAUFramebufferObject@@@2@@std@@QAA?AViterator@12@V312@0@Z 1000d2b0 f i FIMGlib:glCore.obj
 0001:0000c458       ?erase@?$_Tree@IIU_Kfn@?$set@IU?$less@I@std@@V?$allocator@I@2@@std@@U?$less@I@3@V?$allocator@I@3@@std@@QAA?AViterator@12@V312@0@Z 1000d458 f i FIMGlib:glCore.obj
 0001:0000c600       ?erase@?$_Tree@IU?$pair@$$CBIPAURenderbufferObject@@@std@@U_Kfn@?$map@IPAURenderbufferObject@@U?$less@I@std@@V?$allocator@PAURenderbufferObject@@@3@@2@U?$less@I@2@V?$allocator@PAURenderbufferObject@@@2@@std@@QAA?AViterator@12@V312@@Z 1000d600 f i FIMGlib:glCore.obj
 0001:0000cad4       ?erase@?$_Tree@IU?$pair@$$CBIPAURenderbufferObject@@@std@@U_Kfn@?$map@IPAURenderbufferObject@@U?$less@I@std@@V?$allocator@PAURenderbufferObject@@@3@@2@U?$less@I@2@V?$allocator@PAURenderbufferObject@@@2@@std@@QAA?AViterator@12@V312@0@Z 1000dad4 f i FIMGlib:glCore.obj
 0001:0000cc7c       ?setDefaults@RenderbufferState@@QAAXXZ 1000dc7c f i FIMGlib:glCore.obj
 0001:0000cd70       ??0SharedTextureState@@QAA@XZ 1000dd70 f i FIMGlib:glCore.obj
 0001:0000ce7c       ??1SharedTextureState@@QAA@XZ 1000de7c f i FIMGlib:glCore.obj
 0001:0000cf60       ??1OGLState@@QAA@XZ        1000df60 f i FIMGlib:glCore.obj
 0001:0000d068       ??0RenderbufferState@@QAA@XZ 1000e068 f i FIMGlib:glCore.obj
 0001:0000d10c       GLES2CreateContext         1000e10c f   FIMGlib:glCore.obj
 0001:0000d2bc       ?DestroyContext@@YAEPAUOGLState@@@Z 1000e2bc f   FIMGlib:glCore.obj
 0001:0000d420       GLES2DestroyContext        1000e420 f   FIMGlib:glCore.obj
 0001:0000d46c       ?InitEGLInterfaceFunction@@YAXXZ 1000e46c f   FIMGlib:glCore.obj
 0001:0000d598       DllMain                    1000e598 f   FIMGlib:glCore.obj
 0001:0000d764       extRegisterMemAllocFunc    1000e764 f   FIMGlib:memext.obj
 0001:0000d774       extRegisterMemFreeFunc     1000e774 f   FIMGlib:memext.obj
 0001:0000d784       ?calculateMipmapOffset@@YA?AW4FGL_ErrorTag@@PAIII0@Z 1000e784 f i FIMGlib:glTex.obj
 0001:0000d7f4       ?calculateMipmapOffsetS3TC@@YA?AW4FGL_ErrorTag@@PAIII0@Z 1000e7f4 f i FIMGlib:glTex.obj
 0001:0000d888       ?calculateMipmapOffsetYUV@@YA?AW4FGL_ErrorTag@@PAIII0@Z 1000e888 f i FIMGlib:glTex.obj
 0001:0000dab4       ?transferImageFromTexChunckToImageChunck@@YAXPAVTextureObject@@@Z 1000eab4 f i FIMGlib:glTex.obj
 0001:0000dd88       ?getImageDataLocation@@YAPAEPAVTextureObject@@PAUImage@@HH@Z 1000ed88 f   FIMGlib:glTex.obj
 0001:0000de50       ?isMipmapFilter@@YAEI@Z    1000ee50 f   FIMGlib:glTex.obj
 0001:0000deec       glActiveTexture            1000eeec f   FIMGlib:glTex.obj
 0001:0000df40       ?DetermineTextureFormat@@YA?AW4PxFmt@@IIPAW41@@Z 1000ef40 f   FIMGlib:glTex.obj
 0001:0000e0e0       ?reset@TextureObject@@QAAXXZ 1000f0e0 f   FIMGlib:glTex.obj
 0001:0000e18c       ?Init@TextureObject@@QAAXHI@Z 1000f18c f   FIMGlib:glTex.obj
 0001:0000e2a8       ?acquire@TextureObject@@QAAXPAUOGLState@@@Z 1000f2a8 f i FIMGlib:glTex.obj
 0001:0000e338       ?IsComplete@TextureObject@@QAAEPAH@Z 1000f338 f   FIMGlib:glTex.obj
 0001:0000e7ec       ?updateTexFGLState@TextureObject@@QAAEXZ 1000f7ec f   FIMGlib:glTex.obj
 0001:0000ed04       ?GetPixSize@@YAII@Z        1000fd04 f   FIMGlib:glTex.obj
 0001:0000eda8       ?CheckFormatTypeCombination@@YAIII@Z 1000fda8 f   FIMGlib:glTex.obj
 0001:0000ef00       ?determineFormatAndType@@YAXPAI0W4PxFmt@@@Z 1000ff00 f i FIMGlib:glTex.obj
 0001:0000efbc       GLES2ReleaseTexImage       1000ffbc f   FIMGlib:glTex.obj
 0001:0000f0b8       ?GetPixelSize@@YAHII@Z     100100b8 f   FIMGlib:glTex.obj
 0001:0000f3a4       ?GetTexNameArrayIndex@@YAHI_N@Z 100103a4 f   FIMGlib:glTex.obj
 0001:0000f464       ?SwapRB@@YAXPAEIIHHHHHHHHHH@Z 10010464 f   FIMGlib:glTex.obj
 0001:0000f538       ?_Dec@const_iterator@?$_Tree@IIU_Kfn@?$set@IU?$less@I@std@@V?$allocator@I@2@@std@@U?$less@I@3@V?$allocator@I@3@@std@@QAAXXZ 10010538 f i FIMGlib:glTex.obj
 0001:0000f5f0       ?getImageDataLocation@@YAPAEPAVTextureObject@@HHHHHIIHH@Z 100105f0 f   FIMGlib:glTex.obj
 0001:0000f8b0       glIsTexture                100108b0 f   FIMGlib:glTex.obj
 0001:0000f92c       ?InitLocalTextureState@@YAXPAUOGLState@@@Z 1001092c f   FIMGlib:glTex.obj
 0001:0000fd04       ?Delete@TextureObject@@QAAXXZ 10010d04 f   FIMGlib:glTex.obj
 0001:0000ffb0       ?CompiledSize@TextureObject@@AAAHXZ 10010fb0 f i FIMGlib:glTex.obj
 0001:000100ac       ?GetTextureObject@@YAPAVTextureObject@@I_NH@Z 100110ac f   FIMGlib:glTex.obj
 0001:00010214       GLES2BindTexImage          10011214 f   FIMGlib:glTex.obj
 0001:0001040c       glMapTexture               1001140c f   FIMGlib:glTex.obj
 0001:00010590       glUnmapTexture             10011590 f   FIMGlib:glTex.obj
 0001:00010644       ?_Ubound@?$_Tree@IIU_Kfn@?$set@IU?$less@I@std@@V?$allocator@I@2@@std@@U?$less@I@3@V?$allocator@I@3@@std@@IBAPAU_Node@12@ABI@Z 10011644 f i FIMGlib:glTex.obj
 0001:000106a0       ??9const_iterator@?$_Tree@IIU_Kfn@?$set@IU?$less@I@std@@V?$allocator@I@2@@std@@U?$less@I@3@V?$allocator@I@3@@std@@QBA_NABV012@@Z 100116a0 f i FIMGlib:glTex.obj
 0001:000106d4       glTexParameteri            100116d4 f   FIMGlib:glTex.obj
 0001:00010904       glTexParameteriv           10011904 f   FIMGlib:glTex.obj
 0001:00010958       glTexParameterf            10011958 f   FIMGlib:glTex.obj
 0001:00010984       glTexParameterfv           10011984 f   FIMGlib:glTex.obj
 0001:000109e0       glTexImage2D               100119e0 f   FIMGlib:glTex.obj
 0001:00010c58       glTexSubImage2D            10011c58 f   FIMGlib:glTex.obj
 0001:00010ea0       glCopyTexImage2D           10011ea0 f   FIMGlib:glTex.obj
 0001:00011264       glCopyTexSubImage2D        10012264 f   FIMGlib:glTex.obj
 0001:000115ac       glCompressedTexImage2D     100125ac f   FIMGlib:glTex.obj
 0001:0001198c       glCompressedTexSubImage2D  1001298c f   FIMGlib:glTex.obj
 0001:00011c98       glGenerateMipmap           10012c98 f   FIMGlib:glTex.obj
 0001:00011f08       glGetTexParameteriv        10012f08 f   FIMGlib:glTex.obj
 0001:00012048       glGetTexParameterfv        10013048 f   FIMGlib:glTex.obj
 0001:00012058       ?Compile@TextureObject@@QAAEXZ 10013058 f   FIMGlib:glTex.obj
 0001:00012820       ?GetTexObject@@YAPAVTextureObject@@I@Z 10013820 f   FIMGlib:glTex.obj
 0001:000128a8       ?equal_range@?$_Tree@IIU_Kfn@?$set@IU?$less@I@std@@V?$allocator@I@2@@std@@U?$less@I@3@V?$allocator@I@3@@std@@QAA?AU?$pair@Viterator@?$_Tree@IIU_Kfn@?$set@IU?$less@I@std@@V?$allocator@I@2@@std@@U?$less@I@3@V?$allocator@I@3@@std@@V123@@2@ABI@Z 100138a8 f i FIMGlib:glTex.obj
 0001:0001291c       ?equal_range@?$_Tree@IIU_Kfn@?$set@IU?$less@I@std@@V?$allocator@I@2@@std@@U?$less@I@3@V?$allocator@I@3@@std@@QBA?AU?$pair@Vconst_iterator@?$_Tree@IIU_Kfn@?$set@IU?$less@I@std@@V?$allocator@I@2@@std@@U?$less@I@3@V?$allocator@I@3@@std@@V123@@2@ABI@Z 1001391c f i FIMGlib:glTex.obj
 0001:00012990       ?_Insert@?$_Tree@IIU_Kfn@?$set@IU?$less@I@std@@V?$allocator@I@2@@std@@U?$less@I@3@V?$allocator@I@3@@std@@IAA?AViterator@12@PAU_Node@12@0ABI@Z 10013990 f i FIMGlib:glTex.obj
 0001:00012d34       ??$_Distance@Viterator@?$_Tree@IIU_Kfn@?$set@IU?$less@I@std@@V?$allocator@I@2@@std@@U?$less@I@3@V?$allocator@I@3@@std@@I@std@@YAXViterator@?$_Tree@IIU_Kfn@?$set@IU?$less@I@std@@V?$allocator@I@2@@std@@U?$less@I@3@V?$allocator@I@3@@0@0AAI@Z 10013d34 f i FIMGlib:glTex.obj
 0001:00012da0       ??$_Distance@Vconst_iterator@?$_Tree@IIU_Kfn@?$set@IU?$less@I@std@@V?$allocator@I@2@@std@@U?$less@I@3@V?$allocator@I@3@@std@@I@std@@YAXVconst_iterator@?$_Tree@IIU_Kfn@?$set@IU?$less@I@std@@V?$allocator@I@2@@std@@U?$less@I@3@V?$allocator@I@3@@0@0AAI@Z 10013da0 f i FIMGlib:glTex.obj
 0001:00012e0c       ?insert@?$_Tree@IIU_Kfn@?$set@IU?$less@I@std@@V?$allocator@I@2@@std@@U?$less@I@3@V?$allocator@I@3@@std@@QAA?AU?$pair@Viterator@?$_Tree@IIU_Kfn@?$set@IU?$less@I@std@@V?$allocator@I@2@@std@@U?$less@I@3@V?$allocator@I@3@@std@@_N@2@ABI@Z 10013e0c f i FIMGlib:glTex.obj
 0001:00012f90       ?erase@?$set@IU?$less@I@std@@V?$allocator@I@2@@std@@QAAIABI@Z 10013f90 f i FIMGlib:glTex.obj
 0001:00012fe4       ?getTextureNames@@YAEPAUSharedTextureState@@HPAI@Z 10013fe4 f   FIMGlib:glTex.obj
 0001:000130e4       glGenTextures              100140e4 f   FIMGlib:glTex.obj
 0001:000131c0       ?release@TextureObject@@QAAXPAUOGLState@@@Z 100141c0 f i FIMGlib:glTex.obj
 0001:000132d8       ?releaseBoundTextures@@YAXPAUOGLState@@@Z 100142d8 f   FIMGlib:glTex.obj
 0001:000133a4       glBindTexture              100143a4 f   FIMGlib:glTex.obj
 0001:000137d4       glDeleteTextures           100147d4 f   FIMGlib:glTex.obj
 0001:00013b90       ?DeInitLocalTextureState@@YAXPAUOGLState@@@Z 10014b90 f   FIMGlib:glTex.obj
 0001:00013e28       ?updateCurrentExecutable@@YA_NXZ 10014e28 f   FIMGlib:glShaderApi.obj
 0001:00013f0c       glGetShaderPrecisionFormat 10014f0c f   FIMGlib:glShaderApi.obj
 0001:00014004       glCompileShader            10015004 f   FIMGlib:glShaderApi.obj
 0001:00014008       glGetShaderInfoLog         10015008 f   FIMGlib:glShaderApi.obj
 0001:0001400c       glGetShaderSource          1001500c f   FIMGlib:glShaderApi.obj
 0001:00014010       glReleaseShaderCompiler    10015010 f   FIMGlib:glShaderApi.obj
 0001:00014014       glShaderSource             10015014 f   FIMGlib:glShaderApi.obj
 0001:00014018       ??$setValues@MM$00@@YAXPAMPAUUniformVar@@PBXHH@Z 10015018 f i FIMGlib:glShaderApi.obj
 0001:00014100       ??$setValues@MM$01@@YAXPAMPAUUniformVar@@PBXHH@Z 10015100 f i FIMGlib:glShaderApi.obj
 0001:000141e8       ??$setValuesBool@MM$00@@YAXPAMPAUUniformVar@@PBXHH@Z 100151e8 f i FIMGlib:glShaderApi.obj
 0001:00014360       ??$setValuesBool@MM$01@@YAXPAMPAUUniformVar@@PBXHH@Z 10015360 f i FIMGlib:glShaderApi.obj
 0001:000144d8       ??$setValues@MH$00@@YAXPAMPAUUniformVar@@PBXHH@Z 100154d8 f i FIMGlib:glShaderApi.obj
 0001:000145ec       ??$setValues@MH$01@@YAXPAMPAUUniformVar@@PBXHH@Z 100155ec f i FIMGlib:glShaderApi.obj
 0001:00014700       ??$setValuesBool@MH$00@@YAXPAMPAUUniformVar@@PBXHH@Z 10015700 f i FIMGlib:glShaderApi.obj
 0001:00014850       ??$setValuesBool@MH$01@@YAXPAMPAUUniformVar@@PBXHH@Z 10015850 f i FIMGlib:glShaderApi.obj
 0001:000149a0       glAttachShader             100159a0 f   FIMGlib:glShaderApi.obj
 0001:00014ad4       glBindAttribLocation       10015ad4 f   FIMGlib:glShaderApi.obj
 0001:00014bfc       glDeleteProgram            10015bfc f   FIMGlib:glShaderApi.obj
 0001:00014cf4       glDeleteShader             10015cf4 f   FIMGlib:glShaderApi.obj
 0001:00014dc4       glDetachShader             10015dc4 f   FIMGlib:glShaderApi.obj
 0001:00014ef8       glGetAttachedShaders       10015ef8 f   FIMGlib:glShaderApi.obj
 0001:00015024       glGetProgramiv             10016024 f   FIMGlib:glShaderApi.obj
 0001:0001520c       glGetShaderiv              1001620c f   FIMGlib:glShaderApi.obj
 0001:000153ec       glGetUniformLocation       100163ec f   FIMGlib:glShaderApi.obj
 0001:000154d8       glIsProgram                100164d8 f   FIMGlib:glShaderApi.obj
 0001:0001555c       glIsShader                 1001655c f   FIMGlib:glShaderApi.obj
 0001:000155e4       glShaderBinary             100165e4 f   FIMGlib:glShaderApi.obj
 0001:00015824       ?_Tidy@?$basic_string@DU?$char_traits@D@std@@V?$allocator@D@2@@std@@AAAX_N@Z 10016824 f i FIMGlib:glShaderApi.obj
 0001:00015894       glGetActiveAttrib          10016894 f   FIMGlib:glShaderApi.obj
 0001:00015a00       glGetProgramInfoLog        10016a00 f   FIMGlib:glShaderApi.obj
 0001:00015b40       ?getUniform@@YAHIHPAM@Z    10016b40 f   FIMGlib:glShaderApi.obj
 0001:00015f08       glGetUniformfv             10016f08 f   FIMGlib:glShaderApi.obj
 0001:00015f18       glGetUniformiv             10016f18 f   FIMGlib:glShaderApi.obj
 0001:00015fdc       ?setUniformMat@@YAXHHPBXI@Z 10016fdc f   FIMGlib:glShaderApi.obj
 0001:000162ac       ?setUniformVec@@YAXHHPBXI@Z 100172ac f   FIMGlib:glShaderApi.obj
 0001:000167e8       glUniform1i                100177e8 f   FIMGlib:glShaderApi.obj
 0001:00016868       glUniform2i                10017868 f   FIMGlib:glShaderApi.obj
 0001:000168f0       glUniform3i                100178f0 f   FIMGlib:glShaderApi.obj
 0001:00016980       glUniform4i                10017980 f   FIMGlib:glShaderApi.obj
 0001:00016a18       glUniform1f                10017a18 f   FIMGlib:glShaderApi.obj
 0001:00016a94       glUniform2f                10017a94 f   FIMGlib:glShaderApi.obj
 0001:00016b14       glUniform3f                10017b14 f   FIMGlib:glShaderApi.obj
 0001:00016ba0       glUniform4f                10017ba0 f   FIMGlib:glShaderApi.obj
 0001:00016c34       glUniform1iv               10017c34 f   FIMGlib:glShaderApi.obj
 0001:00016c54       glUniform2iv               10017c54 f   FIMGlib:glShaderApi.obj
 0001:00016c74       glUniform3iv               10017c74 f   FIMGlib:glShaderApi.obj
 0001:00016c94       glUniform4iv               10017c94 f   FIMGlib:glShaderApi.obj
 0001:00016cb4       glUniform1fv               10017cb4 f   FIMGlib:glShaderApi.obj
 0001:00016cd4       glUniform2fv               10017cd4 f   FIMGlib:glShaderApi.obj
 0001:00016cf4       glUniform3fv               10017cf4 f   FIMGlib:glShaderApi.obj
 0001:00016d14       glUniform4fv               10017d14 f   FIMGlib:glShaderApi.obj
 0001:00016d34       glUniformMatrix2fv         10017d34 f   FIMGlib:glShaderApi.obj
 0001:00016d78       glUniformMatrix3fv         10017d78 f   FIMGlib:glShaderApi.obj
 0001:00016dbc       glUniformMatrix4fv         10017dbc f   FIMGlib:glShaderApi.obj
 0001:00016e00       ??1?$basic_string@DU?$char_traits@D@std@@V?$allocator@D@2@@std@@QAA@XZ 10017e00 f i FIMGlib:glShaderApi.obj
 0001:00016e68       ?_Inc@const_iterator@?$_Tree@V?$basic_string@DU?$char_traits@D@std@@V?$allocator@D@2@@std@@U?$pair@$$CBV?$basic_string@DU?$char_traits@D@std@@V?$allocator@D@2@@std@@UNameInfo@@@2@U_Kfn@?$map@V?$basic_string@DU?$char_traits@D@std@@V?$allocator@D@2@@std@@UNameInfo@@U?$less@V?$basic_string@DU?$char_traits@D@std@@V?$allocator@D@2@@std@@@2@V?$allocator@UNameInfo@@@2@@2@U?$less@V?$basic_string@DU?$char_traits@D@std@@V?$allocator@D@2@@std@@@2@V?$allocator@UNameInfo@@@2@@std@@QAAXXZ 10017e68 f i FIMGlib:glShaderApi.obj
 0001:00016f14       ?_Copy@?$basic_string@DU?$char_traits@D@std@@V?$allocator@D@2@@std@@AAAXI@Z 10017f14 f i FIMGlib:glShaderApi.obj
 0001:00017034       ?_Ucopy@?$vector@UShaderProgramNameMap@@V?$allocator@UShaderProgramNameMap@@@std@@@std@@IAAPAUShaderProgramNameMap@@PBU3@0PAU3@@Z 10018034 f i FIMGlib:glShaderApi.obj
 0001:00017074       ??1Executable@@QAA@XZ      10018074 f i FIMGlib:glShaderApi.obj
 0001:00017130       ?_Grow@?$basic_string@DU?$char_traits@D@std@@V?$allocator@D@2@@std@@AAA_NI_N@Z 10018130 f i FIMGlib:glShaderApi.obj
 0001:0001726c       glGetActiveUniform         1001826c f   FIMGlib:glShaderApi.obj
 0001:0001742c       ??0Executable@@QAA@XZ      1001842c f i FIMGlib:glShaderApi.obj
 0001:00017484       glUseProgram               10018484 f   FIMGlib:glShaderApi.obj
 0001:00017670       ?append@?$basic_string@DU?$char_traits@D@std@@V?$allocator@D@2@@std@@QAAAAV12@ABV12@II@Z 10018670 f i FIMGlib:glShaderApi.obj
 0001:00017720       ?assign@?$basic_string@DU?$char_traits@D@std@@V?$allocator@D@2@@std@@QAAAAV12@PBD@Z 10018720 f i FIMGlib:glShaderApi.obj
 0001:0001777c       ?insert@?$vector@UShaderProgramNameMap@@V?$allocator@UShaderProgramNameMap@@@std@@@std@@QAAXPAUShaderProgramNameMap@@IABU3@@Z 1001877c f i FIMGlib:glShaderApi.obj
 0001:00017ad8       ??0?$basic_string@DU?$char_traits@D@std@@V?$allocator@D@2@@std@@QAA@PBDABV?$allocator@D@1@@Z 10018ad8 f i FIMGlib:glShaderApi.obj
 0001:00017b40       ?append@?$basic_string@DU?$char_traits@D@std@@V?$allocator@D@2@@std@@QAAAAV12@PBD@Z 10018b40 f i FIMGlib:glShaderApi.obj
 0001:00017bc8       ?erase@?$basic_string@DU?$char_traits@D@std@@V?$allocator@D@2@@std@@QAAAAV12@II@Z 10018bc8 f i FIMGlib:glShaderApi.obj
 0001:00017c90       glGetAttribLocation        10018c90 f   FIMGlib:glShaderApi.obj
 0001:00017eb4       glLinkProgram              10018eb4 f   FIMGlib:glShaderApi.obj
 0001:000182b8       glValidateProgram          100192b8 f   FIMGlib:glShaderApi.obj
 0001:000184cc       glCreateProgram            100194cc f   FIMGlib:glShaderApi.obj
 0001:00018584       glCreateShader             10019584 f   FIMGlib:glShaderApi.obj
 0001:00018684       ?setDefaults@RenderbufferObject@@QAAXXZ 10019684 f i FIMGlib:glFramebufferObject.obj
 0001:000186d4       ?getAttachment@FramebufferObject@@QAAPAUFBOAttachmentPointState@@I@Z 100196d4 f i FIMGlib:glFramebufferObject.obj
 0001:00018744       ?_Dec@const_iterator@?$_Tree@IU?$pair@$$CBIPAURenderbufferObject@@@std@@U_Kfn@?$map@IPAURenderbufferObject@@U?$less@I@std@@V?$allocator@PAURenderbufferObject@@@3@@2@U?$less@I@2@V?$allocator@PAURenderbufferObject@@@2@@std@@QAAXXZ 10019744 f i FIMGlib:glFramebufferObject.obj
 0001:000187fc       ?_Dec@const_iterator@?$_Tree@IU?$pair@$$CBIPAUFramebufferObject@@@std@@U_Kfn@?$map@IPAUFramebufferObject@@U?$less@I@std@@V?$allocator@PAUFramebufferObject@@@3@@2@U?$less@I@2@V?$allocator@PAUFramebufferObject@@@2@@std@@QAAXXZ 100197fc f i FIMGlib:glFramebufferObject.obj
 0001:000188b4       ?insert@?$vector@IV?$allocator@I@std@@@std@@QAAXPAIIABI@Z 100198b4 f i FIMGlib:glFramebufferObject.obj
 0001:00018b20       ?find@?$_Tree@IU?$pair@$$CBIPAURenderbufferObject@@@std@@U_Kfn@?$map@IPAURenderbufferObject@@U?$less@I@std@@V?$allocator@PAURenderbufferObject@@@3@@2@U?$less@I@2@V?$allocator@PAURenderbufferObject@@@2@@std@@QAA?AViterator@12@ABI@Z 10019b20 f i FIMGlib:glFramebufferObject.obj
 0001:00018be8       ?find@?$_Tree@IU?$pair@$$CBIPAUFramebufferObject@@@std@@U_Kfn@?$map@IPAUFramebufferObject@@U?$less@I@std@@V?$allocator@PAUFramebufferObject@@@3@@2@U?$less@I@2@V?$allocator@PAUFramebufferObject@@@2@@std@@QAA?AViterator@12@ABI@Z 10019be8 f i FIMGlib:glFramebufferObject.obj
 0001:00018cb0       ?_Insert@?$_Tree@IU?$pair@$$CBIPAURenderbufferObject@@@std@@U_Kfn@?$map@IPAURenderbufferObject@@U?$less@I@std@@V?$allocator@PAURenderbufferObject@@@3@@2@U?$less@I@2@V?$allocator@PAURenderbufferObject@@@2@@std@@IAA?AViterator@12@PAU_Node@12@0ABU?$pair@$$CBIPAURenderbufferObject@@@2@@Z 10019cb0 f i FIMGlib:glFramebufferObject.obj
 0001:00019060       ?_Insert@?$_Tree@IU?$pair@$$CBIPAUFramebufferObject@@@std@@U_Kfn@?$map@IPAUFramebufferObject@@U?$less@I@std@@V?$allocator@PAUFramebufferObject@@@3@@2@U?$less@I@2@V?$allocator@PAUFramebufferObject@@@2@@std@@IAA?AViterator@12@PAU_Node@12@0ABU?$pair@$$CBIPAUFramebufferObject@@@2@@Z 1001a060 f i FIMGlib:glFramebufferObject.obj
 0001:00019410       ?clear@NameManager@@QAAXXZ 1001a410 f   FIMGlib:glFramebufferObject.obj
 0001:00019444       ?insert@?$_Tree@IU?$pair@$$CBIPAURenderbufferObject@@@std@@U_Kfn@?$map@IPAURenderbufferObject@@U?$less@I@std@@V?$allocator@PAURenderbufferObject@@@3@@2@U?$less@I@2@V?$allocator@PAURenderbufferObject@@@2@@std@@QAA?AU?$pair@Viterator@?$_Tree@IU?$pair@$$CBIPAURenderbufferObject@@@std@@U_Kfn@?$map@IPAURenderbufferObject@@U?$less@I@std@@V?$allocator@PAURenderbufferObject@@@3@@2@U?$less@I@2@V?$allocator@PAURenderbufferObject@@@2@@std@@_N@2@ABU?$pair@$$CBIPAURenderbufferObject@@@2@@Z 1001a444 f i FIMGlib:glFramebufferObject.obj
 0001:000195c8       ?insert@?$_Tree@IU?$pair@$$CBIPAUFramebufferObject@@@std@@U_Kfn@?$map@IPAUFramebufferObject@@U?$less@I@std@@V?$allocator@PAUFramebufferObject@@@3@@2@U?$less@I@2@V?$allocator@PAUFramebufferObject@@@2@@std@@QAA?AU?$pair@Viterator@?$_Tree@IU?$pair@$$CBIPAUFramebufferObject@@@std@@U_Kfn@?$map@IPAUFramebufferObject@@U?$less@I@std@@V?$allocator@PAUFramebufferObject@@@3@@2@U?$less@I@2@V?$allocator@PAUFramebufferObject@@@2@@std@@_N@2@ABU?$pair@$$CBIPAUFramebufferObject@@@2@@Z 1001a5c8 f i FIMGlib:glFramebufferObject.obj
 0001:0001974c       ?getRBO@RenderbufferState@@QAA_NIPAPAURenderbufferObject@@@Z 1001a74c f i FIMGlib:glFramebufferObject.obj
 0001:000197c0       ?getFBO@FramebufferState@@QAA_NIPAPAUFramebufferObject@@@Z 1001a7c0 f i FIMGlib:glFramebufferObject.obj
 0001:00019834       ?setDefaults@FramebufferState@@QAAXXZ 1001a834 f   FIMGlib:glFramebufferObject.obj
 0001:00019950       ?detachAttachment@FramebufferState@@QAAXII@Z 1001a950 f   FIMGlib:glFramebufferObject.obj
 0001:00019a70       ?detachTexture@FramebufferState@@QAAXI@Z 1001aa70 f   FIMGlib:glFramebufferObject.obj
 0001:00019a8c       ?getInfo@FBOAttachmentPointState@@QAA?AURTInfo@@XZ 1001aa8c f   FIMGlib:glFramebufferObject.obj
 0001:00019c80       glIsRenderbuffer           1001ac80 f   FIMGlib:glFramebufferObject.obj
 0001:00019d20       glDeleteRenderbuffers      1001ad20 f   FIMGlib:glFramebufferObject.obj
 0001:00019e9c       glRenderbufferStorage      1001ae9c f   FIMGlib:glFramebufferObject.obj
 0001:0001a09c       glGetRenderbufferParameteriv 1001b09c f   FIMGlib:glFramebufferObject.obj
 0001:0001a224       glIsFramebuffer            1001b224 f   FIMGlib:glFramebufferObject.obj
 0001:0001a2c4       glDeleteFramebuffers       1001b2c4 f   FIMGlib:glFramebufferObject.obj
 0001:0001a404       glFramebufferTexture2D     1001b404 f   FIMGlib:glFramebufferObject.obj
 0001:0001a660       glFramebufferRenderbuffer  1001b660 f   FIMGlib:glFramebufferObject.obj
 0001:0001a848       glGetFramebufferAttachmentParameteriv 1001b848 f   FIMGlib:glFramebufferObject.obj
 0001:0001aaac       ??0FramebufferState@@QAA@XZ 1001baac f   FIMGlib:glFramebufferObject.obj
 0001:0001ab50       ?status@FramebufferObject@@QAAIXZ 1001bb50 f   FIMGlib:glFramebufferObject.obj
 0001:0001aeac       ?isFBrenderable@@YA_NPAUOGLState@@@Z 1001beac f   FIMGlib:glFramebufferObject.obj
 0001:0001af88       ?getFBData@@YA?AUFramebufferData@@XZ 1001bf88 f   FIMGlib:glFramebufferObject.obj
 0001:0001b230       glCheckFramebufferStatus   1001c230 f   FIMGlib:glFramebufferObject.obj
 0001:0001b30c       ?createRenderbuffer@RenderbufferState@@QAAPAURenderbufferObject@@I@Z 1001c30c f i FIMGlib:glFramebufferObject.obj
 0001:0001b3a0       ?createFramebuffer@FramebufferState@@QAAPAUFramebufferObject@@I@Z 1001c3a0 f i FIMGlib:glFramebufferObject.obj
 0001:0001b480       ?genNames@NameManager@@QAAXHPAI@Z 1001c480 f   FIMGlib:glFramebufferObject.obj
 0001:0001b4fc       glBindRenderbuffer         1001c4fc f   FIMGlib:glFramebufferObject.obj
 0001:0001b60c       glGenRenderbuffers         1001c60c f   FIMGlib:glFramebufferObject.obj
 0001:0001b680       glBindFramebuffer          1001c680 f   FIMGlib:glFramebufferObject.obj
 0001:0001b794       glGenFramebuffers          1001c794 f   FIMGlib:glFramebufferObject.obj
 0001:0001b80c       ??0Chunk@@QAA@IIIPAU_Node@@0PAX@Z 1001c80c f   FIMGlib:Chunk.obj
 0001:0001b838       ?GetPhyAddr@Chunk@@QAAPAXXZ 1001c838 f   FIMGlib:Chunk.obj
 0001:0001b840       ?GetVirtAddr@Chunk@@QAAPAXXZ 1001c840 f   FIMGlib:Chunk.obj
 0001:0001b848       ?GetSize@Chunk@@QAAIXZ     1001c848 f   FIMGlib:Chunk.obj
 0001:0001b850       ??1Chunk@@QAA@XZ           1001c850 f   FIMGlib:Chunk.obj
 0001:0001b854       ??2Chunk@@SAPAXI@Z         1001c854 f   FIMGlib:Chunk.obj
 0001:0001b864       ??3Chunk@@SAXPAX@Z         1001c864 f   FIMGlib:Chunk.obj
 0001:0001b878       ?ChunkLogMessage@@YAXIPBDZZ 1001c878 f   FIMGlib:ChunkAlloc.obj
 0001:0001b8b4       ?FindFreeNode@NodeManager@@QAAIXZ 1001c8b4 f   FIMGlib:ChunkAlloc.obj
 0001:0001b968       ?CreateNode@NodeManager@@QAAPAU_Node@@II@Z 1001c968 f   FIMGlib:ChunkAlloc.obj
 0001:0001ba1c       ?FreeNode@NodeManager@@QAAXPAU_Node@@0@Z 1001ca1c f   FIMGlib:ChunkAlloc.obj
 0001:0001bb74       ?PrintChunkBlockInfo@ChunkAlloc@@QAAXI@Z 1001cb74 f   FIMGlib:ChunkAlloc.obj
 0001:0001bc54       ?ReadFromRegistry@@YAHPAI@Z 1001cc54 f   FIMGlib:ChunkAlloc.obj
 0001:0001bd18       ??0ChunkAlloc@@QAA@PAX0II@Z 1001cd18 f   FIMGlib:ChunkAlloc.obj
 0001:0001bdf4       ?DestroyAllChunkBlock@ChunkAlloc@@AAA_NXZ 1001cdf4 f   FIMGlib:ChunkAlloc.obj
 0001:0001beb4       ?InsertChunkBlock@ChunkAlloc@@QAAPAU__ChunkBlockList@@XZ 1001ceb4 f   FIMGlib:ChunkAlloc.obj
 0001:0001c038       ?RemoveChunkBlock@ChunkAlloc@@QAA_NPAU_Node@@@Z 1001d038 f   FIMGlib:ChunkAlloc.obj
 0001:0001c1bc       ?New@ChunkAlloc@@QAAPAVChunk@@I@Z 1001d1bc f   FIMGlib:ChunkAlloc.obj
 0001:0001c4f0       ?Free@ChunkAlloc@@QAAXPAVChunk@@@Z 1001d4f0 f   FIMGlib:ChunkAlloc.obj
 0001:0001c670       ??1ChunkAlloc@@QAA@XZ      1001d670 f   FIMGlib:ChunkAlloc.obj
 0001:0001c6a0       ?initMutex@Plat@@SAXPAUCRITICAL_SECTION@@PBD@Z 1001d6a0 f   FIMGlib:platform.obj
 0001:0001c6b0       ?DeinitMutex@Plat@@SAXPAUCRITICAL_SECTION@@PBD@Z 1001d6b0 f   FIMGlib:platform.obj
 0001:0001c6c0       ?drawLock@Plat@@SAXPAUCRITICAL_SECTION@@PBD@Z 1001d6c0 f   FIMGlib:platform.obj
 0001:0001c73c       ?drawUnlock@Plat@@SAXPAUCRITICAL_SECTION@@PBD@Z 1001d73c f   FIMGlib:platform.obj
 0001:0001c758       ?lock@Plat@@SAXPAUCRITICAL_SECTION@@PBD@Z 1001d758 f   FIMGlib:platform.obj
 0001:0001c768       ?unlock@Plat@@SAXPAUCRITICAL_SECTION@@PBD@Z 1001d768 f   FIMGlib:platform.obj
 0001:0001c778       ?memset_long@Plat@@SAXPAXII@Z 1001d778 f   FIMGlib:platform.obj
 0001:0001c7e4       ?memset_long@Plat@@SAXPAXIII@Z 1001d7e4 f   FIMGlib:platform.obj
 0001:0001c830       ?memset_short@Plat@@SAXPAXIII@Z 1001d830 f i FIMGlib:glFimg.obj
 0001:0001c914       ?glfInit@@YA?AW4glfError@@PAUOGLState@@@Z 1001d914 f   FIMGlib:glFimg.obj
 0001:0001c964       ?glfFinish@@YA?AW4glfError@@PAUOGLState@@@Z 1001d964 f   FIMGlib:glFimg.obj
 0001:0001c9fc       ?glfSetVertexShader@@YA?AW4glfError@@PAUOGLState@@@Z 1001d9fc f   FIMGlib:glFimg.obj
 0001:0001cbd8       ?glfSetFragShader@@YA?AW4glfError@@PAUOGLState@@@Z 1001dbd8 f   FIMGlib:glFimg.obj
 0001:0001cc74       ?glfSetDrawMode@@YA?AW4glfError@@PAUOGLState@@I@Z 1001dc74 f   FIMGlib:glFimg.obj
 0001:0001cdac       ?glfSetPrimEngine@@YA?AW4glfError@@PAUOGLState@@@Z 1001ddac f   FIMGlib:glFimg.obj
 0001:0001cea4       ?glfSetTextureUnit@@YA?AW4glfError@@PAUOGLState@@@Z 1001dea4 f   FIMGlib:glFimg.obj
 0001:0001cfec       ?glfSetAttribOrderVertexCount@@YAXABUAttribInfo@@_NH@Z 1001dfec f i FIMGlib:glFimg.obj
 0001:0001d0c0       ?glfTransfer_GenericVertex@@YAXABUAttribInfo@@HH@Z 1001e0c0 f i FIMGlib:glFimg.obj
 0001:0001d124       ?glfTransfer_VertexArray@@YAXAAUAttribInfo@@HH@Z 1001e124 f   FIMGlib:glFimg.obj
 0001:0001d2ec       ?glfTransfer_IndependentPrimitives@@YAXPAUOGLState@@ABUAttribInfo@@IHH@Z 1001e2ec f   FIMGlib:glFimg.obj
 0001:0001dd10       ??$max@PBE@Plat@@SAPBEABQBE0@Z 1001ed10 f i FIMGlib:glFimg.obj
 0001:0001dd24       ??$glfTransfer_IndependentIndexedPrimitives@I@@YAXPAUOGLState@@ABUAttribInfo@@IPBIH@Z 1001ed24 f i FIMGlib:glFimg.obj
 0001:0001e3d4       ??$glfTransfer_VertexElements@I@@YAXAAUAttribInfo@@PBIH@Z 1001f3d4 f i FIMGlib:glFimg.obj
 0001:0001e4ac       ??$glfTransfer_IndependentIndexedPrimitives@G@@YAXPAUOGLState@@ABUAttribInfo@@IPBGH@Z 1001f4ac f i FIMGlib:glFimg.obj
 0001:0001eb60       ??$glfTransfer_VertexElements@G@@YAXAAUAttribInfo@@PBGH@Z 1001fb60 f i FIMGlib:glFimg.obj
 0001:0001ec3c       ??$glfTransfer_IndependentIndexedPrimitives@E@@YAXPAUOGLState@@ABUAttribInfo@@IPBEH@Z 1001fc3c f i FIMGlib:glFimg.obj
 0001:0001f2f4       ??$glfTransfer_VertexElements@E@@YAXAAUAttribInfo@@PBEH@Z 100202f4 f i FIMGlib:glFimg.obj
 0001:0001f3d4       ?glfClear@@YA?AW4glfError@@PAUOGLState@@I@Z 100203d4 f   FIMGlib:glFimg.obj
 0001:0001f814       ?glfSetHostIf@@YA?AW4glfError@@PAUOGLState@@PAUAttribInfo@@_NE@Z 10020814 f   FIMGlib:glFimg.obj
 0001:0001f9c0       ?glfSetRasterEngine@@YA?AW4glfError@@PAUOGLState@@@Z 100209c0 f   FIMGlib:glFimg.obj
 0001:0001fbf4       ?glfSetPerFragUnit@@YA?AW4glfError@@PAUOGLState@@@Z 10020bf4 f   FIMGlib:glFimg.obj
 0001:00020390       ?glfGetAttribInfo@@YA?AW4glfError@@PAUOGLState@@PAUAttribInfo@@_N@Z 10021390 f   FIMGlib:glFimg.obj
 0001:00020828       ?glfDraw@@YA?AW4glfError@@PAUOGLState@@IHH@Z 10021828 f   FIMGlib:glFimg.obj
 0001:000209b0       ??$glfDrawElements@I@@YA?AW4glfError@@PAUOGLState@@IHPBI@Z 100219b0 f i FIMGlib:glFimg.obj
 0001:00020b48       ??$glfDrawElements@G@@YA?AW4glfError@@PAUOGLState@@IHPBG@Z 10021b48 f i FIMGlib:glFimg.obj
 0001:00020ce0       ??$glfDrawElements@E@@YA?AW4glfError@@PAUOGLState@@IHPBE@Z 10021ce0 f i FIMGlib:glFimg.obj
 0001:00020e78       ?glfSetState@@YA?AW4glfError@@PAUOGLState@@@Z 10021e78 f   FIMGlib:glFimg.obj
 0001:000210d8       ?glfDrawElements@@YA?AW4glfError@@PAUOGLState@@IHIPBX@Z 100220d8 f   FIMGlib:glFimg.obj
 0001:0002114c       ?glfFlush@@YA?AW4glfError@@PAUOGLState@@@Z 1002214c f   FIMGlib:glFimg.obj
 0001:0002123c       ?convertFromDepthStencil@@YAIW4PxFmt@@MH@Z 1002223c f   FIMGlib:pixel.obj
 0001:000212c0       ?getDepthStencilMask@@YAIW4PxFmt@@_NE@Z 100222c0 f   FIMGlib:pixel.obj
 0001:00021338       ?pixelSize@@YAIW4PxFmt@@@Z 10022338 f   FIMGlib:pixel.obj
 0001:000213b0       ?translateGLSizedInternal@@YA?AW4PxFmt@@I@Z 100223b0 f   FIMGlib:pixel.obj
 0001:00021458       ?translateGLInternal@@YA?AW4PxFmt@@II@Z 10022458 f   FIMGlib:pixel.obj
 0001:00021560       ?translateToFglPixelFormat@@YA?AW4FGL_PixelFormatTag@@W4PxFmt@@@Z 10022560 f   FIMGlib:pixel.obj
 0001:000215cc       ?translateToGLenum@@YAIW4PxFmt@@@Z 100225cc f   FIMGlib:pixel.obj
 0001:0002165c       ?determineTypeFormat@@YAIHH@Z 1002265c f   FIMGlib:pixel.obj
 0001:00021770       ?determinePixelBitSize@@YAHW4PxFmt@@W4colorType@@@Z 10022770 f   FIMGlib:pixel.obj
 0001:00021934       ??$convertPixelsCore@UPxARGB8@@U1@@@YAXPAXHHHIIIPBXHHHIIIHHHHHH@Z 10022934 f i FIMGlib:pixel.obj
 0001:00021ae4       ??$convertPixelsCore@UPxARGB0888@@UPxARGB8@@@@YAXPAXHHHIIIPBXHHHIIIHHHHHH@Z 10022ae4 f i FIMGlib:pixel.obj
 0001:00021c98       ??$convertPixelsCore@UPxRGB8@@UPxARGB8@@@@YAXPAXHHHIIIPBXHHHIIIHHHHHH@Z 10022c98 f i FIMGlib:pixel.obj
 0001:00021e40       ??$convertPixelsCore@UPxARGB4@@UPxARGB8@@@@YAXPAXHHHIIIPBXHHHIIIHHHHHH@Z 10022e40 f i FIMGlib:pixel.obj
 0001:00021ffc       ??$convertPixelsCore@UPxRGB565@@UPxARGB8@@@@YAXPAXHHHIIIPBXHHHIIIHHHHHH@Z 10022ffc f i FIMGlib:pixel.obj
 0001:000221a8       ??$convertPixelsCore@UPxRGB5@@UPxARGB8@@@@YAXPAXHHHIIIPBXHHHIIIHHHHHH@Z 100231a8 f i FIMGlib:pixel.obj
 0001:00022358       ??$convertPixelsCore@UPxARGB1555@@UPxARGB8@@@@YAXPAXHHHIIIPBXHHHIIIHHHHHH@Z 10023358 f i FIMGlib:pixel.obj
[...]
 0001:00055c80       fglSetYClip                10056c80 f   FIMGlib:raster.obj
 0001:00055ca0       fglSetLODControl           10056ca0 f   FIMGlib:raster.obj
 0001:00055cc0       fglSetXClip                10056cc0 f   FIMGlib:raster.obj
 0001:00055ce0       GPI_AllocateMemory         10056ce0 f   GPIlib:GPI_wince.obj
 0001:00055dbc       GPI_FreeMemory             10056dbc f   GPIlib:GPI_wince.obj
 0001:00055e48       GPI_GetMemoryAddress       10056e48 f   GPIlib:GPI_wince.obj
 0001:00055e7c       GPI_AllocPhysMem           10056e7c f   GPIlib:GPI_wince.obj
 0001:00055f84       GPI_FreePhysMem            10056f84 f   GPIlib:GPI_wince.obj
 0001:00055fc0       GPI_GetPhysMemAddress      10056fc0 f   GPIlib:GPI_wince.obj
 0001:00055ff4       GPI_GetPhysMemStatus       10056ff4 f   GPIlib:GPI_wince.obj
 0001:00056084       GPI_ReleaseDepthBuffer     10057084 f   GPIlib:GPI_wince.obj
 0001:00056110       GPI_RequestDepthBuffer     10057110 f   GPIlib:GPI_wince.obj
 0001:00056210       TlsCall                    10057210 f   coredll:COREDLL.dll
 0001:00056220       malloc                     10057220 f   coredll:COREDLL.dll
 0001:00056230       memset                     10057230 f   coredll:COREDLL.dll
 0001:00056240       memcpy                     10057240 f   coredll:COREDLL.dll
 0001:00056250       vprintf                    10057250 f   coredll:COREDLL.dll
 0001:00056260       __ltd                      10057260 f   coredll:COREDLL.dll
 0001:00056270       __stod                     10057270 f   coredll:COREDLL.dll
 0001:00056280       __gtd                      10057280 f   coredll:COREDLL.dll
 0001:00056290       TlsSetValue                10057290 f   coredll:COREDLL.dll
 0001:000562a0       TlsGetValue                100572a0 f   coredll:COREDLL.dll
 0001:000562b0       printf                     100572b0 f   coredll:COREDLL.dll
 0001:000562c0       fprintf                    100572c0 f   coredll:COREDLL.dll
 0001:000562d0       _getstdfilex               100572d0 f   coredll:COREDLL.dll
 0001:000562e0       __itos                     100572e0 f   coredll:COREDLL.dll
 0001:000562f0       __utos                     100572f0 f   coredll:COREDLL.dll
 0001:00056300       __stoi                     10057300 f   coredll:COREDLL.dll
 0001:00056310       __led                      10057310 f   coredll:COREDLL.dll
 0001:00056320       __rt_sdiv                  10057320 f   coredll:COREDLL.dll
 0001:00056330       ??3@YAXPAX@Z               10057330 f   coredll:COREDLL.dll
 0001:00056340       free                       10057340 f   coredll:COREDLL.dll
 0001:00056350       ??2@YAPAXI@Z               10057350 f   coredll:COREDLL.dll
 0001:00056360       __nes                      10057360 f   coredll:COREDLL.dll
 0001:00056370       pow                        10057370 f   coredll:COREDLL.dll
 0001:00056380       __muld                     10057380 f   coredll:COREDLL.dll
 0001:00056390       __subd                     10057390 f   coredll:COREDLL.dll
 0001:000563a0       __addd                     100573a0 f   coredll:COREDLL.dll
 0001:000563b0       floor                      100573b0 f   coredll:COREDLL.dll
 0001:000563c0       __dtoi                     100573c0 f   coredll:COREDLL.dll
 0001:000563d0       CloseHandle                100573d0 f   coredll:COREDLL.dll
 0001:000563e0       VirtualFree                100573e0 f   coredll:COREDLL.dll
 0001:000563f0       DeleteCriticalSection      100573f0 f   coredll:COREDLL.dll
 0001:00056400       InitializeCriticalSection  10057400 f   coredll:COREDLL.dll
 0001:00056410       VirtualCopy                10057410 f   coredll:COREDLL.dll
 0001:00056420       VirtualAlloc               10057420 f   coredll:COREDLL.dll
 0001:00056430       DeviceIoControl            10057430 f   coredll:COREDLL.dll
 0001:00056440       CreateFileW                10057440 f   coredll:COREDLL.dll
 0001:00056450       __itod                     10057450 f   coredll:COREDLL.dll
 0001:00056460       memcmp                     10057460 f   coredll:COREDLL.dll
 0001:00056470       strlen                     10057470 f   coredll:COREDLL.dll
 0001:00056480       memmove                    10057480 f   coredll:COREDLL.dll
 0001:00056490       ?_Xran@std@@YAXXZ          10057490 f   coredll:COREDLL.dll
 0001:000564a0       strncpy                    100574a0 f   coredll:COREDLL.dll
 0001:000564b0       __CxxFrameHandler          100574b0 f   coredll:COREDLL.dll
 0001:000564c0       ?_Xlen@std@@YAXXZ          100574c0 f   coredll:COREDLL.dll
 0001:000564d0       RegQueryValueExW           100574d0 f   coredll:COREDLL.dll
 0001:000564e0       RegOpenKeyExW              100574e0 f   coredll:COREDLL.dll
 0001:000564f0       NKDbgPrintfW               100574f0 f   coredll:COREDLL.dll
 0001:00056500       GetLastError               10057500 f   coredll:COREDLL.dll
 0001:00056510       CreateMutexW               10057510 f   coredll:COREDLL.dll
 0001:00056520       WaitForSingleObject        10057520 f   coredll:COREDLL.dll
 0001:00056530       ReleaseMutex               10057530 f   coredll:COREDLL.dll
 0001:00056540       EnterCriticalSection       10057540 f   coredll:COREDLL.dll
 0001:00056550       LeaveCriticalSection       10057550 f   coredll:COREDLL.dll
 0001:00056560       __dtos                     10057560 f   coredll:COREDLL.dll
 0001:00056570       __eqd                      10057570 f   coredll:COREDLL.dll
 0001:00056580       __dtou                     10057580 f   coredll:COREDLL.dll
 0001:00056590       __muls                     10057590 f   coredll:COREDLL.dll
 0001:000565a0       __stou                     100575a0 f   coredll:COREDLL.dll
 0001:000565b0       sprintf                    100575b0 f   coredll:COREDLL.dll
 0001:000565c0       strcmp                     100575c0 f   coredll:COREDLL.dll
 0001:000565d0       strncmp                    100575d0 f   coredll:COREDLL.dll
 0001:000565e0       __subs                     100575e0 f   coredll:COREDLL.dll
 0001:000565f0       __adds                     100575f0 f   coredll:COREDLL.dll
 0001:00056600       __negs                     10057600 f   coredll:COREDLL.dll
 0001:00056610       UnmapViewOfFile            10057610 f   coredll:COREDLL.dll
 0001:00056620       FreePhysMem                10057620 f   coredll:COREDLL.dll
 0001:00056630       MapViewOfFile              10057630 f   coredll:COREDLL.dll
 0001:00056640       CreateFileMappingW         10057640 f   coredll:COREDLL.dll
 0001:00056650       AllocPhysMem               10057650 f   coredll:COREDLL.dll
 0001:00056660       __security_check_cookie    10057660     corelibc:armsecgs.obj
 0001:00056674       __gsfailure                10057674     corelibc:armsecgs.obj
 0001:000566b8       __security_init_cookie     100576b8 f   corelibc:seccinit.obj
 0001:00056708       __report_gsfailure         10057708 f   coredll:COREDLL.dll
 0001:00056718       __security_gen_cookie      10057718 f   coredll:COREDLL.dll
 0001:00056728       __IMPORT_DESCRIPTOR_COREDLL 10057728     coredll:COREDLL.dll
 0001:0005673c       __IMPORT_DESCRIPTOR_libEGL 1005773c     libEGL:libEGL.dll
 0001:00056750       __NULL_IMPORT_DESCRIPTOR   10057750     coredll:COREDLL.dll
 0002:00000000       __imp_TlsCall              10059000     coredll:COREDLL.dll
 0002:00000004       __imp_malloc               10059004     coredll:COREDLL.dll
 0002:00000008       __imp_memset               10059008     coredll:COREDLL.dll
 0002:0000000c       __imp_memcpy               1005900c     coredll:COREDLL.dll
 0002:00000010       __imp_vprintf              10059010     coredll:COREDLL.dll
 0002:00000014       __imp___ltd                10059014     coredll:COREDLL.dll
 0002:00000018       __imp___stod               10059018     coredll:COREDLL.dll
 0002:0000001c       __imp___gtd                1005901c     coredll:COREDLL.dll
 0002:00000020       __imp_TlsSetValue          10059020     coredll:COREDLL.dll
 0002:00000024       __imp_TlsGetValue          10059024     coredll:COREDLL.dll
 0002:00000028       __imp_printf               10059028     coredll:COREDLL.dll
 0002:0000002c       __imp_fprintf              1005902c     coredll:COREDLL.dll
 0002:00000030       __imp__getstdfilex         10059030     coredll:COREDLL.dll
 0002:00000034       __imp___itos               10059034     coredll:COREDLL.dll
 0002:00000038       __imp___utos               10059038     coredll:COREDLL.dll
 0002:0000003c       __imp___stoi               1005903c     coredll:COREDLL.dll
 0002:00000040       __imp___led                10059040     coredll:COREDLL.dll
 0002:00000044       __imp___rt_sdiv            10059044     coredll:COREDLL.dll
 0002:00000048       __imp_??3@YAXPAX@Z         10059048     coredll:COREDLL.dll
 0002:0000004c       __imp_free                 1005904c     coredll:COREDLL.dll
 0002:00000050       __imp_??2@YAPAXI@Z         10059050     coredll:COREDLL.dll
 0002:00000054       __imp___nes                10059054     coredll:COREDLL.dll
 0002:00000058       __imp_pow                  10059058     coredll:COREDLL.dll
 0002:0000005c       __imp___muld               1005905c     coredll:COREDLL.dll
 0002:00000060       __imp___subd               10059060     coredll:COREDLL.dll
 0002:00000064       __imp___addd               10059064     coredll:COREDLL.dll
 0002:00000068       __imp_floor                10059068     coredll:COREDLL.dll
 0002:0000006c       __imp___dtoi               1005906c     coredll:COREDLL.dll
 0002:00000070       __imp_CloseHandle          10059070     coredll:COREDLL.dll
 0002:00000074       __imp_VirtualFree          10059074     coredll:COREDLL.dll
 0002:00000078       __imp_DeleteCriticalSection 10059078     coredll:COREDLL.dll
 0002:0000007c       __imp_InitializeCriticalSection 1005907c     coredll:COREDLL.dll
 0002:00000080       __imp_VirtualCopy          10059080     coredll:COREDLL.dll
 0002:00000084       __imp_VirtualAlloc         10059084     coredll:COREDLL.dll
 0002:00000088       __imp_DeviceIoControl      10059088     coredll:COREDLL.dll
 0002:0000008c       __imp_CreateFileW          1005908c     coredll:COREDLL.dll
 0002:00000090       __imp___itod               10059090     coredll:COREDLL.dll
 0002:00000094       __imp_memcmp               10059094     coredll:COREDLL.dll
 0002:00000098       __imp_strlen               10059098     coredll:COREDLL.dll
 0002:0000009c       __imp_memmove              1005909c     coredll:COREDLL.dll
 0002:000000a0       __imp_?_Xran@std@@YAXXZ    100590a0     coredll:COREDLL.dll
 0002:000000a4       __imp_strncpy              100590a4     coredll:COREDLL.dll
 0002:000000a8       __imp___CxxFrameHandler    100590a8     coredll:COREDLL.dll
 0002:000000ac       __imp_?_Xlen@std@@YAXXZ    100590ac     coredll:COREDLL.dll
 0002:000000b0       __imp_RegQueryValueExW     100590b0     coredll:COREDLL.dll
 0002:000000b4       __imp_RegOpenKeyExW        100590b4     coredll:COREDLL.dll
 0002:000000b8       __imp_NKDbgPrintfW         100590b8     coredll:COREDLL.dll
 0002:000000bc       __imp_GetLastError         100590bc     coredll:COREDLL.dll
 0002:000000c0       __imp_CreateMutexW         100590c0     coredll:COREDLL.dll
 0002:000000c4       __imp_WaitForSingleObject  100590c4     coredll:COREDLL.dll
 0002:000000c8       __imp_ReleaseMutex         100590c8     coredll:COREDLL.dll
 0002:000000cc       __imp_EnterCriticalSection 100590cc     coredll:COREDLL.dll
 0002:000000d0       __imp_LeaveCriticalSection 100590d0     coredll:COREDLL.dll
 0002:000000d4       __imp___dtos               100590d4     coredll:COREDLL.dll
 0002:000000d8       __imp___eqd                100590d8     coredll:COREDLL.dll
 0002:000000dc       __imp___dtou               100590dc     coredll:COREDLL.dll
 0002:000000e0       __imp___muls               100590e0     coredll:COREDLL.dll
 0002:000000e4       __imp___stou               100590e4     coredll:COREDLL.dll
 0002:000000e8       __imp_sprintf              100590e8     coredll:COREDLL.dll
 0002:000000ec       __imp_strcmp               100590ec     coredll:COREDLL.dll
 0002:000000f0       __imp_strncmp              100590f0     coredll:COREDLL.dll
 0002:000000f4       __imp___subs               100590f4     coredll:COREDLL.dll
 0002:000000f8       __imp___adds               100590f8     coredll:COREDLL.dll
 0002:000000fc       __imp___negs               100590fc     coredll:COREDLL.dll
 0002:00000100       __imp_UnmapViewOfFile      10059100     coredll:COREDLL.dll
 0002:00000104       __imp_FreePhysMem          10059104     coredll:COREDLL.dll
 0002:00000108       __imp_MapViewOfFile        10059108     coredll:COREDLL.dll
 0002:0000010c       __imp_CreateFileMappingW   1005910c     coredll:COREDLL.dll
 0002:00000110       __imp_AllocPhysMem         10059110     coredll:COREDLL.dll
 0002:00000114       __imp___report_gsfailure   10059114     coredll:COREDLL.dll
 0002:00000118       __imp___security_gen_cookie 10059118     coredll:COREDLL.dll
 0002:0000011c       \177COREDLL_NULL_THUNK_DATA 1005911c     coredll:COREDLL.dll
 0002:00000120       __imp_pfnGLESDepthFree     10059120     libEGL:libEGL.dll
 0002:00000124       __imp_pfnGLESDepthNew      10059124     libEGL:libEGL.dll
 0002:00000128       __imp_pfnGLESChunkFree     10059128     libEGL:libEGL.dll
 0002:0000012c       __imp_pfnGLESChunkNew      1005912c     libEGL:libEGL.dll
 0002:00000130       __imp_pfnGLES2ReleaseTexImage 10059130     libEGL:libEGL.dll
 0002:00000134       __imp_pfnGLES2BindTexImage 10059134     libEGL:libEGL.dll
 0002:00000138       __imp_pfnGLES2DestroyContext 10059138     libEGL:libEGL.dll
 0002:0000013c       __imp_pfnGLES2SetContext   1005913c     libEGL:libEGL.dll
 0002:00000140       __imp_pfnGLES2CreateContext 10059140     libEGL:libEGL.dll
 0002:00000144       __imp_pfnGLES2SetSurfaceData 10059144     libEGL:libEGL.dll
 0002:00000148       __imp_pfnglFinish          10059148     libEGL:libEGL.dll
 0002:0000014c       __imp_pfnglFlush           1005914c     libEGL:libEGL.dll
 0002:00000150       \177libEGL_NULL_THUNK_DATA 10059150     libEGL:libEGL.dll
 0002:00000158       ?validRBformats@@3PAUPixelFormatInfo@@A 10059158     FIMGlib:glFramebufferObject.obj
 0002:00000194       __security_cookie_complement 10059194     corelibc:seccook.obj
 0002:00000198       __security_cookie          10059198     corelibc:seccook.obj
 0002:0000019c       g_hFIMG                    1005919c     FIMGlib:glCore.obj
 0002:000001a0       ?gTLSIndex@@3HA            100591a0     FIMGlib:glCore.obj
 0002:000001a4       gFimgBase                  100591a4     FIMGlib:glCore.obj
 0002:000001b4       ?_Nil@?$_Tree@IU?$pair@$$CBIPAURenderbufferObject@@@std@@U_Kfn@?$map@IPAURenderbufferObject@@U?$less@I@std@@V?$allocator@PAURenderbufferObject@@@3@@2@U?$less@I@2@V?$allocator@PAURenderbufferObject@@@2@@std@@1PAU_Node@12@A 100591b4     FIMGlib:glCore.obj
 0002:000001b8       ?_Nil@?$_Tree@IU?$pair@$$CBIPAUFramebufferObject@@@std@@U_Kfn@?$map@IPAUFramebufferObject@@U?$less@I@std@@V?$allocator@PAUFramebufferObject@@@3@@2@U?$less@I@2@V?$allocator@PAUFramebufferObject@@@2@@std@@1PAU_Node@12@A 100591b8     FIMGlib:glCore.obj
 0002:000001bc       ?_Nil@?$_Tree@IIU_Kfn@?$set@IU?$less@I@std@@V?$allocator@I@2@@std@@U?$less@I@3@V?$allocator@I@3@@std@@1PAU_Node@12@A 100591bc     FIMGlib:glCore.obj
 0002:000001c0       ?_Nilrefs@?$_Tree@IU?$pair@$$CBIPAURenderbufferObject@@@std@@U_Kfn@?$map@IPAURenderbufferObject@@U?$less@I@std@@V?$allocator@PAURenderbufferObject@@@3@@2@U?$less@I@2@V?$allocator@PAURenderbufferObject@@@2@@std@@1IA 100591c0     FIMGlib:glCore.obj
 0002:000001c4       ?_Nilrefs@?$_Tree@IIU_Kfn@?$set@IU?$less@I@std@@V?$allocator@I@2@@std@@U?$less@I@3@V?$allocator@I@3@@std@@1IA 100591c4     FIMGlib:glCore.obj
 0002:000001c8       ?_Nilrefs@?$_Tree@IU?$pair@$$CBIPAUFramebufferObject@@@std@@U_Kfn@?$map@IPAUFramebufferObject@@U?$less@I@std@@V?$allocator@PAUFramebufferObject@@@3@@2@U?$less@I@2@V?$allocator@PAUFramebufferObject@@@2@@std@@1IA 100591c8     FIMGlib:glCore.obj
 0002:000001cc       ?customMemFree@@3P6AHPAX0@ZA 100591cc     FIMGlib:memext.obj
 0002:000001d0       ?customMemAlloc@@3P6AHHPAPAX0@ZA 100591d0     FIMGlib:memext.obj
 0002:000001d4       ?_Nil@?$_Tree@V?$basic_string@DU?$char_traits@D@std@@V?$allocator@D@2@@std@@U?$pair@$$CBV?$basic_string@DU?$char_traits@D@std@@V?$allocator@D@2@@std@@UNameInfo@@@2@U_Kfn@?$map@V?$basic_string@DU?$char_traits@D@std@@V?$allocator@D@2@@std@@UNameInfo@@U?$less@V?$basic_string@DU?$char_traits@D@std@@V?$allocator@D@2@@std@@@2@V?$allocator@UNameInfo@@@2@@2@U?$less@V?$basic_string@DU?$char_traits@D@std@@V?$allocator@D@2@@std@@@2@V?$allocator@UNameInfo@@@2@@std@@1PAU_Node@12@A 100591d4     FIMGlib:glShaderApi.obj
 0002:000001d8       ?pCA@@3PAVChunkAlloc@@A    100591d8     FIMGlib:ChunkAlloc.obj
 0002:000001dc       ?g_iDynSize@@3IA           100591dc     FIMGlib:ChunkAlloc.obj
 0002:000001e0       ?gles20_chunkalloc_mutex@@3UCRITICAL_SECTION@@A 100591e0     FIMGlib:platform.obj
 0002:000001f4       ?gles20_fimg_mutex@@3UCRITICAL_SECTION@@A 100591f4     FIMGlib:platform.obj
 0002:00000208       ?gles20_context_mutex@@3UCRITICAL_SECTION@@A 10059208     FIMGlib:platform.obj
 0002:00000220       ?_Nil@?$_Tree@V?$basic_string@DU?$char_traits@D@std@@V?$allocator@D@2@@std@@U?$pair@$$CBV?$basic_string@DU?$char_traits@D@std@@V?$allocator@D@2@@std@@H@2@U_Kfn@?$map@V?$basic_string@DU?$char_traits@D@std@@V?$allocator@D@2@@std@@HU?$less@V?$basic_string@DU?$char_traits@D@std@@V?$allocator@D@2@@std@@@2@V?$allocator@H@2@@2@U?$less@V?$basic_string@DU?$char_traits@D@std@@V?$allocator@D@2@@std@@@2@V?$allocator@H@2@@std@@1PAU_Node@12@A 10059220     FIMGlib:glShader.obj
 0002:00000224       ?_Nilrefs@?$_Tree@V?$basic_string@DU?$char_traits@D@std@@V?$allocator@D@2@@std@@U?$pair@$$CBV?$basic_string@DU?$char_traits@D@std@@V?$allocator@D@2@@std@@UNameInfo@@@2@U_Kfn@?$map@V?$basic_string@DU?$char_traits@D@std@@V?$allocator@D@2@@std@@UNameInfo@@U?$less@V?$basic_string@DU?$char_traits@D@std@@V?$allocator@D@2@@std@@@2@V?$allocator@UNameInfo@@@2@@2@U?$less@V?$basic_string@DU?$char_traits@D@std@@V?$allocator@D@2@@std@@@2@V?$allocator@UNameInfo@@@2@@std@@1IA 10059224     FIMGlib:glShader.obj
 0002:00000228       ?_Nilrefs@?$_Tree@V?$basic_string@DU?$char_traits@D@std@@V?$allocator@D@2@@std@@U?$pair@$$CBV?$basic_string@DU?$char_traits@D@std@@V?$allocator@D@2@@std@@H@2@U_Kfn@?$map@V?$basic_string@DU?$char_traits@D@std@@V?$allocator@D@2@@std@@HU?$less@V?$basic_string@DU?$char_traits@D@std@@V?$allocator@D@2@@std@@@2@V?$allocator@H@2@@2@U?$less@V?$basic_string@DU?$char_traits@D@std@@V?$allocator@D@2@@std@@@2@V?$allocator@H@2@@std@@1IA 10059228     FIMGlib:glShader.obj

 entry point at        0001:0000d598

 Static symbols

 0001:00003480       ?set_default_values@@YAXPAUOGLState@@@Z 10004480 f   FIMGlib:glCore.obj
 0001:0000d91c       ?deleteTexImage@@YAXPAVTextureObject@@@Z 1000e91c f   FIMGlib:glTex.obj
 0001:0000ec7c       ?checkTextureFormat@@YAIPAUOGLState@@II@Z 1000fc7c f   FIMGlib:glTex.obj
 0001:0000f1d8       ?CheckFormatConversion@@YAEIIPAI@Z 100101d8 f   FIMGlib:glTex.obj
 0001:0000f314       ?s3tcCompressedTex@@YA_NAAIIHHH@Z 10010314 f   FIMGlib:glTex.obj
 0001:00017004       __catch$49239              10018004 f i FIMGlib:glShaderApi.obj
 0001:0001d89c       ?StencilAction@@YA?AW4FGL_StencilActTag@@I@Z 1001e89c f   FIMGlib:glFimg.obj
 0001:0001d95c       ?BlendFunc@@YA?AW4FGL_BlendFuncTag@@I@Z 1001e95c f   FIMGlib:glFimg.obj
 0001:0001dab0       ?LogicOp@@YA?AW4FGL_LogicalOpTag@@I@Z 1001eab0 f   FIMGlib:glFimg.obj
 0001:0001dc14       ?AttribType@@YA?AW4FGL_AttribDataTypeTag@@IE@Z 1001ec14 f   FIMGlib:glFimg.obj
 0001:0004ca18       ?extractBaseNameAndOffset@@YAPBDPADHPAH1PBD@Z 1004da18 f   FIMGlib:glShader.obj
