 ufsdio

 Timestamp is be0e883b                           

 Preferred load address is 10000000

 Start         Length     Name                   Class
 0001:00000000 0000009cH .rdata                  CODE
 0001:0000009c 00000023H .rdata$debug            CODE
 0001:000000c0 00001100H .text                   CODE
 0001:000011c0 00000000H .text$yd                CODE
 0001:000011c0 00000028H .idata$2                CODE
 0001:000011e8 00000014H .idata$3                CODE
 0001:000011fc 00000044H .idata$4                CODE
 0001:00001240 0000002eH .idata$6                CODE
 0001:00001270 00000251H .edata                  CODE
 0002:00000000 00000044H .idata$5                DATA
 0002:00000044 00000004H .CRT$XCA                DATA
 0002:00000048 00000004H .CRT$XCAA               DATA
 0002:0000004c 00000004H .CRT$XCZ                DATA
 0002:00000050 00000004H .CRT$XIA                DATA
 0002:00000054 00000004H .CRT$XIZ                DATA
 0002:00000058 00000004H .CRT$XPA                DATA
 0002:0000005c 00000004H .CRT$XPZ                DATA
 0002:00000060 00000004H .CRT$XTA                DATA
 0002:00000064 00000004H .CRT$XTZ                DATA
 0002:00000068 00000044H .data                   DATA
 0002:000000b0 00000228H .bss                    DATA
 0003:00000000 00000170H .pdata                  DATA
 0004:00000000 00000058H .rsrc$01                DATA
 0004:00000060 00000348H .rsrc$02                DATA

  Address         Publics by Value              Rva+Base     Lib:Object

 0000:00000000       ___safe_se_handler_count   00000000     <absolute>
 0000:00000000       ___safe_se_handler_table   00000000     <absolute>
 0001:0000001c       ??_C@_0CN@DPLHIOPE@CSR?5Generic?5SDIO?5Driver?5Version?3@ 1000101c     Main.obj
 0001:0000004c       ??_C@_1DA@PEPIHLBF@?$AAU?$AAn?$AAi?$AAF?$AAi?$AA?5?$AAS?$AAD?$AAI?$AAO?$AA?5?$AAW?$AAL?$AAA?$AAN?$AA?5?$AAA?$AAd?$AAa?$AAp@ 1000104c     sdio_now.obj
 0001:0000007c       ??_C@_1BG@HOCOHIJB@?$AAC?$AAl?$AAi?$AAe?$AAn?$AAt?$AAI?$AAn?$AAf?$AAo?$AA?$AA@ 1000107c     sdcardlib:sdmisc.obj
 0001:00000094       ??_C@_17KACEIPNC@?$AAK?$AAe?$AAy?$AA?$AA@ 10001094     sdcardlib:sdmisc.obj
 0001:000000c0       ufsdio_load                100010c0 f   Main.obj
 0001:000000e0       ufsdio_unload              100010e0 f   Main.obj
 0001:000000f0       ufsdio_initialise          100010f0 f   Main.obj
 0001:00000108       ufsdio_version             10001108 f   Main.obj
 0001:00000114       ufsdio_read_byte           10001114 f   Main.obj
 0001:00000124       ufsdio_write_byte          10001124 f   Main.obj
 0001:00000134       ufsdio_read_block          10001134 f   Main.obj
 0001:00000148       ufsdio_write_block         10001148 f   Main.obj
 0001:0000015c       ufsdio_set_interrupt_handler 1000115c f   Main.obj
 0001:0000016c       ufsdio_enable_interrupt    1000116c f   Main.obj
 0001:00000180       ufsdio_disable_interrupt   10001180 f   Main.obj
 0001:00000194       ufsdio_set_block_size      10001194 f   Main.obj
 0001:000001a4       ufsdio_set_clock_speed     100011a4 f   Main.obj
 0001:000001b8       ufsdio_set_bus_width       100011b8 f   Main.obj
 0001:000001c8       ufsdio_power_on            100011c8 f   Main.obj
 0001:000001e4       ufsdio_power_off           100011e4 f   Main.obj
 0001:000001fc       ufsdio_hard_reset          100011fc f   Main.obj
 0001:00000204       ufsdio_idle                10001204 f   Main.obj
 0001:00000218       ufsdio_active              10001218 f   Main.obj
 0001:00000230       SdNowInitialize            10001230 f   sdio_now.obj
 0001:00000390       SdNowDeinitialize          10001390 f   sdio_now.obj
 0001:000003e8       SdNowSetClockSpeed         100013e8 f   sdio_now.obj
 0001:000004c4       SdNowSetBusWidth           100014c4 f   sdio_now.obj
 0001:00000590       SdNowSetBlockSize          10001590 f   sdio_now.obj
 0001:00000640       SdNowEnableInterrupt       10001640 f   sdio_now.obj
 0001:000008b4       SdNowWriteByte             100018b4 f   sdio_now.obj
 0001:0000097c       SdNowReadByte              1000197c f   sdio_now.obj
 0001:00000a3c       SdNowSetInterruptHandler   10001a3c f   sdio_now.obj
 0001:00000b00       SdNowBlockReadWrite        10001b00 f   sdio_now.obj
 0001:00000c18       SDRegisterClient           10001c18 f   sdcardlib:sdcardapistubs.obj
 0001:00000c5c       SDGetDeviceHandle          10001c5c f   sdcardlib:sdmisc.obj
 0001:00000d94       SDAllocateMemoryWithTag    10001d94 f   sdcardlib:sdmemapi.obj
 0001:00000dac       SDFreeMemory               10001dac f   sdcardlib:sdmemapi.obj
 0001:00000dbc       svsutil_Alloc              10001dbc f   sdcardlib:utilmem.obj
 0001:00000dcc       svsutil_ReAlloc            10001dcc f   sdcardlib:utilmem.obj
 0001:00000ddc       svsutil_Free               10001ddc f   sdcardlib:utilmem.obj
 0001:00000dec       SDGetClientFunctions       10001dec f   sdbus2:SDBus.dll
 0001:00000dfc       LocalAlloc                 10001dfc f   coredll:COREDLL.dll
 0001:00000e0c       LocalFree                  10001e0c f   coredll:COREDLL.dll
 0001:00000e1c       memcpy                     10001e1c f   coredll:COREDLL.dll
 0001:00000e2c       memset                     10001e2c f   coredll:COREDLL.dll
 0001:00000e3c       __rt_udiv                  10001e3c f   coredll:COREDLL.dll
 0001:00000e4c       RegCloseKey                10001e4c f   coredll:COREDLL.dll
 0001:00000e5c       RegQueryValueExW           10001e5c f   coredll:COREDLL.dll
 0001:00000e6c       RegOpenKeyExW              10001e6c f   coredll:COREDLL.dll
 0001:00000e7c       malloc                     10001e7c f   coredll:COREDLL.dll
 0001:00000e8c       realloc                    10001e8c f   coredll:COREDLL.dll
 0001:00000e9c       free                       10001e9c f   coredll:COREDLL.dll
 0001:00000eac       DllMain                    10001eac f   corelibc:dllmain.obj
 0001:00000ec4       _DllMainCRTStartup         10001ec4 f   corelibc:pegdmain.obj
 0001:00000f5c       __security_check_cookie    10001f5c     corelibc:armsecgs.obj
 0001:00000f70       __gsfailure                10001f70     corelibc:armsecgs.obj
 0001:00000fb4       _cinit                     10001fb4 f   corelibc:crt0dat.obj
 0001:00001124       _cexit                     10002124 f   corelibc:crt0dat.obj
 0001:00001140       __security_init_cookie     10002140 f   corelibc:seccinit.obj
 0001:00001190       DisableThreadLibraryCalls  10002190 f   coredll:COREDLL.dll
 0001:000011a0       __report_gsfailure         100021a0 f   coredll:COREDLL.dll
 0001:000011b0       __security_gen_cookie      100021b0 f   coredll:COREDLL.dll
 0001:000011c0       __IMPORT_DESCRIPTOR_SDBus  100021c0     sdbus2:SDBus.dll
 0001:000011d4       __IMPORT_DESCRIPTOR_COREDLL 100021d4     coredll:COREDLL.dll
 0001:000011e8       __NULL_IMPORT_DESCRIPTOR   100021e8     sdbus2:SDBus.dll
 0002:00000000       __imp_LocalAlloc           10003000     coredll:COREDLL.dll
 0002:00000004       __imp_LocalFree            10003004     coredll:COREDLL.dll
 0002:00000008       __imp_memcpy               10003008     coredll:COREDLL.dll
 0002:0000000c       __imp_memset               1000300c     coredll:COREDLL.dll
 0002:00000010       __imp___rt_udiv            10003010     coredll:COREDLL.dll
 0002:00000014       __imp_RegCloseKey          10003014     coredll:COREDLL.dll
 0002:00000018       __imp_RegQueryValueExW     10003018     coredll:COREDLL.dll
 0002:0000001c       __imp_RegOpenKeyExW        1000301c     coredll:COREDLL.dll
 0002:00000020       __imp___security_gen_cookie 10003020     coredll:COREDLL.dll
 0002:00000024       __imp_malloc               10003024     coredll:COREDLL.dll
 0002:00000028       __imp_realloc              10003028     coredll:COREDLL.dll
 0002:0000002c       __imp_free                 1000302c     coredll:COREDLL.dll
 0002:00000030       __imp_DisableThreadLibraryCalls 10003030     coredll:COREDLL.dll
 0002:00000034       __imp___report_gsfailure   10003034     coredll:COREDLL.dll
 0002:00000038       \177COREDLL_NULL_THUNK_DATA 10003038     coredll:COREDLL.dll
 0002:0000003c       __imp_SDGetClientFunctions 1000303c     sdbus2:SDBus.dll
 0002:00000040       \177SDBus_NULL_THUNK_DATA  10003040     sdbus2:SDBus.dll
 0002:00000044       __xc_a                     10003044     corelibc:crt0init.obj
 0002:0000004c       __xc_z                     1000304c     corelibc:crt0init.obj
 0002:00000050       __xi_a                     10003050     corelibc:crt0init.obj
 0002:00000054       __xi_z                     10003054     corelibc:crt0init.obj
 0002:00000058       __xp_a                     10003058     corelibc:crt0init.obj
 0002:0000005c       __xp_z                     1000305c     corelibc:crt0init.obj
 0002:00000060       __xt_a                     10003060     corelibc:crt0init.obj
 0002:00000064       __xt_z                     10003064     corelibc:crt0init.obj
 0002:00000068       g_SDClientApiFunctions     10003068     sdcardlib:sdcardapistubs.obj
 0002:00000098       g_funcRealloc              10003098     sdcardlib:utilmem.obj
 0002:0000009c       g_funcFree                 1000309c     sdcardlib:utilmem.obj
 0002:000000a0       g_funcAlloc                100030a0     sdcardlib:utilmem.obj
 0002:000000a4       __security_cookie_complement 100030a4     corelibc:seccook.obj
 0002:000000a8       __security_cookie          100030a8     corelibc:seccook.obj
 0002:000002c0       g_pvFreeData               100032c0     sdcardlib:utilmem.obj
 0002:000002c4       g_pvAllocData              100032c4     sdcardlib:utilmem.obj
 0002:000002c8       __onexitend                100032c8     <common>
 0002:000002cc       __onexitbegin              100032cc     <common>
 0002:000002d0       _exitflag                  100032d0     <common>
 0002:000002d4       _pRawDllMain               100032d4     <common>

 entry point at        0001:00000ec4

 Static symbols

 0001:00000620       IntInterruptCallback       10001620 f   sdio_now.obj
 0001:0000071c       SdNowBlockModeTransfer     1000171c f   sdio_now.obj
 0001:000007e8       SdNowByteModeTransfer      100017e8 f   sdio_now.obj
 0001:00001020       doexit                     10002020 f   corelibc:crt0dat.obj
